Microchip MPLAB XC8 Compiler V1.41 ()

Linker command line:

-W-3 --edf=/opt/microchip/xc8/v1.41/dat/en_msgs.txt -cs \
  -h+dist/default/production/Rayito3.X.production.sym \
  --cmf=dist/default/production/Rayito3.X.production.cmf -z -Q18F4550 \
  -o/tmp/xcXWcRNyv -Mdist/default/production/Rayito3.X.production.map -E1 \
  -ver=XC8 -ASTACK=0139h-07ffh -pstack=STACK -ACODE=00h-07FFFh \
  -ACONST=00h-07FFFh -ASMALLCONST=0800h-08FFhx120 \
  -AMEDIUMCONST=0800h-07FFFh -ACOMRAM=01h-05Fh -AABS1=00h-07FFh \
  -ABIGRAM=01h-07FFh -ARAM=060h-0FFh,0100h-01FFhx7 -ABANK0=060h-0FFh \
  -ABANK1=0100h-01FFh -ABANK2=0200h-02FFh -ABANK3=0300h-03FFh \
  -ABANK4=0400h-04FFh -ABANK5=0500h-05FFh -ABANK6=0600h-06FFh \
  -ABANK7=0700h-07FFh -ASFR=0F60h-0FFFh \
  -preset_vec=00h,intcode=08h,intcodelo,powerup,init -pramtop=0800h \
  -psmallconst=SMALLCONST -pmediumconst=MEDIUMCONST -pconst=CONST \
  -AFARRAM=00h-00h -ACONFIG=0300000h-030000Dh -pconfig=CONFIG \
  -AIDLOC=0200000h-0200007h -pidloc=IDLOC -AEEDATA=0F00000h-0F000FFh \
  -peeprom_data=EEDATA \
  -prdata=COMRAM,nvrram=COMRAM,nvbit=COMRAM,rbss=COMRAM,rbit=COMRAM \
  -pfarbss=FARRAM,fardata=FARRAM,nvFARRAM=FARRAM \
  -pintsave_regs=BIGRAM,bigbss=BIGRAM,bigdata=BIGRAM -pbss=RAM \
  -pidata=CODE,irdata=CODE,ibigdata=CODE,ifardata=CODE -prparam=COMRAM \
  /tmp/xcXvg9R5v.obj dist/default/production/Rayito3.X.production.obj 

Object code version is 3.11

Machine type is 18F4550

Call graph: (short form)




                Name                               Link     Load   Length Selector   Space Scale
/tmp/xcXvg9R5v.obj
                init                                  E        E        4        4       0
                reset_vec                             0        0        4        0       0
                idloc                            200000   200000        8   200000       0
                config                           300000   300000        E   300000       0
dist/default/production/Rayito3.X.production.obj
                intcode                               8        8        6        4       0
                temp                                 4E       4E        1        1       1
                mediumconst                        7E2C     7E2C      1D4     3F16       0
                intcode_body                       1B42     1B42       CC        4       0
                text36                             1F34     1F34       84        4       0
                text35                             209C     209C       6A        4       0
                text34                             1CBC     1CBC       AC        4       0
                text33                             1C0E     1C0E       AE        4       0
                text32                             22BC     22BC       38        4       0
                text31                             1EA4     1EA4       90        4       0
                text30                             23C6     23C6       24        4       0
                text29                             1854     1854      12E        4       0
                text28                             202A     202A       72        4       0
                text27                             227E     227E       3E        4       0
                text26                             2354     2354       2A        4       0
                text25                             2326     2326       2E        4       0
                text24                             21AE     21AE       4E        4       0
                text23                             23A2     23A2       24        4       0
                text22                             1A76     1A76       CC        4       0
                text21                             2106     2106       56        4       0
                text20                              DAE      DAE      36E        4       0
                text19                             1D68     1D68       A2        4       0
                text18                             1E0A     1E0A       9A        4       0
                text17                             2408     2408       1A        4       0
                text16                             215C     215C       52        4       0
                text15                             21FC     21FC       42        4       0
                text14                             22F4     22F4       32        4       0
                text13                             23EA     23EA       1E        4       0
                text12                             2438     2438        C        4       0
                text11                             111C     111C      2CC        4       0
                text10                              90C      90C      4A2        4       0
                text9                              246C     246C        A        4       0
                text8                              2462     2462        A        4       0
                text7                              2458     2458        A        4       0
                text6                              244E     244E        A        4       0
                text5                              237E     237E       24        4       0
                text4                              1982     1982       F4        4       0
                text3                              16A8     16A8      1AC        4       0
                text2                              223E     223E       40        4       0
                text1                              13E8     13E8      2C0        4       0
                text0                                12       12      8FA        4       0
                cstackCOMRAM                          1        1       3D        1       1
                cstackBANK0                          B0       B0       28       60       1
                cstackBANK1                         124      124       15      100       1
                bssBANK1                            100      100       24      100       1
                dataBANK0                            D8       D8       16       60       1
                bssBANK0                             60       60       50       60       1
                dataCOMRAM                           3E       3E        A        1       1
                bssCOMRAM                            48       48        6        1       1
                cinit                              1FB8     1FB8       72        4       0
                idataBANK0                         2422     2422       16        4       0
                idataCOMRAM                        2444     2444        A        4       0

TOTAL           Name                               Link     Load   Length     Space
        CLASS   STACK          

        CLASS   CODE           
                intcode                               8        8        6         0
                init                                  E        E        4         0
                reset_vec                             0        0        4         0
                intcode_body                       1B42     1B42       CC         0
                text36                             1F34     1F34       84         0
                text35                             209C     209C       6A         0
                text34                             1CBC     1CBC       AC         0
                text33                             1C0E     1C0E       AE         0
                text32                             22BC     22BC       38         0
                text31                             1EA4     1EA4       90         0
                text30                             23C6     23C6       24         0
                text29                             1854     1854      12E         0
                text28                             202A     202A       72         0
                text27                             227E     227E       3E         0
                text26                             2354     2354       2A         0
                text25                             2326     2326       2E         0
                text24                             21AE     21AE       4E         0
                text23                             23A2     23A2       24         0
                text22                             1A76     1A76       CC         0
                text21                             2106     2106       56         0
                text20                              DAE      DAE      36E         0
                text19                             1D68     1D68       A2         0
                text18                             1E0A     1E0A       9A         0
                text17                             2408     2408       1A         0
                text16                             215C     215C       52         0
                text15                             21FC     21FC       42         0
                text14                             22F4     22F4       32         0
                text13                             23EA     23EA       1E         0
                text12                             2438     2438        C         0
                text11                             111C     111C      2CC         0
                text10                              90C      90C      4A2         0
                text9                              246C     246C        A         0
                text8                              2462     2462        A         0
                text7                              2458     2458        A         0
                text6                              244E     244E        A         0
                text5                              237E     237E       24         0
                text4                              1982     1982       F4         0
                text3                              16A8     16A8      1AC         0
                text2                              223E     223E       40         0
                text1                              13E8     13E8      2C0         0
                text0                                12       12      8FA         0
                cinit                              1FB8     1FB8       72         0
                idataBANK0                         2422     2422       16         0
                idataCOMRAM                        2444     2444        A         0

        CLASS   CONST          

        CLASS   SMALLCONST     

        CLASS   MEDIUMCONST    
                mediumconst                        7E2C     7E2C      1D4         0

        CLASS   COMRAM         
                temp                                 4E       4E        1         1
                cstackCOMRAM                          1        1       3D         1
                dataCOMRAM                           3E       3E        A         1
                bssCOMRAM                            48       48        6         1

        CLASS   ABS1           

        CLASS   BIGRAM         

        CLASS   RAM            

        CLASS   BANK0          
                cstackBANK0                          B0       B0       28         1
                dataBANK0                            D8       D8       16         1
                bssBANK0                             60       60       50         1

        CLASS   BANK1          
                cstackBANK1                         124      124       15         1
                bssBANK1                            100      100       24         1

        CLASS   BANK2          

        CLASS   BANK3          

        CLASS   BANK4          

        CLASS   BANK5          

        CLASS   BANK6          

        CLASS   BANK7          

        CLASS   SFR            

        CLASS   FARRAM         

        CLASS   CONFIG         
                config                           300000   300000        E         0

        CLASS   IDLOC          
                idloc                            200000   200000        8         0

        CLASS   EEDATA         



SEGMENTS        Name                           Load    Length   Top    Selector   Space  Class

                reset_vec                      000000  000004  000004         0       0  CODE    
                cstackCOMRAM                   000001  00004E  00004F         1       1  COMRAM  
                intcode                        000008  00246E  002476         4       0  CODE    
                bssBANK0                       000060  00008E  0000EE        60       1  BANK0   
                bssBANK1                       000100  000039  000139       100       1  BANK1   
                mediumconst                    007E2C  0001D4  008000      3F16       0  MEDIUMCO
                idloc                          200000  000008  200008    200000       0  IDLOC   
                config                         300000  00000E  30000E    300000       0  CONFIG  


UNUSED ADDRESS RANGES

        Name                Unused          Largest block    Delta
        BANK0            0000EE-0000FF               12
        BANK1            000139-0001FF               C7
        BANK2            000200-0002FF              100
        BANK3            000300-0003FF              100
        BANK4            000400-0004FF              100
        BANK5            000500-0005FF              100
        BANK6            000600-0006FF              100
        BANK7            000700-0007FF              100
        BIGRAM           00004F-00005F               11
                         0000EE-0000FF               12
                         000139-0007FF              6C7
        CODE             000004-000007                4
                         002476-007E2B             59B6
        COMRAM           00004F-00005F               11
        CONST            000004-000007                4
                         002476-007E2B             59B6
        EEDATA           F00000-F000FF              100
        MEDIUMCONST      002476-007E2B             59B6
        RAM              0000EE-0000FF               12
                         000139-0007FF              100
        SFR              000F60-000FFF               A0
        SMALLCONST       002476-007E2B              100
        STACK            000139-0007FF              6C7

                                  Symbol Table

?___aldiv                cstackCOMRAM 00001D
?___almod                cstackCOMRAM 000011
?___awdiv                cstackCOMRAM 000011
?___awtoft               cstackCOMRAM 000019
?___ftadd                cstackCOMRAM 00002C
?___ftmul                cstackCOMRAM 00001D
?___ftneg                cstackCOMRAM 000011
?___ftpack               cstackCOMRAM 000011
?___ftsub                cstackCOMRAM 000038
?___fttol                cstackCOMRAM 000038
?___lmul                 cstackCOMRAM 000011
?___lwdiv                cstackCOMRAM 000011
?___lwmod                cstackCOMRAM 000018
?___wmul                 cstackBANK0  0000BB
?_printf                 cstackBANK0  0000BF
EnhancedRead@aux         cstackCOMRAM 00001A
EnhancedRead@i           cstackCOMRAM 00001C
MotorASpeed@S            cstackCOMRAM 000019
MotorBSpeed@S            cstackCOMRAM 000019
_ADCON0bits              (abs)        000FC2
_ADCON1bits              (abs)        000FC1
_ADCON2bits              (abs)        000FC0
_ADRESH                  (abs)        000FC4
_ADRESL                  (abs)        000FC3
_BAUDCONbits             (abs)        000FB8
_CCP1CONbits             (abs)        000FBD
_CCP2CONbits             (abs)        000FBA
_CCPR1L                  (abs)        000FBE
_CCPR2L                  (abs)        000FBB
_CMCON                   (abs)        000FB4
_EnhancedRead            text35       00209C
_INTCON2bits             (abs)        000FF1
_INTCONbits              (abs)        000FF2
_MotorASpeed             text19       001D68
_MotorBSpeed             text18       001E0A
_MotorsPWM               text27       00227E
_OSCCONbits              (abs)        000FD3
_PORTAbits               (abs)        000F80
_PORTBbits               (abs)        000F81
_PORTCbits               (abs)        000F82
_PORTDbits               (abs)        000F83
_PORTEbits               (abs)        000F84
_PR2                     (abs)        000FCB
_RCONbits                (abs)        000FD0
_RCSTAbits               (abs)        000FAB
_SPBRG                   (abs)        000FAF
_SPBRGH                  (abs)        000FB0
_T0CONbits               (abs)        000FD5
_T1CONbits               (abs)        000FCD
_T2CKPS0                 (abs)        007E50
_T2CKPS1                 (abs)        007E51
_T2CONbits               (abs)        000FCA
_T2OUTPS0                (abs)        007E53
_T2OUTPS1                (abs)        007E54
_T2OUTPS2                (abs)        007E55
_T2OUTPS3                (abs)        007E56
_TMR0H                   (abs)        000FD7
_TMR0IF                  (abs)        007F92
_TMR0L                   (abs)        000FD6
_TMR1H                   (abs)        000FCF
_TMR1L                   (abs)        000FCE
_TMR2ON                  (abs)        007E52
_TRISAbits               (abs)        000F92
_TRISBbits               (abs)        000F93
_TRISCbits               (abs)        000F94
_TRISDbits               (abs)        000F95
_TRISEbits               (abs)        000F96
_TXIF                    (abs)        007CF4
_TXREG                   (abs)        000FAD
_TXSTAbits               (abs)        000FAC
_UCFGbits                (abs)        000F6F
_UCONbits                (abs)        000F6D
__CFG_BOR$OFF            (abs)        000000
__CFG_BORV$3             (abs)        000000
__CFG_CCP2MX$OFF         (abs)        000000
__CFG_CP0$OFF            (abs)        000000
__CFG_CP1$OFF            (abs)        000000
__CFG_CP2$OFF            (abs)        000000
__CFG_CP3$OFF            (abs)        000000
__CFG_CPB$OFF            (abs)        000000
__CFG_CPD$OFF            (abs)        000000
__CFG_CPUDIV$OSC1_PLL2   (abs)        000000
__CFG_DEBUG$OFF          (abs)        000000
__CFG_EBTR0$OFF          (abs)        000000
__CFG_EBTR1$OFF          (abs)        000000
__CFG_EBTR2$OFF          (abs)        000000
__CFG_EBTR3$OFF          (abs)        000000
__CFG_EBTRB$OFF          (abs)        000000
__CFG_FCMEN$OFF          (abs)        000000
__CFG_FOSC$HSPLL_HS      (abs)        000000
__CFG_ICPRT$OFF          (abs)        000000
__CFG_IESO$OFF           (abs)        000000
__CFG_LPT1OSC$OFF        (abs)        000000
__CFG_LVP$OFF            (abs)        000000
__CFG_MCLRE$OFF          (abs)        000000
__CFG_PBADEN$OFF         (abs)        000000
__CFG_PLLDIV$5           (abs)        000000
__CFG_PWRT$OFF           (abs)        000000
__CFG_STVREN$ON          (abs)        000000
__CFG_USBDIV$2           (abs)        000000
__CFG_VREGEN$OFF         (abs)        000000
__CFG_WDT$OFF            (abs)        000000
__CFG_WDTPS$32768        (abs)        000000
__CFG_WRT0$OFF           (abs)        000000
__CFG_WRT1$OFF           (abs)        000000
__CFG_WRT2$OFF           (abs)        000000
__CFG_WRT3$OFF           (abs)        000000
__CFG_WRTB$OFF           (abs)        000000
__CFG_WRTC$OFF           (abs)        000000
__CFG_WRTD$OFF           (abs)        000000
__CFG_XINST$OFF          (abs)        000000
__HRAM                   (abs)        000000
__Habs1                  abs1         000000
__Hbank0                 bank0        000000
__Hbank1                 bank1        000000
__Hbank2                 bank2        000000
__Hbank3                 bank3        000000
__Hbank4                 bank4        000000
__Hbank5                 bank5        000000
__Hbank6                 bank6        000000
__Hbank7                 bank7        000000
__Hbigbss                bigbss       000000
__Hbigdata               bigdata      000000
__Hbigram                bigram       000000
__Hbss                   bss          000000
__HbssBANK0              bssBANK0     000000
__HbssBANK1              bssBANK1     000000
__HbssCOMRAM             bssCOMRAM    000000
__Hcinit                 cinit        000000
__Hclrtext               clrtext      000000
__Hcomram                comram       000000
__Hconfig                config       30000E
__Hconst                 const        000000
__HcstackBANK0           cstackBANK0  000000
__HcstackBANK1           cstackBANK1  000000
__HcstackCOMRAM          cstackCOMRAM 000000
__Hdata                  data         000000
__HdataBANK0             dataBANK0    000000
__HdataCOMRAM            dataCOMRAM   000000
__Heeprom_data           eeprom_data  000000
__Hfarbss                farbss       000000
__Hfardata               fardata      000000
__Hibigdata              ibigdata     000000
__Hidata                 idata        000000
__HidataBANK0            idataBANK0   000000
__HidataCOMRAM           idataCOMRAM  000000
__Hidloc                 idloc        200008
__Hifardata              ifardata     000000
__Hinit                  init         000012
__Hintcode               intcode      00000E
__Hintcode_body          intcode_body 000000
__Hintcodelo             intcodelo    00000E
__Hintentry              intentry     000000
__Hintret                intret       000000
__Hintsave_regs          intsave_regs 000000
__Hirdata                irdata       000000
__Hmediumconst           mediumconst  008000
__HnvFARRAM              nvFARRAM     000000
__Hnvbit                 nvbit        000000
__Hnvrram                nvrram       000000
__Hparam                 rparam       000000
__Hpowerup               powerup      00000E
__Hram                   ram          000000
__Hramtop                ramtop       000800
__Hrbit                  rbit         000000
__Hrbss                  rbss         000000
__Hrdata                 rdata        000000
__Hreset_vec             reset_vec    000004
__Hrparam                rparam       000000
__Hsfr                   sfr          000000
__Hsmallconst            smallconst   000000
__Hspace_0               (abs)        30000E
__Hspace_1               (abs)        000139
__Hspace_2               (abs)        000000
__Hstack                 stack        000000
__Hstruct                struct       000000
__Htemp                  temp         00004F
__Htext                  text         000000
__Htext0                 text0        000000
__Htext1                 text1        000000
__Htext10                text10       000000
__Htext11                text11       000000
__Htext12                text12       000000
__Htext13                text13       000000
__Htext14                text14       000000
__Htext15                text15       000000
__Htext16                text16       000000
__Htext17                text17       000000
__Htext18                text18       000000
__Htext19                text19       000000
__Htext2                 text2        000000
__Htext20                text20       000000
__Htext21                text21       000000
__Htext22                text22       000000
__Htext23                text23       000000
__Htext24                text24       000000
__Htext25                text25       000000
__Htext26                text26       000000
__Htext27                text27       000000
__Htext28                text28       000000
__Htext29                text29       000000
__Htext3                 text3        000000
__Htext30                text30       000000
__Htext31                text31       000000
__Htext32                text32       000000
__Htext33                text33       000000
__Htext34                text34       000000
__Htext35                text35       000000
__Htext36                text36       000000
__Htext4                 text4        000000
__Htext5                 text5        000000
__Htext6                 text6        000000
__Htext7                 text7        000000
__Htext8                 text8        000000
__Htext9                 text9        000000
__LRAM                   (abs)        000001
__Labs1                  abs1         000000
__Lbank0                 bank0        000000
__Lbank1                 bank1        000000
__Lbank2                 bank2        000000
__Lbank3                 bank3        000000
__Lbank4                 bank4        000000
__Lbank5                 bank5        000000
__Lbank6                 bank6        000000
__Lbank7                 bank7        000000
__Lbigbss                bigbss       000000
__Lbigdata               bigdata      000000
__Lbigram                bigram       000000
__Lbss                   bss          000000
__LbssBANK0              bssBANK0     000000
__LbssBANK1              bssBANK1     000000
__LbssCOMRAM             bssCOMRAM    000000
__Lcinit                 cinit        000000
__Lclrtext               clrtext      000000
__Lcomram                comram       000000
__Lconfig                config       300000
__Lconst                 const        000000
__LcstackBANK0           cstackBANK0  000000
__LcstackBANK1           cstackBANK1  000000
__LcstackCOMRAM          cstackCOMRAM 000000
__Ldata                  data         000000
__LdataBANK0             dataBANK0    000000
__LdataCOMRAM            dataCOMRAM   000000
__Leeprom_data           eeprom_data  000000
__Lfarbss                farbss       000000
__Lfardata               fardata      000000
__Libigdata              ibigdata     000000
__Lidata                 idata        000000
__LidataBANK0            idataBANK0   000000
__LidataCOMRAM           idataCOMRAM  000000
__Lidloc                 idloc        200000
__Lifardata              ifardata     000000
__Linit                  init         00000E
__Lintcode               intcode      000008
__Lintcode_body          intcode_body 000000
__Lintcodelo             intcodelo    00000E
__Lintentry              intentry     000000
__Lintret                intret       000000
__Lintsave_regs          intsave_regs 000000
__Lirdata                irdata       000000
__Lmediumconst           mediumconst  007E2C
__LnvFARRAM              nvFARRAM     000000
__Lnvbit                 nvbit        000000
__Lnvrram                nvrram       000000
__Lparam                 rparam       000000
__Lpowerup               powerup      00000E
__Lram                   ram          000000
__Lramtop                ramtop       000800
__Lrbit                  rbit         000000
__Lrbss                  rbss         000000
__Lrdata                 rdata        000000
__Lreset_vec             reset_vec    000000
__Lrparam                rparam       000000
__Lsfr                   sfr          000000
__Lsmallconst            smallconst   000000
__Lspace_0               (abs)        000000
__Lspace_1               (abs)        000000
__Lspace_2               (abs)        000000
__Lstack                 stack        000000
__Lstruct                struct       000000
__Ltemp                  temp         00004E
__Ltext                  text         000000
__Ltext0                 text0        000000
__Ltext1                 text1        000000
__Ltext10                text10       000000
__Ltext11                text11       000000
__Ltext12                text12       000000
__Ltext13                text13       000000
__Ltext14                text14       000000
__Ltext15                text15       000000
__Ltext16                text16       000000
__Ltext17                text17       000000
__Ltext18                text18       000000
__Ltext19                text19       000000
__Ltext2                 text2        000000
__Ltext20                text20       000000
__Ltext21                text21       000000
__Ltext22                text22       000000
__Ltext23                text23       000000
__Ltext24                text24       000000
__Ltext25                text25       000000
__Ltext26                text26       000000
__Ltext27                text27       000000
__Ltext28                text28       000000
__Ltext29                text29       000000
__Ltext3                 text3        000000
__Ltext30                text30       000000
__Ltext31                text31       000000
__Ltext32                text32       000000
__Ltext33                text33       000000
__Ltext34                text34       000000
__Ltext35                text35       000000
__Ltext36                text36       000000
__Ltext4                 text4        000000
__Ltext5                 text5        000000
__Ltext6                 text6        000000
__Ltext7                 text7        000000
__Ltext8                 text8        000000
__Ltext9                 text9        000000
__S0                     (abs)        30000E
__S1                     (abs)        000139
__S2                     (abs)        000000
___aldiv                 text22       001A76
___aldiv@counter         cstackCOMRAM 000025
___aldiv@dividend        cstackCOMRAM 00001D
___aldiv@divisor         cstackCOMRAM 000021
___aldiv@quotient        cstackCOMRAM 000027
___aldiv@sign            cstackCOMRAM 000026
___almod                 text34       001CBC
___almod@counter         cstackCOMRAM 000019
___almod@dividend        cstackCOMRAM 000011
___almod@divisor         cstackCOMRAM 000015
___almod@sign            cstackCOMRAM 00001A
___awdiv                 text36       001F34
___awdiv@counter         cstackCOMRAM 000015
___awdiv@dividend        cstackCOMRAM 000011
___awdiv@divisor         cstackCOMRAM 000013
___awdiv@quotient        cstackCOMRAM 000017
___awdiv@sign            cstackCOMRAM 000016
___awtoft                text32       0022BC
___awtoft@c              cstackCOMRAM 000019
___awtoft@sign           cstackCOMRAM 00001C
___ftadd                 text3        0016A8
___ftadd@exp1            cstackCOMRAM 000037
___ftadd@exp2            cstackCOMRAM 000036
___ftadd@f1              cstackCOMRAM 00002C
___ftadd@f2              cstackCOMRAM 00002F
___ftadd@sign            cstackCOMRAM 000035
___ftge                  text31       001EA4
___ftge@ff1              cstackCOMRAM 000011
___ftge@ff2              cstackCOMRAM 000014
___ftmul                 text4        001982
___ftmul@cntr            cstackCOMRAM 00002A
___ftmul@exp             cstackCOMRAM 000026
___ftmul@f1              cstackCOMRAM 00001D
___ftmul@f2              cstackCOMRAM 000020
___ftmul@f3_as_product   cstackCOMRAM 000027
___ftmul@sign            cstackCOMRAM 00002B
___ftneg                 text30       0023C6
___ftneg@f1              cstackCOMRAM 000011
___ftpack                text33       001C0E
___ftpack@arg            cstackCOMRAM 000011
___ftpack@exp            cstackCOMRAM 000014
___ftpack@sign           cstackCOMRAM 000015
___ftsub                 text2        00223E
___ftsub@f1              cstackCOMRAM 000038
___ftsub@f2              cstackCOMRAM 00003B
___fttol                 text29       001854
___fttol@exp1            cstackBANK0  0000BA
___fttol@f1              cstackCOMRAM 000038
___fttol@lval            cstackBANK0  0000B6
___fttol@sign1           cstackBANK0  0000B5
___inthi_sp              stack        000000
___intlo_sp              stack        000000
___lmul                  text21       002106
___lmul@multiplicand     cstackCOMRAM 000015
___lmul@multiplier       cstackCOMRAM 000011
___lmul@product          cstackCOMRAM 000019
___lwdiv                 text16       00215C
___lwdiv@counter         cstackCOMRAM 000015
___lwdiv@dividend        cstackCOMRAM 000011
___lwdiv@divisor         cstackCOMRAM 000013
___lwdiv@quotient        cstackCOMRAM 000016
___lwmod                 text15       0021FC
___lwmod@counter         cstackCOMRAM 00001C
___lwmod@dividend        cstackCOMRAM 000018
___lwmod@divisor         cstackCOMRAM 00001A
___param_bank            (abs)        000000
___rparam_used           (abs)        000001
___sp                    stack        000000
___wmul                  text14       0022F4
___wmul@multiplicand     cstackBANK0  0000BD
___wmul@multiplier       cstackBANK0  0000BB
___wmul@product          cstackCOMRAM 00003C
__accesstop              (abs)        000060
__activetblptr           (abs)        000002
__end_of_EnhancedRead    text35       002106
__end_of_MotorASpeed     text19       001E0A
__end_of_MotorBSpeed     text18       001EA4
__end_of_MotorsPWM       text27       0022BC
__end_of___aldiv         text22       001B42
__end_of___almod         text34       001D68
__end_of___awdiv         text36       001FB8
__end_of___awtoft        text32       0022F4
__end_of___ftadd         text3        001854
__end_of___ftge          text31       001F34
__end_of___ftmul         text4        001A76
__end_of___ftneg         text30       0023EA
__end_of___ftpack        text33       001CBC
__end_of___ftsub         text2        00227E
__end_of___fttol         text29       001982
__end_of___lmul          text21       00215C
__end_of___lwdiv         text16       0021AE
__end_of___lwmod         text15       00223E
__end_of___wmul          text14       002326
__end_of__initialization cinit        00201C
__end_of_an_init         text26       00237E
__end_of_dpowers         mediumconst  007E37
__end_of_enc             intcode_body 001C0E
__end_of_init_cal        text28       00209C
__end_of_init_io         text25       002354
__end_of_init_tms        text24       0021FC
__end_of_init_wixel      text23       0023C6
__end_of_isdigit         text13       002408
__end_of_line_cal        text20       00111C
__end_of_main            text0        00090C
__end_of_mspeed          text17       002422
__end_of_printf          text11       0013E8
__end_of_putch           text12       002444
__end_of_read_cal        text10       000DAE
__end_of_setA            text9        002476
__end_of_setB            text8        00246C
__end_of_setC            text7        002462
__end_of_setD            text6        002458
__end_of_twidde_start    text5        0023A2
__end_of_twiddle_update  text1        0016A8
__initialization         cinit        001FB8
__mediumconst            mediumconst  007E2C
__pbssBANK0              bssBANK0     000060
__pbssBANK1              bssBANK1     000100
__pbssCOMRAM             bssCOMRAM    000048
__pcinit                 cinit        001FB8
__pcstackBANK0           cstackBANK0  0000B0
__pcstackBANK1           cstackBANK1  000124
__pcstackCOMRAM          cstackCOMRAM 000001
__pdataBANK0             dataBANK0    0000D8
__pdataCOMRAM            dataCOMRAM   00003E
__pidataBANK0            idataBANK0   002422
__pidataCOMRAM           idataCOMRAM  002444
__pintcode               intcode      000008
__pintcode_body          intcode_body 001B42
__pmediumconst           mediumconst  007E2C
__ptext0                 text0        000012
__ptext1                 text1        0013E8
__ptext10                text10       00090C
__ptext11                text11       00111C
__ptext12                text12       002438
__ptext13                text13       0023EA
__ptext14                text14       0022F4
__ptext15                text15       0021FC
__ptext16                text16       00215C
__ptext17                text17       002408
__ptext18                text18       001E0A
__ptext19                text19       001D68
__ptext2                 text2        00223E
__ptext20                text20       000DAE
__ptext21                text21       002106
__ptext22                text22       001A76
__ptext23                text23       0023A2
__ptext24                text24       0021AE
__ptext25                text25       002326
__ptext26                text26       002354
__ptext27                text27       00227E
__ptext28                text28       00202A
__ptext29                text29       001854
__ptext3                 text3        0016A8
__ptext30                text30       0023C6
__ptext31                text31       001EA4
__ptext32                text32       0022BC
__ptext33                text33       001C0E
__ptext34                text34       001CBC
__ptext35                text35       00209C
__ptext36                text36       001F34
__ptext4                 text4        001982
__ptext5                 text5        00237E
__ptext6                 text6        00244E
__ptext7                 text7        002458
__ptext8                 text8        002462
__ptext9                 text9        00246C
__ramtop                 ramtop       000800
__size_of_EnhancedRead   (abs)        000000
__size_of_MotorASpeed    (abs)        000000
__size_of_MotorBSpeed    (abs)        000000
__size_of_MotorsPWM      (abs)        000000
__size_of___aldiv        (abs)        000000
__size_of___almod        (abs)        000000
__size_of___awdiv        (abs)        000000
__size_of___awtoft       (abs)        000000
__size_of___ftadd        (abs)        000000
__size_of___ftge         (abs)        000000
__size_of___ftmul        (abs)        000000
__size_of___ftneg        (abs)        000000
__size_of___ftpack       (abs)        000000
__size_of___ftsub        (abs)        000000
__size_of___fttol        (abs)        000000
__size_of___lmul         (abs)        000000
__size_of___lwdiv        (abs)        000000
__size_of___lwmod        (abs)        000000
__size_of___wmul         (abs)        000000
__size_of_an_init        (abs)        000000
__size_of_enc            (abs)        000000
__size_of_init_cal       (abs)        000000
__size_of_init_io        (abs)        000000
__size_of_init_tms       (abs)        000000
__size_of_init_wixel     (abs)        000000
__size_of_isdigit        (abs)        000000
__size_of_line_cal       (abs)        000000
__size_of_main           (abs)        000000
__size_of_mspeed         (abs)        000000
__size_of_printf         (abs)        000000
__size_of_putch          (abs)        000000
__size_of_read_cal       (abs)        000000
__size_of_setA           (abs)        000000
__size_of_setB           (abs)        000000
__size_of_setC           (abs)        000000
__size_of_setD           (abs)        000000
__size_of_twidde_start   (abs)        000000
__size_of_twiddle_update (abs)        000000
__smallconst             smallconst   000000
_an                      bssBANK0     00009E
_an_init                 text26       002354
_best_err                bssCOMRAM    00004A
_calval                  bssBANK1     000100
_ckd                     dataBANK0    0000E6
_ckp                     dataCOMRAM   000042
_cs                      dataBANK0    0000E2
_dpowers                 mediumconst  007E2D
_enc                     intcode      000008
_es                      dataCOMRAM   00003E
_i                       bssCOMRAM    00004C
_init_cal                text28       00202A
_init_io                 text25       002326
_init_tms                text24       0021AE
_init_wixel              text23       0023A2
_intern                  bssCOMRAM    000048
_isdigit                 text13       0023EA
_isdigit$1966            cstackCOMRAM 000012
_kd                      dataBANK0    0000E9
_kp                      dataCOMRAM   000045
_line_cal                text20       000DAE
_line_cal$2289           cstackBANK0  0000B0
_lp                      bssBANK0     00008A
_ls                      dataBANK0    0000D8
_main                    text0        000012
_main$2288               cstackBANK1  00012A
_maxs                    bssBANK1     000112
_mins                    bssBANK0     00008C
_mspeed                  text17       002408
_old_lp                  bssBANK0     000088
_printf                  text11       00111C
_putch                   text12       002438
_read_cal                text10       00090C
_read_cal$530            cstackCOMRAM 00001A
_read_cal$532            cstackCOMRAM 00001C
_read_cal$534            cstackCOMRAM 00001E
_read_cal$536            cstackCOMRAM 000020
_setA                    text9        00246C
_setB                    text8        002462
_setC                    text7        002458
_setD                    text6        00244E
_status                  dataBANK0    0000EC
_time                    bssBANK0     000060
_twidde_start            text5        00237E
_twiddle_update          text1        0013E8
_twiddle_update$1718     cstackBANK0  0000B3
_twiddle_update$1719     cstackBANK0  0000B5
btemp                    temp         00004E
end_of_initialization    cinit        00201C
init_cal@i               cstackCOMRAM 000011
int$flags                temp         00004E
int_func                 intcode_body 001B42
intlevel0                text         000000
intlevel1                text         000000
intlevel2                text         000000
intlevel3                text         000000
isdigit@c                cstackCOMRAM 000013
line_cal@a               cstackBANK0  0000B4
line_cal@aux             cstackBANK0  0000C2
line_cal@b               cstackBANK0  0000B8
line_cal@i               cstackBANK0  0000C4
line_cal@j               cstackBANK0  0000C6
line_cal@ok              cstackBANK0  0000BC
line_cal@value           cstackBANK0  0000BE
main@a                   cstackBANK1  000126
main@b                   cstackBANK1  000128
main@der                 cstackBANK1  000124
main@dif                 cstackBANK1  000130
main@faux                cstackBANK1  00012E
main@fs                  cstackBANK1  00012C
main@i                   cstackBANK1  000137
main@i_362               cstackBANK1  000135
main@speed               cstackBANK1  000133
mspeed@a                 cstackBANK0  0000BB
mspeed@b                 cstackBANK0  0000BD
printf@ap                cstackBANK0  0000CB
printf@c                 cstackBANK0  0000D3
printf@f                 cstackBANK0  0000BF
printf@flag              cstackBANK0  0000D0
printf@prec              cstackBANK0  0000CD
printf@val               cstackBANK0  0000CE
printf@width             cstackBANK0  0000D1
putch@data               cstackCOMRAM 000011
read_cal@i               cstackCOMRAM 000022
stackhi                  (abs)        0007FF
stacklo                  (abs)        000139
start                    init         00000E
start_initialization     cinit        001FB8


FUNCTION INFORMATION:

 *************** function _main *****************
 Defined at:
		line 24 in file "main.c"
 Parameters:    Size  Location     Type
		None
 Auto vars:     Size  Location     Type
  i               2   17[BANK1 ] int 
  i               2   19[BANK1 ] int 
  dif             3   12[BANK1 ] int 
  speed           2   15[BANK1 ] int 
  der             2    0[BANK1 ] int 
  faux            2   10[BANK1 ] int 
  fs              2    8[BANK1 ] int 
  b               2    4[BANK1 ] int 
  a               2    2[BANK1 ] int 
 Return value:  Size  Location     Type
                  1    wreg      void 
 Registers used:
		wreg, fsr1l, fsr1h, fsr2l, fsr2h, status,2, status,0, tblptrl, tblptrh, tblptru, prodl, prodh, cstack
 Tracked objects:
		On entry : 
		On exit  : 
		Unchanged: 
 Data sizes:     COMRAM   BANK0   BANK1   BANK2   BANK3   BANK4   BANK5   BANK6   BANK7
      Params:         0       0       0       0       0       0       0       0       0
      Locals:         0       0      21       0       0       0       0       0       0
      Temps:          0       4       0       0       0       0       0       0       0
      Totals:         0       4      21       0       0       0       0       0       0
Total ram usage:       25 bytes
 Hardware stack levels required when called:    5
 This function calls:
		_EnhancedRead
		___almod
		___awtoft
		___ftadd
		___ftge
		___ftmul
		___ftneg
		___fttol
		___wmul
		_init_cal
		_init_tms
		_init_wixel
		_line_cal
		_mspeed
		_printf
		_read_cal
		_setA
		_setB
		_setC
		_setD
		_twidde_start
		_twiddle_update
 This function is called by:
		Startup code after reset
 This function uses a non-reentrant model


 *************** function _twiddle_update *****************
 Defined at:
		line 24 in file "twiddle.c"
 Parameters:    Size  Location     Type
		None
 Auto vars:     Size  Location     Type
		None
 Return value:  Size  Location     Type
                  1    wreg      void 
 Registers used:
		wreg, status,2, status,0, cstack
 Tracked objects:
		On entry : 
		On exit  : 
		Unchanged: 
 Data sizes:     COMRAM   BANK0   BANK1   BANK2   BANK3   BANK4   BANK5   BANK6   BANK7
      Params:         0       0       0       0       0       0       0       0       0
      Locals:         0       4       0       0       0       0       0       0       0
      Temps:          0       3       0       0       0       0       0       0       0
      Totals:         0       7       0       0       0       0       0       0       0
Total ram usage:        7 bytes
 Hardware stack levels used:    1
 Hardware stack levels required when called:    4
 This function calls:
		___ftadd
		___ftmul
		___ftsub
 This function is called by:
		_main
 This function uses a non-reentrant model


 *************** function ___ftsub *****************
 Defined at:
		line 20 in file "/opt/microchip/xc8/v1.41/sources/common/ftsub.c"
 Parameters:    Size  Location     Type
  f1              3   55[COMRAM] float 
  f2              3   58[COMRAM] float 
 Auto vars:     Size  Location     Type
		None
 Return value:  Size  Location     Type
                  3   55[COMRAM] float 
 Registers used:
		wreg, status,2, status,0, cstack
 Tracked objects:
		On entry : 
		On exit  : 
		Unchanged: 
 Data sizes:     COMRAM   BANK0   BANK1   BANK2   BANK3   BANK4   BANK5   BANK6   BANK7
      Params:         6       0       0       0       0       0       0       0       0
      Locals:         0       0       0       0       0       0       0       0       0
      Temps:          0       0       0       0       0       0       0       0       0
      Totals:         6       0       0       0       0       0       0       0       0
Total ram usage:        6 bytes
 Hardware stack levels used:    1
 Hardware stack levels required when called:    3
 This function calls:
		___ftadd
 This function is called by:
		_twiddle_update
 This function uses a non-reentrant model


 *************** function ___ftadd *****************
 Defined at:
		line 86 in file "/opt/microchip/xc8/v1.41/sources/common/ftadd.c"
 Parameters:    Size  Location     Type
  f1              3   43[COMRAM] float 
  f2              3   46[COMRAM] float 
 Auto vars:     Size  Location     Type
  exp1            1   54[COMRAM] unsigned char 
  exp2            1   53[COMRAM] unsigned char 
  sign            1   52[COMRAM] unsigned char 
 Return value:  Size  Location     Type
                  3   43[COMRAM] float 
 Registers used:
		wreg, status,2, status,0, cstack
 Tracked objects:
		On entry : 
		On exit  : 
		Unchanged: 
 Data sizes:     COMRAM   BANK0   BANK1   BANK2   BANK3   BANK4   BANK5   BANK6   BANK7
      Params:         6       0       0       0       0       0       0       0       0
      Locals:         3       0       0       0       0       0       0       0       0
      Temps:          3       0       0       0       0       0       0       0       0
      Totals:        12       0       0       0       0       0       0       0       0
Total ram usage:       12 bytes
 Hardware stack levels used:    1
 Hardware stack levels required when called:    2
 This function calls:
		___ftpack
 This function is called by:
		_main
		_twiddle_update
		___ftsub
 This function uses a non-reentrant model


 *************** function ___ftmul *****************
 Defined at:
		line 62 in file "/opt/microchip/xc8/v1.41/sources/common/ftmul.c"
 Parameters:    Size  Location     Type
  f1              3   28[COMRAM] float 
  f2              3   31[COMRAM] float 
 Auto vars:     Size  Location     Type
  f3_as_produc    3   38[COMRAM] unsigned um
  sign            1   42[COMRAM] unsigned char 
  cntr            1   41[COMRAM] unsigned char 
  exp             1   37[COMRAM] unsigned char 
 Return value:  Size  Location     Type
                  3   28[COMRAM] float 
 Registers used:
		wreg, status,2, status,0, cstack
 Tracked objects:
		On entry : 
		On exit  : 
		Unchanged: 
 Data sizes:     COMRAM   BANK0   BANK1   BANK2   BANK3   BANK4   BANK5   BANK6   BANK7
      Params:         6       0       0       0       0       0       0       0       0
      Locals:         6       0       0       0       0       0       0       0       0
      Temps:          3       0       0       0       0       0       0       0       0
      Totals:        15       0       0       0       0       0       0       0       0
Total ram usage:       15 bytes
 Hardware stack levels used:    1
 Hardware stack levels required when called:    2
 This function calls:
		___ftpack
 This function is called by:
		_main
		_twiddle_update
 This function uses a non-reentrant model


 *************** function _twidde_start *****************
 Defined at:
		line 18 in file "twiddle.c"
 Parameters:    Size  Location     Type
		None
 Auto vars:     Size  Location     Type
		None
 Return value:  Size  Location     Type
                  1    wreg      void 
 Registers used:
		wreg, status,2
 Tracked objects:
		On entry : 
		On exit  : 
		Unchanged: 
 Data sizes:     COMRAM   BANK0   BANK1   BANK2   BANK3   BANK4   BANK5   BANK6   BANK7
      Params:         0       0       0       0       0       0       0       0       0
      Locals:         0       0       0       0       0       0       0       0       0
      Temps:          0       0       0       0       0       0       0       0       0
      Totals:         0       0       0       0       0       0       0       0       0
Total ram usage:        0 bytes
 Hardware stack levels used:    1
 Hardware stack levels required when called:    1
 This function calls:
		Nothing
 This function is called by:
		_main
 This function uses a non-reentrant model


 *************** function _setD *****************
 Defined at:
		line 24 in file "utils.c"
 Parameters:    Size  Location     Type
		None
 Auto vars:     Size  Location     Type
		None
 Return value:  Size  Location     Type
                  1    wreg      void 
 Registers used:
		None
 Tracked objects:
		On entry : 
		On exit  : 
		Unchanged: 
 Data sizes:     COMRAM   BANK0   BANK1   BANK2   BANK3   BANK4   BANK5   BANK6   BANK7
      Params:         0       0       0       0       0       0       0       0       0
      Locals:         0       0       0       0       0       0       0       0       0
      Temps:          0       0       0       0       0       0       0       0       0
      Totals:         0       0       0       0       0       0       0       0       0
Total ram usage:        0 bytes
 Hardware stack levels used:    1
 Hardware stack levels required when called:    1
 This function calls:
		Nothing
 This function is called by:
		_main
 This function uses a non-reentrant model


 *************** function _setC *****************
 Defined at:
		line 18 in file "utils.c"
 Parameters:    Size  Location     Type
		None
 Auto vars:     Size  Location     Type
		None
 Return value:  Size  Location     Type
                  1    wreg      void 
 Registers used:
		None
 Tracked objects:
		On entry : 
		On exit  : 
		Unchanged: 
 Data sizes:     COMRAM   BANK0   BANK1   BANK2   BANK3   BANK4   BANK5   BANK6   BANK7
      Params:         0       0       0       0       0       0       0       0       0
      Locals:         0       0       0       0       0       0       0       0       0
      Temps:          0       0       0       0       0       0       0       0       0
      Totals:         0       0       0       0       0       0       0       0       0
Total ram usage:        0 bytes
 Hardware stack levels used:    1
 Hardware stack levels required when called:    1
 This function calls:
		Nothing
 This function is called by:
		_main
 This function uses a non-reentrant model


 *************** function _setB *****************
 Defined at:
		line 12 in file "utils.c"
 Parameters:    Size  Location     Type
		None
 Auto vars:     Size  Location     Type
		None
 Return value:  Size  Location     Type
                  1    wreg      void 
 Registers used:
		None
 Tracked objects:
		On entry : 
		On exit  : 
		Unchanged: 
 Data sizes:     COMRAM   BANK0   BANK1   BANK2   BANK3   BANK4   BANK5   BANK6   BANK7
      Params:         0       0       0       0       0       0       0       0       0
      Locals:         0       0       0       0       0       0       0       0       0
      Temps:          0       0       0       0       0       0       0       0       0
      Totals:         0       0       0       0       0       0       0       0       0
Total ram usage:        0 bytes
 Hardware stack levels used:    1
 Hardware stack levels required when called:    1
 This function calls:
		Nothing
 This function is called by:
		_main
 This function uses a non-reentrant model


 *************** function _setA *****************
 Defined at:
		line 5 in file "utils.c"
 Parameters:    Size  Location     Type
		None
 Auto vars:     Size  Location     Type
		None
 Return value:  Size  Location     Type
                  1    wreg      void 
 Registers used:
		None
 Tracked objects:
		On entry : 
		On exit  : 
		Unchanged: 
 Data sizes:     COMRAM   BANK0   BANK1   BANK2   BANK3   BANK4   BANK5   BANK6   BANK7
      Params:         0       0       0       0       0       0       0       0       0
      Locals:         0       0       0       0       0       0       0       0       0
      Temps:          0       0       0       0       0       0       0       0       0
      Totals:         0       0       0       0       0       0       0       0       0
Total ram usage:        0 bytes
 Hardware stack levels used:    1
 Hardware stack levels required when called:    1
 This function calls:
		Nothing
 This function is called by:
		_main
 This function uses a non-reentrant model


 *************** function _read_cal *****************
 Defined at:
		line 47 in file "analog.c"
 Parameters:    Size  Location     Type
		None
 Auto vars:     Size  Location     Type
  i               2   33[COMRAM] int 
 Return value:  Size  Location     Type
                  2   34[None  ] int 
 Registers used:
		wreg, fsr1l, fsr1h, fsr2l, fsr2h, status,2, status,0
 Tracked objects:
		On entry : 
		On exit  : 
		Unchanged: 
 Data sizes:     COMRAM   BANK0   BANK1   BANK2   BANK3   BANK4   BANK5   BANK6   BANK7
      Params:         0       0       0       0       0       0       0       0       0
      Locals:        10       0       0       0       0       0       0       0       0
      Temps:          9       0       0       0       0       0       0       0       0
      Totals:        19       0       0       0       0       0       0       0       0
Total ram usage:       19 bytes
 Hardware stack levels used:    1
 Hardware stack levels required when called:    1
 This function calls:
		Nothing
 This function is called by:
		_main
 This function uses a non-reentrant model


 *************** function _printf *****************
 Defined at:
		line 464 in file "/opt/microchip/xc8/v1.41/sources/common/doprnt.c"
 Parameters:    Size  Location     Type
  f               2   15[BANK0 ] PTR const unsigned char 
		 -> STR_11(41), STR_10(40), STR_9(45), STR_8(44), 
		 -> STR_7(43), STR_6(36), STR_5(47), STR_4(46), 
		 -> STR_3(35), STR_2(39), STR_1(39), 
 Auto vars:     Size  Location     Type
  tmpval          4    0        struct .
  cp              3    0        PTR const unsigned char 
  width           2   33[BANK0 ] int 
  val             2   30[BANK0 ] unsigned int 
  ap              2   27[BANK0 ] PTR void [1]
		 -> ?_printf(2), 
  len             2    0        unsigned int 
  c               1   35[BANK0 ] char 
  flag            1   32[BANK0 ] unsigned char 
  prec            1   29[BANK0 ] char 
 Return value:  Size  Location     Type
                  2   15[BANK0 ] int 
 Registers used:
		wreg, fsr2l, fsr2h, status,2, status,0, tblptrl, tblptrh, tblptru, prodl, prodh, cstack
 Tracked objects:
		On entry : 
		On exit  : 
		Unchanged: 
 Data sizes:     COMRAM   BANK0   BANK1   BANK2   BANK3   BANK4   BANK5   BANK6   BANK7
      Params:         0       8       0       0       0       0       0       0       0
      Locals:         0       9       0       0       0       0       0       0       0
      Temps:          0       4       0       0       0       0       0       0       0
      Totals:         0      21       0       0       0       0       0       0       0
Total ram usage:       21 bytes
 Hardware stack levels used:    1
 Hardware stack levels required when called:    2
 This function calls:
		___lwdiv
		___lwmod
		___wmul
		_isdigit
		_putch
 This function is called by:
		_main
 This function uses a non-reentrant model


 *************** function _putch *****************
 Defined at:
		line 24 in file "wixel.c"
 Parameters:    Size  Location     Type
  data            1    wreg     unsigned char 
 Auto vars:     Size  Location     Type
  data            1   16[COMRAM] unsigned char 
 Return value:  Size  Location     Type
                  1    wreg      void 
 Registers used:
		wreg
 Tracked objects:
		On entry : 
		On exit  : 
		Unchanged: 
 Data sizes:     COMRAM   BANK0   BANK1   BANK2   BANK3   BANK4   BANK5   BANK6   BANK7
      Params:         0       0       0       0       0       0       0       0       0
      Locals:         1       0       0       0       0       0       0       0       0
      Temps:          0       0       0       0       0       0       0       0       0
      Totals:         1       0       0       0       0       0       0       0       0
Total ram usage:        1 bytes
 Hardware stack levels used:    1
 Hardware stack levels required when called:    1
 This function calls:
		Nothing
 This function is called by:
		_printf
 This function uses a non-reentrant model


 *************** function _isdigit *****************
 Defined at:
		line 8 in file "/opt/microchip/xc8/v1.41/sources/common/isdigit.c"
 Parameters:    Size  Location     Type
  c               1    wreg     unsigned char 
 Auto vars:     Size  Location     Type
  c               1   18[COMRAM] unsigned char 
 Return value:  Size  Location     Type
		None               void
 Registers used:
		wreg, status,2, status,0
 Tracked objects:
		On entry : 
		On exit  : 
		Unchanged: 
 Data sizes:     COMRAM   BANK0   BANK1   BANK2   BANK3   BANK4   BANK5   BANK6   BANK7
      Params:         0       0       0       0       0       0       0       0       0
      Locals:         2       0       0       0       0       0       0       0       0
      Temps:          1       0       0       0       0       0       0       0       0
      Totals:         3       0       0       0       0       0       0       0       0
Total ram usage:        3 bytes
 Hardware stack levels used:    1
 Hardware stack levels required when called:    1
 This function calls:
		Nothing
 This function is called by:
		_printf
 This function uses a non-reentrant model


 *************** function ___wmul *****************
 Defined at:
		line 15 in file "/opt/microchip/xc8/v1.41/sources/common/Umul16.c"
 Parameters:    Size  Location     Type
  multiplier      2   11[BANK0 ] unsigned int 
  multiplicand    2   13[BANK0 ] unsigned int 
 Auto vars:     Size  Location     Type
  product         2   59[COMRAM] unsigned int 
 Return value:  Size  Location     Type
                  2   11[BANK0 ] unsigned int 
 Registers used:
		wreg, status,2, status,0, prodl, prodh
 Tracked objects:
		On entry : 
		On exit  : 
		Unchanged: 
 Data sizes:     COMRAM   BANK0   BANK1   BANK2   BANK3   BANK4   BANK5   BANK6   BANK7
      Params:         0       4       0       0       0       0       0       0       0
      Locals:         2       0       0       0       0       0       0       0       0
      Temps:          0       0       0       0       0       0       0       0       0
      Totals:         2       4       0       0       0       0       0       0       0
Total ram usage:        6 bytes
 Hardware stack levels used:    1
 Hardware stack levels required when called:    1
 This function calls:
		Nothing
 This function is called by:
		_main
		_printf
 This function uses a non-reentrant model


 *************** function ___lwmod *****************
 Defined at:
		line 8 in file "/opt/microchip/xc8/v1.41/sources/common/lwmod.c"
 Parameters:    Size  Location     Type
  dividend        2   23[COMRAM] unsigned int 
  divisor         2   25[COMRAM] unsigned int 
 Auto vars:     Size  Location     Type
  counter         1   27[COMRAM] unsigned char 
 Return value:  Size  Location     Type
                  2   23[COMRAM] unsigned int 
 Registers used:
		wreg, status,2, status,0
 Tracked objects:
		On entry : 
		On exit  : 
		Unchanged: 
 Data sizes:     COMRAM   BANK0   BANK1   BANK2   BANK3   BANK4   BANK5   BANK6   BANK7
      Params:         4       0       0       0       0       0       0       0       0
      Locals:         1       0       0       0       0       0       0       0       0
      Temps:          0       0       0       0       0       0       0       0       0
      Totals:         5       0       0       0       0       0       0       0       0
Total ram usage:        5 bytes
 Hardware stack levels used:    1
 Hardware stack levels required when called:    1
 This function calls:
		Nothing
 This function is called by:
		_printf
 This function uses a non-reentrant model


 *************** function ___lwdiv *****************
 Defined at:
		line 8 in file "/opt/microchip/xc8/v1.41/sources/common/lwdiv.c"
 Parameters:    Size  Location     Type
  dividend        2   16[COMRAM] unsigned int 
  divisor         2   18[COMRAM] unsigned int 
 Auto vars:     Size  Location     Type
  quotient        2   21[COMRAM] unsigned int 
  counter         1   20[COMRAM] unsigned char 
 Return value:  Size  Location     Type
                  2   16[COMRAM] unsigned int 
 Registers used:
		wreg, status,2, status,0
 Tracked objects:
		On entry : 
		On exit  : 
		Unchanged: 
 Data sizes:     COMRAM   BANK0   BANK1   BANK2   BANK3   BANK4   BANK5   BANK6   BANK7
      Params:         4       0       0       0       0       0       0       0       0
      Locals:         3       0       0       0       0       0       0       0       0
      Temps:          0       0       0       0       0       0       0       0       0
      Totals:         7       0       0       0       0       0       0       0       0
Total ram usage:        7 bytes
 Hardware stack levels used:    1
 Hardware stack levels required when called:    1
 This function calls:
		Nothing
 This function is called by:
		_printf
 This function uses a non-reentrant model


 *************** function _mspeed *****************
 Defined at:
		line 107 in file "config.c"
 Parameters:    Size  Location     Type
  a               2   11[BANK0 ] int 
  b               2   13[BANK0 ] int 
 Auto vars:     Size  Location     Type
		None
 Return value:  Size  Location     Type
                  1    wreg      void 
 Registers used:
		wreg, status,2, status,0, cstack
 Tracked objects:
		On entry : 
		On exit  : 
		Unchanged: 
 Data sizes:     COMRAM   BANK0   BANK1   BANK2   BANK3   BANK4   BANK5   BANK6   BANK7
      Params:         0       4       0       0       0       0       0       0       0
      Locals:         0       0       0       0       0       0       0       0       0
      Temps:          0       0       0       0       0       0       0       0       0
      Totals:         0       4       0       0       0       0       0       0       0
Total ram usage:        4 bytes
 Hardware stack levels used:    1
 Hardware stack levels required when called:    3
 This function calls:
		_MotorASpeed
		_MotorBSpeed
 This function is called by:
		_main
 This function uses a non-reentrant model


 *************** function _MotorBSpeed *****************
 Defined at:
		line 95 in file "config.c"
 Parameters:    Size  Location     Type
  S               2   24[COMRAM] int 
 Auto vars:     Size  Location     Type
		None
 Return value:  Size  Location     Type
                  1    wreg      void 
 Registers used:
		wreg, status,2, status,0, cstack
 Tracked objects:
		On entry : 
		On exit  : 
		Unchanged: 
 Data sizes:     COMRAM   BANK0   BANK1   BANK2   BANK3   BANK4   BANK5   BANK6   BANK7
      Params:         2       0       0       0       0       0       0       0       0
      Locals:         0       0       0       0       0       0       0       0       0
      Temps:          1       0       0       0       0       0       0       0       0
      Totals:         3       0       0       0       0       0       0       0       0
Total ram usage:        3 bytes
 Hardware stack levels used:    1
 Hardware stack levels required when called:    2
 This function calls:
		___awdiv
 This function is called by:
		_mspeed
 This function uses a non-reentrant model


 *************** function _MotorASpeed *****************
 Defined at:
		line 84 in file "config.c"
 Parameters:    Size  Location     Type
  S               2   24[COMRAM] int 
 Auto vars:     Size  Location     Type
		None
 Return value:  Size  Location     Type
                  1    wreg      void 
 Registers used:
		wreg, status,2, status,0, cstack
 Tracked objects:
		On entry : 
		On exit  : 
		Unchanged: 
 Data sizes:     COMRAM   BANK0   BANK1   BANK2   BANK3   BANK4   BANK5   BANK6   BANK7
      Params:         2       0       0       0       0       0       0       0       0
      Locals:         0       0       0       0       0       0       0       0       0
      Temps:          1       0       0       0       0       0       0       0       0
      Totals:         3       0       0       0       0       0       0       0       0
Total ram usage:        3 bytes
 Hardware stack levels used:    1
 Hardware stack levels required when called:    2
 This function calls:
		___awdiv
 This function is called by:
		_mspeed
 This function uses a non-reentrant model


 *************** function _line_cal *****************
 Defined at:
		line 57 in file "analog.c"
 Parameters:    Size  Location     Type
		None
 Auto vars:     Size  Location     Type
  value           4   14[BANK0 ] long 
  b               4    8[BANK0 ] long 
  a               4    4[BANK0 ] long 
  j               2   22[BANK0 ] int 
  i               2   20[BANK0 ] int 
  aux             2   18[BANK0 ] int 
  ok              2   12[BANK0 ] int 
 Return value:  Size  Location     Type
                  2   42[None  ] int 
 Registers used:
		wreg, fsr2l, fsr2h, status,2, status,0, cstack
 Tracked objects:
		On entry : 
		On exit  : 
		Unchanged: 
 Data sizes:     COMRAM   BANK0   BANK1   BANK2   BANK3   BANK4   BANK5   BANK6   BANK7
      Params:         0       0       0       0       0       0       0       0       0
      Locals:         0      24       0       0       0       0       0       0       0
      Temps:          4       0       0       0       0       0       0       0       0
      Totals:         4      24       0       0       0       0       0       0       0
Total ram usage:       28 bytes
 Hardware stack levels used:    1
 Hardware stack levels required when called:    2
 This function calls:
		___aldiv
		___lmul
 This function is called by:
		_main
 This function uses a non-reentrant model


 *************** function ___lmul *****************
 Defined at:
		line 15 in file "/opt/microchip/xc8/v1.41/sources/common/Umul32.c"
 Parameters:    Size  Location     Type
  multiplier      4   16[COMRAM] unsigned long 
  multiplicand    4   20[COMRAM] unsigned long 
 Auto vars:     Size  Location     Type
  product         4   24[COMRAM] unsigned long 
 Return value:  Size  Location     Type
                  4   16[COMRAM] unsigned long 
 Registers used:
		wreg, status,2, status,0
 Tracked objects:
		On entry : 
		On exit  : 
		Unchanged: 
 Data sizes:     COMRAM   BANK0   BANK1   BANK2   BANK3   BANK4   BANK5   BANK6   BANK7
      Params:         8       0       0       0       0       0       0       0       0
      Locals:         4       0       0       0       0       0       0       0       0
      Temps:          0       0       0       0       0       0       0       0       0
      Totals:        12       0       0       0       0       0       0       0       0
Total ram usage:       12 bytes
 Hardware stack levels used:    1
 Hardware stack levels required when called:    1
 This function calls:
		Nothing
 This function is called by:
		_line_cal
 This function uses a non-reentrant model


 *************** function ___aldiv *****************
 Defined at:
		line 8 in file "/opt/microchip/xc8/v1.41/sources/common/aldiv.c"
 Parameters:    Size  Location     Type
  dividend        4   28[COMRAM] long 
  divisor         4   32[COMRAM] long 
 Auto vars:     Size  Location     Type
  quotient        4   38[COMRAM] long 
  sign            1   37[COMRAM] unsigned char 
  counter         1   36[COMRAM] unsigned char 
 Return value:  Size  Location     Type
                  4   28[COMRAM] long 
 Registers used:
		wreg, status,2, status,0
 Tracked objects:
		On entry : 
		On exit  : 
		Unchanged: 
 Data sizes:     COMRAM   BANK0   BANK1   BANK2   BANK3   BANK4   BANK5   BANK6   BANK7
      Params:         8       0       0       0       0       0       0       0       0
      Locals:         6       0       0       0       0       0       0       0       0
      Temps:          0       0       0       0       0       0       0       0       0
      Totals:        14       0       0       0       0       0       0       0       0
Total ram usage:       14 bytes
 Hardware stack levels used:    1
 Hardware stack levels required when called:    1
 This function calls:
		Nothing
 This function is called by:
		_line_cal
 This function uses a non-reentrant model


 *************** function _init_wixel *****************
 Defined at:
		line 4 in file "wixel.c"
 Parameters:    Size  Location     Type
		None
 Auto vars:     Size  Location     Type
		None
 Return value:  Size  Location     Type
                  2    4[None  ] int 
 Registers used:
		wreg, status,2
 Tracked objects:
		On entry : 
		On exit  : 
		Unchanged: 
 Data sizes:     COMRAM   BANK0   BANK1   BANK2   BANK3   BANK4   BANK5   BANK6   BANK7
      Params:         0       0       0       0       0       0       0       0       0
      Locals:         0       0       0       0       0       0       0       0       0
      Temps:          0       0       0       0       0       0       0       0       0
      Totals:         0       0       0       0       0       0       0       0       0
Total ram usage:        0 bytes
 Hardware stack levels used:    1
 Hardware stack levels required when called:    1
 This function calls:
		Nothing
 This function is called by:
		_main
 This function uses a non-reentrant model


 *************** function _init_tms *****************
 Defined at:
		line 7 in file "config.c"
 Parameters:    Size  Location     Type
		None
 Auto vars:     Size  Location     Type
		None
 Return value:  Size  Location     Type
                  1    wreg      void 
 Registers used:
		wreg, status,2, cstack
 Tracked objects:
		On entry : 
		On exit  : 
		Unchanged: 
 Data sizes:     COMRAM   BANK0   BANK1   BANK2   BANK3   BANK4   BANK5   BANK6   BANK7
      Params:         0       0       0       0       0       0       0       0       0
      Locals:         0       0       0       0       0       0       0       0       0
      Temps:          0       0       0       0       0       0       0       0       0
      Totals:         0       0       0       0       0       0       0       0       0
Total ram usage:        0 bytes
 Hardware stack levels used:    1
 Hardware stack levels required when called:    2
 This function calls:
		_MotorsPWM
		_an_init
		_init_io
 This function is called by:
		_main
 This function uses a non-reentrant model


 *************** function _init_io *****************
 Defined at:
		line 6 in file "io.c"
 Parameters:    Size  Location     Type
		None
 Auto vars:     Size  Location     Type
		None
 Return value:  Size  Location     Type
                  1    wreg      void 
 Registers used:
		None
 Tracked objects:
		On entry : 
		On exit  : 
		Unchanged: 
 Data sizes:     COMRAM   BANK0   BANK1   BANK2   BANK3   BANK4   BANK5   BANK6   BANK7
      Params:         0       0       0       0       0       0       0       0       0
      Locals:         0       0       0       0       0       0       0       0       0
      Temps:          0       0       0       0       0       0       0       0       0
      Totals:         0       0       0       0       0       0       0       0       0
Total ram usage:        0 bytes
 Hardware stack levels used:    1
 Hardware stack levels required when called:    1
 This function calls:
		Nothing
 This function is called by:
		_init_tms
 This function uses a non-reentrant model


 *************** function _an_init *****************
 Defined at:
		line 16 in file "analog.c"
 Parameters:    Size  Location     Type
		None
 Auto vars:     Size  Location     Type
		None
 Return value:  Size  Location     Type
                  1    wreg      void 
 Registers used:
		wreg, status,2
 Tracked objects:
		On entry : 
		On exit  : 
		Unchanged: 
 Data sizes:     COMRAM   BANK0   BANK1   BANK2   BANK3   BANK4   BANK5   BANK6   BANK7
      Params:         0       0       0       0       0       0       0       0       0
      Locals:         0       0       0       0       0       0       0       0       0
      Temps:          0       0       0       0       0       0       0       0       0
      Totals:         0       0       0       0       0       0       0       0       0
Total ram usage:        0 bytes
 Hardware stack levels used:    1
 Hardware stack levels required when called:    1
 This function calls:
		Nothing
 This function is called by:
		_init_tms
 This function uses a non-reentrant model


 *************** function _MotorsPWM *****************
 Defined at:
		line 55 in file "config.c"
 Parameters:    Size  Location     Type
		None
 Auto vars:     Size  Location     Type
		None
 Return value:  Size  Location     Type
                  1    wreg      void 
 Registers used:
		wreg, status,2
 Tracked objects:
		On entry : 
		On exit  : 
		Unchanged: 
 Data sizes:     COMRAM   BANK0   BANK1   BANK2   BANK3   BANK4   BANK5   BANK6   BANK7
      Params:         0       0       0       0       0       0       0       0       0
      Locals:         0       0       0       0       0       0       0       0       0
      Temps:          0       0       0       0       0       0       0       0       0
      Totals:         0       0       0       0       0       0       0       0       0
Total ram usage:        0 bytes
 Hardware stack levels used:    1
 Hardware stack levels required when called:    1
 This function calls:
		Nothing
 This function is called by:
		_init_tms
 This function uses a non-reentrant model


 *************** function _init_cal *****************
 Defined at:
		line 41 in file "analog.c"
 Parameters:    Size  Location     Type
		None
 Auto vars:     Size  Location     Type
  i               2   16[COMRAM] int 
 Return value:  Size  Location     Type
                  2   32[None  ] int 
 Registers used:
		wreg, fsr2l, fsr2h, status,2, status,0
 Tracked objects:
		On entry : 
		On exit  : 
		Unchanged: 
 Data sizes:     COMRAM   BANK0   BANK1   BANK2   BANK3   BANK4   BANK5   BANK6   BANK7
      Params:         0       0       0       0       0       0       0       0       0
      Locals:         2       0       0       0       0       0       0       0       0
      Temps:          0       0       0       0       0       0       0       0       0
      Totals:         2       0       0       0       0       0       0       0       0
Total ram usage:        2 bytes
 Hardware stack levels used:    1
 Hardware stack levels required when called:    1
 This function calls:
		Nothing
 This function is called by:
		_main
 This function uses a non-reentrant model


 *************** function ___fttol *****************
 Defined at:
		line 44 in file "/opt/microchip/xc8/v1.41/sources/common/fttol.c"
 Parameters:    Size  Location     Type
  f1              3   55[COMRAM] float 
 Auto vars:     Size  Location     Type
  lval            4    6[BANK0 ] unsigned long 
  exp1            1   10[BANK0 ] unsigned char 
  sign1           1    5[BANK0 ] unsigned char 
 Return value:  Size  Location     Type
                  4   55[COMRAM] long 
 Registers used:
		wreg, status,2, status,0
 Tracked objects:
		On entry : 
		On exit  : 
		Unchanged: 
 Data sizes:     COMRAM   BANK0   BANK1   BANK2   BANK3   BANK4   BANK5   BANK6   BANK7
      Params:         4       0       0       0       0       0       0       0       0
      Locals:         0       6       0       0       0       0       0       0       0
      Temps:          0       5       0       0       0       0       0       0       0
      Totals:         4      11       0       0       0       0       0       0       0
Total ram usage:       15 bytes
 Hardware stack levels used:    1
 Hardware stack levels required when called:    1
 This function calls:
		Nothing
 This function is called by:
		_main
 This function uses a non-reentrant model


 *************** function ___ftneg *****************
 Defined at:
		line 15 in file "/opt/microchip/xc8/v1.41/sources/common/ftneg.c"
 Parameters:    Size  Location     Type
  f1              3   16[COMRAM] float 
 Auto vars:     Size  Location     Type
		None
 Return value:  Size  Location     Type
                  3   16[COMRAM] float 
 Registers used:
		wreg, status,2, status,0
 Tracked objects:
		On entry : 
		On exit  : 
		Unchanged: 
 Data sizes:     COMRAM   BANK0   BANK1   BANK2   BANK3   BANK4   BANK5   BANK6   BANK7
      Params:         3       0       0       0       0       0       0       0       0
      Locals:         0       0       0       0       0       0       0       0       0
      Temps:          0       0       0       0       0       0       0       0       0
      Totals:         3       0       0       0       0       0       0       0       0
Total ram usage:        3 bytes
 Hardware stack levels used:    1
 Hardware stack levels required when called:    1
 This function calls:
		Nothing
 This function is called by:
		_main
 This function uses a non-reentrant model


 *************** function ___ftge *****************
 Defined at:
		line 4 in file "/opt/microchip/xc8/v1.41/sources/common/ftge.c"
 Parameters:    Size  Location     Type
  ff1             3   16[COMRAM] float 
  ff2             3   19[COMRAM] float 
 Auto vars:     Size  Location     Type
		None
 Return value:  Size  Location     Type
		None               void
 Registers used:
		wreg, status,2, status,0
 Tracked objects:
		On entry : 
		On exit  : 
		Unchanged: 
 Data sizes:     COMRAM   BANK0   BANK1   BANK2   BANK3   BANK4   BANK5   BANK6   BANK7
      Params:         6       0       0       0       0       0       0       0       0
      Locals:         0       0       0       0       0       0       0       0       0
      Temps:          3       0       0       0       0       0       0       0       0
      Totals:         9       0       0       0       0       0       0       0       0
Total ram usage:        9 bytes
 Hardware stack levels used:    1
 Hardware stack levels required when called:    1
 This function calls:
		Nothing
 This function is called by:
		_main
 This function uses a non-reentrant model


 *************** function ___awtoft *****************
 Defined at:
		line 32 in file "/opt/microchip/xc8/v1.41/sources/common/awtoft.c"
 Parameters:    Size  Location     Type
  c               2   24[COMRAM] int 
 Auto vars:     Size  Location     Type
  sign            1   27[COMRAM] unsigned char 
 Return value:  Size  Location     Type
                  3   24[COMRAM] float 
 Registers used:
		wreg, status,2, status,0, cstack
 Tracked objects:
		On entry : 
		On exit  : 
		Unchanged: 
 Data sizes:     COMRAM   BANK0   BANK1   BANK2   BANK3   BANK4   BANK5   BANK6   BANK7
      Params:         3       0       0       0       0       0       0       0       0
      Locals:         1       0       0       0       0       0       0       0       0
      Temps:          0       0       0       0       0       0       0       0       0
      Totals:         4       0       0       0       0       0       0       0       0
Total ram usage:        4 bytes
 Hardware stack levels used:    1
 Hardware stack levels required when called:    2
 This function calls:
		___ftpack
 This function is called by:
		_main
 This function uses a non-reentrant model


 *************** function ___ftpack *****************
 Defined at:
		line 62 in file "/opt/microchip/xc8/v1.41/sources/common/float.c"
 Parameters:    Size  Location     Type
  arg             3   16[COMRAM] unsigned um
  exp             1   19[COMRAM] unsigned char 
  sign            1   20[COMRAM] unsigned char 
 Auto vars:     Size  Location     Type
		None
 Return value:  Size  Location     Type
                  3   16[COMRAM] float 
 Registers used:
		wreg, status,2, status,0
 Tracked objects:
		On entry : 
		On exit  : 
		Unchanged: 
 Data sizes:     COMRAM   BANK0   BANK1   BANK2   BANK3   BANK4   BANK5   BANK6   BANK7
      Params:         5       0       0       0       0       0       0       0       0
      Locals:         0       0       0       0       0       0       0       0       0
      Temps:          3       0       0       0       0       0       0       0       0
      Totals:         8       0       0       0       0       0       0       0       0
Total ram usage:        8 bytes
 Hardware stack levels used:    1
 Hardware stack levels required when called:    1
 This function calls:
		Nothing
 This function is called by:
		___awtoft
		___ftadd
		___ftmul
 This function uses a non-reentrant model


 *************** function ___almod *****************
 Defined at:
		line 8 in file "/opt/microchip/xc8/v1.41/sources/common/almod.c"
 Parameters:    Size  Location     Type
  dividend        4   16[COMRAM] long 
  divisor         4   20[COMRAM] long 
 Auto vars:     Size  Location     Type
  sign            1   25[COMRAM] unsigned char 
  counter         1   24[COMRAM] unsigned char 
 Return value:  Size  Location     Type
                  4   16[COMRAM] long 
 Registers used:
		wreg, status,2, status,0
 Tracked objects:
		On entry : 
		On exit  : 
		Unchanged: 
 Data sizes:     COMRAM   BANK0   BANK1   BANK2   BANK3   BANK4   BANK5   BANK6   BANK7
      Params:         8       0       0       0       0       0       0       0       0
      Locals:         2       0       0       0       0       0       0       0       0
      Temps:          0       0       0       0       0       0       0       0       0
      Totals:        10       0       0       0       0       0       0       0       0
Total ram usage:       10 bytes
 Hardware stack levels used:    1
 Hardware stack levels required when called:    1
 This function calls:
		Nothing
 This function is called by:
		_main
 This function uses a non-reentrant model


 *************** function _EnhancedRead *****************
 Defined at:
		line 29 in file "analog.c"
 Parameters:    Size  Location     Type
		None
 Auto vars:     Size  Location     Type
  aux             2   25[COMRAM] unsigned int 
  i               1   27[COMRAM] unsigned char 
 Return value:  Size  Location     Type
                  1    wreg      void 
 Registers used:
		wreg, fsr2l, fsr2h, status,2, status,0, prodl, prodh, cstack
 Tracked objects:
		On entry : 
		On exit  : 
		Unchanged: 
 Data sizes:     COMRAM   BANK0   BANK1   BANK2   BANK3   BANK4   BANK5   BANK6   BANK7
      Params:         0       0       0       0       0       0       0       0       0
      Locals:         3       0       0       0       0       0       0       0       0
      Temps:          1       0       0       0       0       0       0       0       0
      Totals:         4       0       0       0       0       0       0       0       0
Total ram usage:        4 bytes
 Hardware stack levels used:    1
 Hardware stack levels required when called:    2
 This function calls:
		___awdiv
 This function is called by:
		_main
 This function uses a non-reentrant model


 *************** function ___awdiv *****************
 Defined at:
		line 8 in file "/opt/microchip/xc8/v1.41/sources/common/awdiv.c"
 Parameters:    Size  Location     Type
  dividend        2   16[COMRAM] int 
  divisor         2   18[COMRAM] int 
 Auto vars:     Size  Location     Type
  quotient        2   22[COMRAM] int 
  sign            1   21[COMRAM] unsigned char 
  counter         1   20[COMRAM] unsigned char 
 Return value:  Size  Location     Type
                  2   16[COMRAM] int 
 Registers used:
		wreg, status,2, status,0
 Tracked objects:
		On entry : 
		On exit  : 
		Unchanged: 
 Data sizes:     COMRAM   BANK0   BANK1   BANK2   BANK3   BANK4   BANK5   BANK6   BANK7
      Params:         4       0       0       0       0       0       0       0       0
      Locals:         4       0       0       0       0       0       0       0       0
      Temps:          0       0       0       0       0       0       0       0       0
      Totals:         8       0       0       0       0       0       0       0       0
Total ram usage:        8 bytes
 Hardware stack levels used:    1
 Hardware stack levels required when called:    1
 This function calls:
		Nothing
 This function is called by:
		_EnhancedRead
		_MotorASpeed
		_MotorBSpeed
 This function uses a non-reentrant model


 *************** function _enc *****************
 Defined at:
		line 7 in file "timer.c"
 Parameters:    Size  Location     Type
		None
 Auto vars:     Size  Location     Type
		None
 Return value:  Size  Location     Type
                  1    wreg      void 
 Registers used:
		wreg, fsr2l, fsr2h, status,2, status,0
 Tracked objects:
		On entry : 
		On exit  : 
		Unchanged: 
 Data sizes:     COMRAM   BANK0   BANK1   BANK2   BANK3   BANK4   BANK5   BANK6   BANK7
      Params:         0       0       0       0       0       0       0       0       0
      Locals:         0       0       0       0       0       0       0       0       0
      Temps:         16       0       0       0       0       0       0       0       0
      Totals:        16       0       0       0       0       0       0       0       0
Total ram usage:       16 bytes
 Hardware stack levels used:    1
 This function calls:
		Nothing
 This function is called by:
		Interrupt level 2
 This function uses a non-reentrant model



MODULE INFORMATION

Module		Function		Class		Link	Load	Size
wixel.c
		_putch         		CODE           	2438	0000	13
		_init_wixel    		CODE           	23A2	0000	37

wixel.c estimated size: 50

/opt/microchip/xc8/v1.41/sources/common/lwdiv.c
		___lwdiv       		CODE           	215C	0000	83

/opt/microchip/xc8/v1.41/sources/common/lwdiv.c estimated size: 83

/opt/microchip/xc8/v1.41/sources/common/awdiv.c
		___awdiv       		CODE           	1F34	0000	133

/opt/microchip/xc8/v1.41/sources/common/awdiv.c estimated size: 133

/opt/microchip/xc8/v1.41/sources/common/aldiv.c
		___aldiv       		CODE           	1A76	0000	205

/opt/microchip/xc8/v1.41/sources/common/aldiv.c estimated size: 205

/opt/microchip/xc8/v1.41/sources/common/Umul32.c
		___lmul        		CODE           	2106	0000	87

/opt/microchip/xc8/v1.41/sources/common/Umul32.c estimated size: 87

/opt/microchip/xc8/v1.41/sources/common/fttol.c
		___fttol       		CODE           	1854	0000	303

/opt/microchip/xc8/v1.41/sources/common/fttol.c estimated size: 303

io.c
		_init_io       		CODE           	2326	0000	47

io.c estimated size: 47

timer.c
		_enc           		CODE           	0008	0000	211

timer.c estimated size: 211

/opt/microchip/xc8/v1.41/sources/common/ftadd.c
		___ftadd       		CODE           	16A8	0000	429

/opt/microchip/xc8/v1.41/sources/common/ftadd.c estimated size: 429

/opt/microchip/xc8/v1.41/sources/common/awtoft.c
		___awtoft      		CODE           	22BC	0000	57

/opt/microchip/xc8/v1.41/sources/common/awtoft.c estimated size: 57

/opt/microchip/xc8/v1.41/sources/common/ftge.c
		___ftge        		CODE           	1EA4	0000	145

/opt/microchip/xc8/v1.41/sources/common/ftge.c estimated size: 145

/opt/microchip/xc8/v1.41/sources/common/isdigit.c
		_isdigit       		CODE           	23EA	0000	31

/opt/microchip/xc8/v1.41/sources/common/isdigit.c estimated size: 31

config.c
		_MotorsPWM     		CODE           	227E	0000	63
		_MotorBSpeed   		CODE           	1E0A	0000	155
		_init_tms      		CODE           	21AE	0000	79
		_MotorASpeed   		CODE           	1D68	0000	163
		_mspeed        		CODE           	2408	0000	27

config.c estimated size: 487

/opt/microchip/xc8/v1.41/sources/common/ftneg.c
		___ftneg       		CODE           	23C6	0000	37

/opt/microchip/xc8/v1.41/sources/common/ftneg.c estimated size: 37

/opt/microchip/xc8/v1.41/sources/common/doprnt.c
		_printf        		CODE           	111C	0000	717

/opt/microchip/xc8/v1.41/sources/common/doprnt.c estimated size: 717

/opt/microchip/xc8/v1.41/sources/common/ftsub.c
		___ftsub       		CODE           	223E	0000	65

/opt/microchip/xc8/v1.41/sources/common/ftsub.c estimated size: 65

/opt/microchip/xc8/v1.41/sources/common/float.c
		___ftpack      		CODE           	1C0E	0000	175

/opt/microchip/xc8/v1.41/sources/common/float.c estimated size: 175

shared
		_dpowers       		MEDIUMCONST    	7E2D	0000	11
		__initialization		CODE           	1FB8	0000	101

shared estimated size: 112

/opt/microchip/xc8/v1.41/sources/common/lwmod.c
		___lwmod       		CODE           	21FC	0000	67

/opt/microchip/xc8/v1.41/sources/common/lwmod.c estimated size: 67

utils.c
		_setA          		CODE           	246C	0000	11
		_setB          		CODE           	2462	0000	11
		_setC          		CODE           	2458	0000	11
		_setD          		CODE           	244E	0000	11

utils.c estimated size: 44

/opt/microchip/xc8/v1.41/sources/common/almod.c
		___almod       		CODE           	1CBC	0000	173

/opt/microchip/xc8/v1.41/sources/common/almod.c estimated size: 173

twiddle.c
		_twiddle_update		CODE           	13E8	0000	705
		_twidde_start  		CODE           	237E	0000	37

twiddle.c estimated size: 742

/opt/microchip/xc8/v1.41/sources/common/Umul16.c
		___wmul        		CODE           	22F4	0000	51

/opt/microchip/xc8/v1.41/sources/common/Umul16.c estimated size: 51

main.c
		_main          		CODE           	0012	0000	2299

main.c estimated size: 2299

/opt/microchip/xc8/v1.41/sources/common/ftmul.c
		___ftmul       		CODE           	1982	0000	245

/opt/microchip/xc8/v1.41/sources/common/ftmul.c estimated size: 245

analog.c
		_line_cal      		CODE           	0DAE	0000	879
		_init_cal      		CODE           	202A	0000	115
		_read_cal      		CODE           	090C	0000	1187
		_an_init       		CODE           	2354	0000	43
		_EnhancedRead  		CODE           	209C	0000	107

analog.c estimated size: 2331

