Microchip MPLAB XC8 Compiler V1.41 ()

Linker command line:

-W-3 --edf=/opt/microchip/xc8/v1.41/dat/en_msgs.txt -cs \
  -h+dist/default/debug/Rayito3.X.debug.sym \
  --cmf=dist/default/debug/Rayito3.X.debug.cmf -z -Q18F4550 \
  -o/tmp/xcXFlPiuf -Mdist/default/debug/Rayito3.X.debug.map -E1 -ver=XC8 \
  -ASTACK=0400h-07ffh -pstack=STACK -ACODE=00h-07CFFh -ACONST=00h-07CFFh \
  -ASMALLCONST=0800h-08FFhx117 -AMEDIUMCONST=0800h-07CFFh -ACOMRAM=01h-05Fh \
  -AABS1=00h-03EEh,0400h-07FFh -ABIGRAM=01h-03EEh,0400h-07FFh \
  -ARAM=060h-0FFh,0100h-01FFhx2,0300h-03EEh,0400h-04FFhx4 -ABANK0=060h-0FFh \
  -ABANK1=0100h-01FFh -ABANK2=0200h-02FFh -ABANK3=0300h-03EEh \
  -ABANK4=0400h-04FFh -ABANK5=0500h-05FFh -ABANK6=0600h-06FFh \
  -ABANK7=0700h-07FFh \
  -ASFR=0F60h-0F9Bh,0F9Dh-0FD3h,0FD5h-0FDAh,0FE0h-0FE2h,0FE8h-0FEAh,0FF0h-0FFBh \
  -preset_vec=00h,intcode=08h,intcodelo,powerup,init -pramtop=0800h \
  -psmallconst=SMALLCONST -pmediumconst=MEDIUMCONST -pconst=CONST \
  -AFARRAM=00h-00h -ACONFIG=0300000h-030000Dh -pconfig=CONFIG \
  -AIDLOC=0200000h-0200007h -pidloc=IDLOC -AEEDATA=0F00000h-0F000FFh \
  -peeprom_data=EEDATA \
  -prdata=COMRAM,nvrram=COMRAM,nvbit=COMRAM,rbss=COMRAM,rbit=COMRAM \
  -pfarbss=FARRAM,fardata=FARRAM,nvFARRAM=FARRAM \
  -pintsave_regs=BIGRAM,bigbss=BIGRAM,bigdata=BIGRAM -pbss=RAM \
  -pidata=CODE,irdata=CODE,ibigdata=CODE,ifardata=CODE -prparam=COMRAM \
  /tmp/xcXNl1szg.obj dist/default/debug/Rayito3.X.debug.obj 

Object code version is 3.11

Machine type is 18F4550

Call graph: (short form)




                Name                               Link     Load   Length Selector   Space Scale
/tmp/xcXNl1szg.obj
                init                                  E        E        4        4       0
                reset_vec                             0        0        6        0       0
                idloc                            200000   200000        8   200000       0
                config                           300000   300000        E   300000       0
dist/default/debug/Rayito3.X.debug.obj
                intcode                               8        8        6        4       0
                temp                                 4E       4E        1        1       1
                mediumconst                        7BF4     7BF4      10C     3DFA       0
                intcode_body                        E22      E22       CC        4       0
                text23                              F9A      F9A       84        4       0
                text22                             1090     1090       6A        4       0
                text21                              EEE      EEE       AC        4       0
                text20                             101E     101E       72        4       0
                text19                             127C     127C       3E        4       0
                text18                             12E8     12E8       2A        4       0
                text17                             12BA     12BA       2E        4       0
                text16                             1338     1338       24        4       0
                text15                             11A2     11A2       52        4       0
                text14                              D56      D56       CC        4       0
                text13                             10FA     10FA       56        4       0
                text12                             1312     1312       26        4       0
                text11                              4B4      4B4      350        4       0
                text10                             1150     1150       52        4       0
                text9                              123A     123A       42        4       0
                text8                              135C     135C       1E        4       0
                text7                              138C     138C        C        4       0
                text6                               B10      B10      246        4       0
                text5                                12       12      4A2        4       0
                text4                              13B6     13B6        A        4       0
                text3                              13AC     13AC        A        4       0
                text2                              13A2     13A2        A        4       0
                text1                              1398     1398        A        4       0
                text0                               804      804      30C        4       0
                cstackCOMRAM                          1        1       35        1       1
                cstackBANK0                          B6       B6       1A       60       1
                bssBANK0                             60       60       56       60       1
                dataCOMRAM                           36       36       12        1       1
                bssCOMRAM                            48       48        6        1       1
                cinit                              11F4     11F4       46        4       0
                idataCOMRAM                        137A     137A       12        4       0

TOTAL           Name                               Link     Load   Length     Space
        CLASS   STACK          

        CLASS   CODE           
                intcode                               8        8        6         0
                init                                  E        E        4         0
                reset_vec                             0        0        6         0
                intcode_body                        E22      E22       CC         0
                text23                              F9A      F9A       84         0
                text22                             1090     1090       6A         0
                text21                              EEE      EEE       AC         0
                text20                             101E     101E       72         0
                text19                             127C     127C       3E         0
                text18                             12E8     12E8       2A         0
                text17                             12BA     12BA       2E         0
                text16                             1338     1338       24         0
                text15                             11A2     11A2       52         0
                text14                              D56      D56       CC         0
                text13                             10FA     10FA       56         0
                text12                             1312     1312       26         0
                text11                              4B4      4B4      350         0
                text10                             1150     1150       52         0
                text9                              123A     123A       42         0
                text8                              135C     135C       1E         0
                text7                              138C     138C        C         0
                text6                               B10      B10      246         0
                text5                                12       12      4A2         0
                text4                              13B6     13B6        A         0
                text3                              13AC     13AC        A         0
                text2                              13A2     13A2        A         0
                text1                              1398     1398        A         0
                text0                               804      804      30C         0
                cinit                              11F4     11F4       46         0
                idataCOMRAM                        137A     137A       12         0

        CLASS   CONST          

        CLASS   SMALLCONST     

        CLASS   MEDIUMCONST    
                mediumconst                        7BF4     7BF4      10C         0

        CLASS   COMRAM         
                temp                                 4E       4E        1         1
                cstackCOMRAM                          1        1       35         1
                dataCOMRAM                           36       36       12         1
                bssCOMRAM                            48       48        6         1

        CLASS   ABS1           

        CLASS   BIGRAM         

        CLASS   RAM            

        CLASS   BANK0          
                cstackBANK0                          B6       B6       1A         1
                bssBANK0                             60       60       56         1

        CLASS   BANK1          

        CLASS   BANK2          

        CLASS   BANK3          

        CLASS   BANK4          

        CLASS   BANK5          

        CLASS   BANK6          

        CLASS   BANK7          

        CLASS   SFR            

        CLASS   FARRAM         

        CLASS   CONFIG         
                config                           300000   300000        E         0

        CLASS   IDLOC          
                idloc                            200000   200000        8         0

        CLASS   EEDATA         



SEGMENTS        Name                           Load    Length   Top    Selector   Space  Class

                reset_vec                      000000  000006  000006         0       0  CODE    
                cstackCOMRAM                   000001  00004E  00004F         1       1  COMRAM  
                intcode                        000008  0013B8  0013C0         4       0  CODE    
                bssBANK0                       000060  000070  0000D0        60       1  BANK0   
                mediumconst                    007BF4  00010C  007D00      3DFA       0  MEDIUMCO
                idloc                          200000  000008  200008    200000       0  IDLOC   
                config                         300000  00000E  30000E    300000       0  CONFIG  


UNUSED ADDRESS RANGES

        Name                Unused          Largest block    Delta
        BANK0            0000D0-0000FF               30
        BANK1            000100-0001FF              100
        BANK2            000200-0002FF              100
        BANK3            000300-0003EE               EF
        BANK4            000400-0004FF              100
        BANK5            000500-0005FF              100
        BANK6            000600-0006FF              100
        BANK7            000700-0007FF              100
        BIGRAM           00004F-00005F               11
                         0000D0-0003EE              31F
                         000400-0007FF              400
        CODE             000006-000007                2
                         0013C0-007BF3             6834
        COMRAM           00004F-00005F               11
        CONST            000006-000007                2
                         0013C0-007BF3             6834
        EEDATA           F00000-F000FF              100
        MEDIUMCONST      0013C0-007BF3             6834
        RAM              0000D0-0003EE              100
                         000400-0007FF              100
        SFR              000F60-000F9B               3C
                         000F9D-000FD3               37
                         000FD5-000FDA                6
                         000FE0-000FE2                3
                         000FE8-000FEA                3
                         000FF0-000FFB                C
        SMALLCONST       0013C0-007BF3              100
        STACK            000400-0007FF              400

                                  Symbol Table

?___aldiv                cstackCOMRAM 000011
?___almod                cstackCOMRAM 000011
?___awdiv                cstackCOMRAM 000017
?___lmul                 cstackCOMRAM 000011
?___lwdiv                cstackCOMRAM 000011
?___lwmod                cstackCOMRAM 000018
?___wmul                 cstackCOMRAM 000011
?_printf                 cstackCOMRAM 00001D
EnhancedRead@aux         cstackCOMRAM 000020
EnhancedRead@i           cstackCOMRAM 000022
_ADCON0bits              (abs)        000FC2
_ADCON1bits              (abs)        000FC1
_ADCON2bits              (abs)        000FC0
_ADRESH                  (abs)        000FC4
_ADRESL                  (abs)        000FC3
_BAUDCONbits             (abs)        000FB8
_CCP1CONbits             (abs)        000FBD
_CCP2CONbits             (abs)        000FBA
_CCPR1L                  (abs)        000FBE
_CCPR2L                  (abs)        000FBB
_CMCON                   (abs)        000FB4
_EnhancedRead            text22       001090
_INTCON2bits             (abs)        000FF1
_INTCONbits              (abs)        000FF2
_MotorsPWM               text19       00127C
_OSCCONbits              (abs)        000FD3
_PORTAbits               (abs)        000F80
_PORTBbits               (abs)        000F81
_PORTCbits               (abs)        000F82
_PORTDbits               (abs)        000F83
_PORTEbits               (abs)        000F84
_PR2                     (abs)        000FCB
_RCONbits                (abs)        000FD0
_RCSTAbits               (abs)        000FAB
_SPBRG                   (abs)        000FAF
_SPBRGH                  (abs)        000FB0
_T0CONbits               (abs)        000FD5
_T1CONbits               (abs)        000FCD
_T2CKPS0                 (abs)        007E50
_T2CKPS1                 (abs)        007E51
_T2CONbits               (abs)        000FCA
_T2OUTPS0                (abs)        007E53
_T2OUTPS1                (abs)        007E54
_T2OUTPS2                (abs)        007E55
_T2OUTPS3                (abs)        007E56
_TMR0H                   (abs)        000FD7
_TMR0IF                  (abs)        007F92
_TMR0L                   (abs)        000FD6
_TMR1H                   (abs)        000FCF
_TMR1L                   (abs)        000FCE
_TMR2ON                  (abs)        007E52
_TRISAbits               (abs)        000F92
_TRISBbits               (abs)        000F93
_TRISCbits               (abs)        000F94
_TRISDbits               (abs)        000F95
_TRISEbits               (abs)        000F96
_TXIF                    (abs)        007CF4
_TXREG                   (abs)        000FAD
_TXSTAbits               (abs)        000FAC
_UCFGbits                (abs)        000F6F
_UCONbits                (abs)        000F6D
__CFG_BOR$OFF            (abs)        000000
__CFG_BORV$3             (abs)        000000
__CFG_CCP2MX$OFF         (abs)        000000
__CFG_CP0$OFF            (abs)        000000
__CFG_CP1$OFF            (abs)        000000
__CFG_CP2$OFF            (abs)        000000
__CFG_CP3$OFF            (abs)        000000
__CFG_CPB$OFF            (abs)        000000
__CFG_CPD$OFF            (abs)        000000
__CFG_CPUDIV$OSC1_PLL2   (abs)        000000
__CFG_DEBUG$OFF          (abs)        000000
__CFG_EBTR0$OFF          (abs)        000000
__CFG_EBTR1$OFF          (abs)        000000
__CFG_EBTR2$OFF          (abs)        000000
__CFG_EBTR3$OFF          (abs)        000000
__CFG_EBTRB$OFF          (abs)        000000
__CFG_FCMEN$OFF          (abs)        000000
__CFG_FOSC$HSPLL_HS      (abs)        000000
__CFG_ICPRT$OFF          (abs)        000000
__CFG_IESO$OFF           (abs)        000000
__CFG_LPT1OSC$OFF        (abs)        000000
__CFG_LVP$OFF            (abs)        000000
__CFG_MCLRE$OFF          (abs)        000000
__CFG_PBADEN$OFF         (abs)        000000
__CFG_PLLDIV$5           (abs)        000000
__CFG_PWRT$OFF           (abs)        000000
__CFG_STVREN$ON          (abs)        000000
__CFG_USBDIV$2           (abs)        000000
__CFG_VREGEN$OFF         (abs)        000000
__CFG_WDT$OFF            (abs)        000000
__CFG_WDTPS$32768        (abs)        000000
__CFG_WRT0$OFF           (abs)        000000
__CFG_WRT1$OFF           (abs)        000000
__CFG_WRT2$OFF           (abs)        000000
__CFG_WRT3$OFF           (abs)        000000
__CFG_WRTB$OFF           (abs)        000000
__CFG_WRTC$OFF           (abs)        000000
__CFG_WRTD$OFF           (abs)        000000
__CFG_XINST$OFF          (abs)        000000
__HRAM                   (abs)        000000
__Habs1                  abs1         000000
__Hbank0                 bank0        000000
__Hbank1                 bank1        000000
__Hbank2                 bank2        000000
__Hbank3                 bank3        000000
__Hbank4                 bank4        000000
__Hbank5                 bank5        000000
__Hbank6                 bank6        000000
__Hbank7                 bank7        000000
__Hbigbss                bigbss       000000
__Hbigdata               bigdata      000000
__Hbigram                bigram       000000
__Hbss                   bss          000000
__HbssBANK0              bssBANK0     000000
__HbssCOMRAM             bssCOMRAM    000000
__Hcinit                 cinit        000000
__Hclrtext               clrtext      000000
__Hcomram                comram       000000
__Hconfig                config       30000E
__Hconst                 const        000000
__HcstackBANK0           cstackBANK0  000000
__HcstackCOMRAM          cstackCOMRAM 000000
__Hdata                  data         000000
__HdataCOMRAM            dataCOMRAM   000000
__Heeprom_data           eeprom_data  000000
__Hfarbss                farbss       000000
__Hfardata               fardata      000000
__Hibigdata              ibigdata     000000
__Hidata                 idata        000000
__HidataCOMRAM           idataCOMRAM  000000
__Hidloc                 idloc        200008
__Hifardata              ifardata     000000
__Hinit                  init         000012
__Hintcode               intcode      00000E
__Hintcode_body          intcode_body 000000
__Hintcodelo             intcodelo    00000E
__Hintentry              intentry     000000
__Hintret                intret       000000
__Hintsave_regs          intsave_regs 000000
__Hirdata                irdata       000000
__Hmediumconst           mediumconst  007D00
__HnvFARRAM              nvFARRAM     000000
__Hnvbit                 nvbit        000000
__Hnvrram                nvrram       000000
__Hparam                 rparam       000000
__Hpowerup               powerup      00000E
__Hram                   ram          000000
__Hramtop                ramtop       000800
__Hrbit                  rbit         000000
__Hrbss                  rbss         000000
__Hrdata                 rdata        000000
__Hreset_vec             reset_vec    000006
__Hrparam                rparam       000000
__Hsfr                   sfr          000000
__Hsmallconst            smallconst   000000
__Hspace_0               (abs)        30000E
__Hspace_1               (abs)        0000D0
__Hspace_2               (abs)        000000
__Hstack                 stack        000000
__Hstruct                struct       000000
__Htemp                  temp         00004F
__Htext                  text         000000
__Htext0                 text0        000000
__Htext1                 text1        000000
__Htext10                text10       000000
__Htext11                text11       000000
__Htext12                text12       000000
__Htext13                text13       000000
__Htext14                text14       000000
__Htext15                text15       000000
__Htext16                text16       000000
__Htext17                text17       000000
__Htext18                text18       000000
__Htext19                text19       000000
__Htext2                 text2        000000
__Htext20                text20       000000
__Htext21                text21       000000
__Htext22                text22       000000
__Htext23                text23       000000
__Htext3                 text3        000000
__Htext4                 text4        000000
__Htext5                 text5        000000
__Htext6                 text6        000000
__Htext7                 text7        000000
__Htext8                 text8        000000
__Htext9                 text9        000000
__LRAM                   (abs)        000001
__Labs1                  abs1         000000
__Lbank0                 bank0        000000
__Lbank1                 bank1        000000
__Lbank2                 bank2        000000
__Lbank3                 bank3        000000
__Lbank4                 bank4        000000
__Lbank5                 bank5        000000
__Lbank6                 bank6        000000
__Lbank7                 bank7        000000
__Lbigbss                bigbss       000000
__Lbigdata               bigdata      000000
__Lbigram                bigram       000000
__Lbss                   bss          000000
__LbssBANK0              bssBANK0     000000
__LbssCOMRAM             bssCOMRAM    000000
__Lcinit                 cinit        000000
__Lclrtext               clrtext      000000
__Lcomram                comram       000000
__Lconfig                config       300000
__Lconst                 const        000000
__LcstackBANK0           cstackBANK0  000000
__LcstackCOMRAM          cstackCOMRAM 000000
__Ldata                  data         000000
__LdataCOMRAM            dataCOMRAM   000000
__Leeprom_data           eeprom_data  000000
__Lfarbss                farbss       000000
__Lfardata               fardata      000000
__Libigdata              ibigdata     000000
__Lidata                 idata        000000
__LidataCOMRAM           idataCOMRAM  000000
__Lidloc                 idloc        200000
__Lifardata              ifardata     000000
__Linit                  init         00000E
__Lintcode               intcode      000008
__Lintcode_body          intcode_body 000000
__Lintcodelo             intcodelo    00000E
__Lintentry              intentry     000000
__Lintret                intret       000000
__Lintsave_regs          intsave_regs 000000
__Lirdata                irdata       000000
__Lmediumconst           mediumconst  007BF4
__LnvFARRAM              nvFARRAM     000000
__Lnvbit                 nvbit        000000
__Lnvrram                nvrram       000000
__Lparam                 rparam       000000
__Lpowerup               powerup      00000E
__Lram                   ram          000000
__Lramtop                ramtop       000800
__Lrbit                  rbit         000000
__Lrbss                  rbss         000000
__Lrdata                 rdata        000000
__Lreset_vec             reset_vec    000000
__Lrparam                rparam       000000
__Lsfr                   sfr          000000
__Lsmallconst            smallconst   000000
__Lspace_0               (abs)        000000
__Lspace_1               (abs)        000000
__Lspace_2               (abs)        000000
__Lstack                 stack        000000
__Lstruct                struct       000000
__Ltemp                  temp         00004E
__Ltext                  text         000000
__Ltext0                 text0        000000
__Ltext1                 text1        000000
__Ltext10                text10       000000
__Ltext11                text11       000000
__Ltext12                text12       000000
__Ltext13                text13       000000
__Ltext14                text14       000000
__Ltext15                text15       000000
__Ltext16                text16       000000
__Ltext17                text17       000000
__Ltext18                text18       000000
__Ltext19                text19       000000
__Ltext2                 text2        000000
__Ltext20                text20       000000
__Ltext21                text21       000000
__Ltext22                text22       000000
__Ltext23                text23       000000
__Ltext3                 text3        000000
__Ltext4                 text4        000000
__Ltext5                 text5        000000
__Ltext6                 text6        000000
__Ltext7                 text7        000000
__Ltext8                 text8        000000
__Ltext9                 text9        000000
__S0                     (abs)        30000E
__S1                     (abs)        0000D0
__S2                     (abs)        000000
___aldiv                 text14       000D56
___aldiv@counter         cstackCOMRAM 000019
___aldiv@dividend        cstackCOMRAM 000011
___aldiv@divisor         cstackCOMRAM 000015
___aldiv@quotient        cstackCOMRAM 00001B
___aldiv@sign            cstackCOMRAM 00001A
___almod                 text21       000EEE
___almod@counter         cstackCOMRAM 000019
___almod@dividend        cstackCOMRAM 000011
___almod@divisor         cstackCOMRAM 000015
___almod@sign            cstackCOMRAM 00001A
___awdiv                 text23       000F9A
___awdiv@counter         cstackCOMRAM 00001B
___awdiv@dividend        cstackCOMRAM 000017
___awdiv@divisor         cstackCOMRAM 000019
___awdiv@quotient        cstackCOMRAM 00001D
___awdiv@sign            cstackCOMRAM 00001C
___inthi_sp              stack        000000
___intlo_sp              stack        000000
___lmul                  text13       0010FA
___lmul@multiplicand     cstackCOMRAM 000015
___lmul@multiplier       cstackCOMRAM 000011
___lmul@product          cstackCOMRAM 000019
___lwdiv                 text10       001150
___lwdiv@counter         cstackCOMRAM 000015
___lwdiv@dividend        cstackCOMRAM 000011
___lwdiv@divisor         cstackCOMRAM 000013
___lwdiv@quotient        cstackCOMRAM 000016
___lwmod                 text9        00123A
___lwmod@counter         cstackCOMRAM 00001C
___lwmod@dividend        cstackCOMRAM 000018
___lwmod@divisor         cstackCOMRAM 00001A
___param_bank            (abs)        000000
___rparam_used           (abs)        000001
___sp                    stack        000000
___wmul                  text12       001312
___wmul@multiplicand     cstackCOMRAM 000013
___wmul@multiplier       cstackCOMRAM 000011
___wmul@product          cstackCOMRAM 000015
__accesstop              (abs)        000060
__activetblptr           (abs)        000002
__end_of_EnhancedRead    text22       0010FA
__end_of_MotorsPWM       text19       0012BA
__end_of___aldiv         text14       000E22
__end_of___almod         text21       000F9A
__end_of___awdiv         text23       00101E
__end_of___lmul          text13       001150
__end_of___lwdiv         text10       0011A2
__end_of___lwmod         text9        00127C
__end_of___wmul          text12       001338
__end_of__initialization cinit        00122C
__end_of_an_init         text18       001312
__end_of_dpowers         mediumconst  007BFF
__end_of_enc             intcode_body 000EEE
__end_of_init_cal        text20       001090
__end_of_init_io         text17       0012E8
__end_of_init_tms        text15       0011F4
__end_of_init_wixel      text16       00135C
__end_of_isdigit         text8        00137A
__end_of_line_cal        text11       000804
__end_of_main            text0        000B10
__end_of_printf          text6        000D56
__end_of_putch           text7        001398
__end_of_read_cal        text5        0004B4
__end_of_setA            text4        0013C0
__end_of_setB            text3        0013B6
__end_of_setC            text2        0013AC
__end_of_setD            text1        0013A2
__initialization         cinit        0011F4
__mediumconst            mediumconst  007BF4
__pbssBANK0              bssBANK0     000060
__pbssCOMRAM             bssCOMRAM    000048
__pcinit                 cinit        0011F4
__pcstackBANK0           cstackBANK0  0000B6
__pcstackCOMRAM          cstackCOMRAM 000001
__pdataCOMRAM            dataCOMRAM   000036
__pidataCOMRAM           idataCOMRAM  00137A
__pintcode               intcode      000008
__pintcode_body          intcode_body 000E22
__pmediumconst           mediumconst  007BF4
__ptext0                 text0        000804
__ptext1                 text1        001398
__ptext10                text10       001150
__ptext11                text11       0004B4
__ptext12                text12       001312
__ptext13                text13       0010FA
__ptext14                text14       000D56
__ptext15                text15       0011A2
__ptext16                text16       001338
__ptext17                text17       0012BA
__ptext18                text18       0012E8
__ptext19                text19       00127C
__ptext2                 text2        0013A2
__ptext20                text20       00101E
__ptext21                text21       000EEE
__ptext22                text22       001090
__ptext23                text23       000F9A
__ptext3                 text3        0013AC
__ptext4                 text4        0013B6
__ptext5                 text5        000012
__ptext6                 text6        000B10
__ptext7                 text7        00138C
__ptext8                 text8        00135C
__ptext9                 text9        00123A
__ramtop                 ramtop       000800
__size_of_EnhancedRead   (abs)        000000
__size_of_MotorsPWM      (abs)        000000
__size_of___aldiv        (abs)        000000
__size_of___almod        (abs)        000000
__size_of___awdiv        (abs)        000000
__size_of___lmul         (abs)        000000
__size_of___lwdiv        (abs)        000000
__size_of___lwmod        (abs)        000000
__size_of___wmul         (abs)        000000
__size_of_an_init        (abs)        000000
__size_of_enc            (abs)        000000
__size_of_init_cal       (abs)        000000
__size_of_init_io        (abs)        000000
__size_of_init_tms       (abs)        000000
__size_of_init_wixel     (abs)        000000
__size_of_isdigit        (abs)        000000
__size_of_line_cal       (abs)        000000
__size_of_main           (abs)        000000
__size_of_printf         (abs)        000000
__size_of_putch          (abs)        000000
__size_of_read_cal       (abs)        000000
__size_of_setA           (abs)        000000
__size_of_setB           (abs)        000000
__size_of_setC           (abs)        000000
__size_of_setD           (abs)        000000
__smallconst             smallconst   000000
_an                      bssBANK0     000088
_an_init                 text18       0012E8
_cs                      dataCOMRAM   000044
_dpowers                 mediumconst  007BF5
_enc                     intcode      000008
_es                      dataCOMRAM   000040
_i                       bssCOMRAM    000048
_init_cal                text20       00101E
_init_io                 text17       0012BA
_init_tms                text15       0011A2
_init_wixel              text16       001338
_isdigit                 text8        00135C
_isdigit$1917            cstackCOMRAM 000012
_line_cal                text11       0004B4
_line_cal$2242           cstackBANK0  0000B6
_line_cal$505            cstackBANK0  0000C2
_line_cal$507            cstackBANK0  0000C4
_lp                      bssCOMRAM    00004C
_ls                      dataCOMRAM   000036
_main                    text0        000804
_maxs                    bssBANK0     00009A
_mins                    bssBANK0     0000A8
_printf                  text6        000B10
_putch                   text7        00138C
_read_cal                text5        000012
_read_cal$491            cstackCOMRAM 00001A
_read_cal$493            cstackCOMRAM 00001C
_read_cal$495            cstackCOMRAM 00001E
_read_cal$497            cstackCOMRAM 000020
_setA                    text4        0013B6
_setB                    text3        0013AC
_setC                    text2        0013A2
_setD                    text1        001398
_status                  bssCOMRAM    00004A
_time                    bssBANK0     000060
btemp                    temp         00004E
end_of_initialization    cinit        00122C
init_cal@i               cstackCOMRAM 000011
int$flags                temp         00004E
int_func                 intcode_body 000E22
intlevel0                text         000000
intlevel1                text         000000
intlevel2                text         000000
intlevel3                text         000000
isdigit@c                cstackCOMRAM 000013
line_cal@a               cstackBANK0  0000BA
line_cal@b               cstackBANK0  0000BE
line_cal@i               cstackBANK0  0000CA
line_cal@j               cstackBANK0  0000CC
line_cal@value           cstackBANK0  0000C6
main@i                   cstackBANK0  0000CE
printf@ap                cstackCOMRAM 000029
printf@c                 cstackCOMRAM 000031
printf@f                 cstackCOMRAM 00001D
printf@flag              cstackCOMRAM 00002E
printf@prec              cstackCOMRAM 00002B
printf@val               cstackCOMRAM 00002C
printf@width             cstackCOMRAM 00002F
putch@data               cstackCOMRAM 000011
read_cal@i               cstackCOMRAM 000022
stackhi                  (abs)        0007FF
stacklo                  (abs)        000400
start                    init         00000E
start_initialization     cinit        0011F4


FUNCTION INFORMATION:

 *************** function _main *****************
 Defined at:
		line 22 in file "main.c"
 Parameters:    Size  Location     Type
		None
 Auto vars:     Size  Location     Type
  i               2   24[BANK0 ] int 
 Return value:  Size  Location     Type
                  1    wreg      void 
 Registers used:
		wreg, fsr1l, fsr1h, fsr2l, fsr2h, status,2, status,0, tblptrl, tblptrh, tblptru, prodl, prodh, cstack
 Tracked objects:
		On entry : 
		On exit  : 
		Unchanged: 
 Data sizes:     COMRAM   BANK0   BANK1   BANK2   BANK3   BANK4   BANK5   BANK6   BANK7
      Params:         0       0       0       0       0       0       0       0       0
      Locals:         0       2       0       0       0       0       0       0       0
      Temps:          4       0       0       0       0       0       0       0       0
      Totals:         4       2       0       0       0       0       0       0       0
Total ram usage:        6 bytes
 Hardware stack levels required when called:    3
 This function calls:
		_EnhancedRead
		___almod
		_init_cal
		_init_tms
		_line_cal
		_printf
		_read_cal
		_setA
		_setB
		_setC
		_setD
 This function is called by:
		Startup code after reset
 This function uses a non-reentrant model


 *************** function _setD *****************
 Defined at:
		line 24 in file "utils.c"
 Parameters:    Size  Location     Type
		None
 Auto vars:     Size  Location     Type
		None
 Return value:  Size  Location     Type
                  1    wreg      void 
 Registers used:
		None
 Tracked objects:
		On entry : 
		On exit  : 
		Unchanged: 
 Data sizes:     COMRAM   BANK0   BANK1   BANK2   BANK3   BANK4   BANK5   BANK6   BANK7
      Params:         0       0       0       0       0       0       0       0       0
      Locals:         0       0       0       0       0       0       0       0       0
      Temps:          0       0       0       0       0       0       0       0       0
      Totals:         0       0       0       0       0       0       0       0       0
Total ram usage:        0 bytes
 Hardware stack levels used:    1
 Hardware stack levels required when called:    1
 This function calls:
		Nothing
 This function is called by:
		_main
 This function uses a non-reentrant model


 *************** function _setC *****************
 Defined at:
		line 18 in file "utils.c"
 Parameters:    Size  Location     Type
		None
 Auto vars:     Size  Location     Type
		None
 Return value:  Size  Location     Type
                  1    wreg      void 
 Registers used:
		None
 Tracked objects:
		On entry : 
		On exit  : 
		Unchanged: 
 Data sizes:     COMRAM   BANK0   BANK1   BANK2   BANK3   BANK4   BANK5   BANK6   BANK7
      Params:         0       0       0       0       0       0       0       0       0
      Locals:         0       0       0       0       0       0       0       0       0
      Temps:          0       0       0       0       0       0       0       0       0
      Totals:         0       0       0       0       0       0       0       0       0
Total ram usage:        0 bytes
 Hardware stack levels used:    1
 Hardware stack levels required when called:    1
 This function calls:
		Nothing
 This function is called by:
		_main
 This function uses a non-reentrant model


 *************** function _setB *****************
 Defined at:
		line 12 in file "utils.c"
 Parameters:    Size  Location     Type
		None
 Auto vars:     Size  Location     Type
		None
 Return value:  Size  Location     Type
                  1    wreg      void 
 Registers used:
		None
 Tracked objects:
		On entry : 
		On exit  : 
		Unchanged: 
 Data sizes:     COMRAM   BANK0   BANK1   BANK2   BANK3   BANK4   BANK5   BANK6   BANK7
      Params:         0       0       0       0       0       0       0       0       0
      Locals:         0       0       0       0       0       0       0       0       0
      Temps:          0       0       0       0       0       0       0       0       0
      Totals:         0       0       0       0       0       0       0       0       0
Total ram usage:        0 bytes
 Hardware stack levels used:    1
 Hardware stack levels required when called:    1
 This function calls:
		Nothing
 This function is called by:
		_main
 This function uses a non-reentrant model


 *************** function _setA *****************
 Defined at:
		line 5 in file "utils.c"
 Parameters:    Size  Location     Type
		None
 Auto vars:     Size  Location     Type
		None
 Return value:  Size  Location     Type
                  1    wreg      void 
 Registers used:
		None
 Tracked objects:
		On entry : 
		On exit  : 
		Unchanged: 
 Data sizes:     COMRAM   BANK0   BANK1   BANK2   BANK3   BANK4   BANK5   BANK6   BANK7
      Params:         0       0       0       0       0       0       0       0       0
      Locals:         0       0       0       0       0       0       0       0       0
      Temps:          0       0       0       0       0       0       0       0       0
      Totals:         0       0       0       0       0       0       0       0       0
Total ram usage:        0 bytes
 Hardware stack levels used:    1
 Hardware stack levels required when called:    1
 This function calls:
		Nothing
 This function is called by:
		_main
 This function uses a non-reentrant model


 *************** function _read_cal *****************
 Defined at:
		line 46 in file "analog.c"
 Parameters:    Size  Location     Type
		None
 Auto vars:     Size  Location     Type
  i               2   33[COMRAM] int 
 Return value:  Size  Location     Type
                  2   28[None  ] int 
 Registers used:
		wreg, fsr1l, fsr1h, fsr2l, fsr2h, status,2, status,0
 Tracked objects:
		On entry : 
		On exit  : 
		Unchanged: 
 Data sizes:     COMRAM   BANK0   BANK1   BANK2   BANK3   BANK4   BANK5   BANK6   BANK7
      Params:         0       0       0       0       0       0       0       0       0
      Locals:        10       0       0       0       0       0       0       0       0
      Temps:          9       0       0       0       0       0       0       0       0
      Totals:        19       0       0       0       0       0       0       0       0
Total ram usage:       19 bytes
 Hardware stack levels used:    1
 Hardware stack levels required when called:    1
 This function calls:
		Nothing
 This function is called by:
		_main
 This function uses a non-reentrant model


 *************** function _printf *****************
 Defined at:
		line 464 in file "/opt/microchip/xc8/v1.41/sources/common/doprnt.c"
 Parameters:    Size  Location     Type
  f               2   28[COMRAM] PTR const unsigned char 
		 -> STR_6(44), STR_5(43), STR_4(36), STR_3(47), 
		 -> STR_2(46), STR_1(40), 
 Auto vars:     Size  Location     Type
  tmpval          4    0        struct .
  cp              3    0        PTR const unsigned char 
  width           2   46[COMRAM] int 
  val             2   43[COMRAM] unsigned int 
  ap              2   40[COMRAM] PTR void [1]
		 -> ?_printf(2), 
  len             2    0        unsigned int 
  c               1   48[COMRAM] char 
  flag            1   45[COMRAM] unsigned char 
  prec            1   42[COMRAM] char 
 Return value:  Size  Location     Type
                  2   28[COMRAM] int 
 Registers used:
		wreg, fsr2l, fsr2h, status,2, status,0, tblptrl, tblptrh, tblptru, prodl, prodh, cstack
 Tracked objects:
		On entry : 
		On exit  : 
		Unchanged: 
 Data sizes:     COMRAM   BANK0   BANK1   BANK2   BANK3   BANK4   BANK5   BANK6   BANK7
      Params:         8       0       0       0       0       0       0       0       0
      Locals:         9       0       0       0       0       0       0       0       0
      Temps:          4       0       0       0       0       0       0       0       0
      Totals:        21       0       0       0       0       0       0       0       0
Total ram usage:       21 bytes
 Hardware stack levels used:    1
 Hardware stack levels required when called:    2
 This function calls:
		___lwdiv
		___lwmod
		___wmul
		_isdigit
		_putch
 This function is called by:
		_main
 This function uses a non-reentrant model


 *************** function _putch *****************
 Defined at:
		line 24 in file "wixel.c"
 Parameters:    Size  Location     Type
  data            1    wreg     unsigned char 
 Auto vars:     Size  Location     Type
  data            1   16[COMRAM] unsigned char 
 Return value:  Size  Location     Type
                  1    wreg      void 
 Registers used:
		wreg
 Tracked objects:
		On entry : 
		On exit  : 
		Unchanged: 
 Data sizes:     COMRAM   BANK0   BANK1   BANK2   BANK3   BANK4   BANK5   BANK6   BANK7
      Params:         0       0       0       0       0       0       0       0       0
      Locals:         1       0       0       0       0       0       0       0       0
      Temps:          0       0       0       0       0       0       0       0       0
      Totals:         1       0       0       0       0       0       0       0       0
Total ram usage:        1 bytes
 Hardware stack levels used:    1
 Hardware stack levels required when called:    1
 This function calls:
		Nothing
 This function is called by:
		_printf
 This function uses a non-reentrant model


 *************** function _isdigit *****************
 Defined at:
		line 8 in file "/opt/microchip/xc8/v1.41/sources/common/isdigit.c"
 Parameters:    Size  Location     Type
  c               1    wreg     unsigned char 
 Auto vars:     Size  Location     Type
  c               1   18[COMRAM] unsigned char 
 Return value:  Size  Location     Type
		None               void
 Registers used:
		wreg, status,2, status,0
 Tracked objects:
		On entry : 
		On exit  : 
		Unchanged: 
 Data sizes:     COMRAM   BANK0   BANK1   BANK2   BANK3   BANK4   BANK5   BANK6   BANK7
      Params:         0       0       0       0       0       0       0       0       0
      Locals:         2       0       0       0       0       0       0       0       0
      Temps:          1       0       0       0       0       0       0       0       0
      Totals:         3       0       0       0       0       0       0       0       0
Total ram usage:        3 bytes
 Hardware stack levels used:    1
 Hardware stack levels required when called:    1
 This function calls:
		Nothing
 This function is called by:
		_printf
 This function uses a non-reentrant model


 *************** function ___lwmod *****************
 Defined at:
		line 8 in file "/opt/microchip/xc8/v1.41/sources/common/lwmod.c"
 Parameters:    Size  Location     Type
  dividend        2   23[COMRAM] unsigned int 
  divisor         2   25[COMRAM] unsigned int 
 Auto vars:     Size  Location     Type
  counter         1   27[COMRAM] unsigned char 
 Return value:  Size  Location     Type
                  2   23[COMRAM] unsigned int 
 Registers used:
		wreg, status,2, status,0
 Tracked objects:
		On entry : 
		On exit  : 
		Unchanged: 
 Data sizes:     COMRAM   BANK0   BANK1   BANK2   BANK3   BANK4   BANK5   BANK6   BANK7
      Params:         4       0       0       0       0       0       0       0       0
      Locals:         1       0       0       0       0       0       0       0       0
      Temps:          0       0       0       0       0       0       0       0       0
      Totals:         5       0       0       0       0       0       0       0       0
Total ram usage:        5 bytes
 Hardware stack levels used:    1
 Hardware stack levels required when called:    1
 This function calls:
		Nothing
 This function is called by:
		_printf
 This function uses a non-reentrant model


 *************** function ___lwdiv *****************
 Defined at:
		line 8 in file "/opt/microchip/xc8/v1.41/sources/common/lwdiv.c"
 Parameters:    Size  Location     Type
  dividend        2   16[COMRAM] unsigned int 
  divisor         2   18[COMRAM] unsigned int 
 Auto vars:     Size  Location     Type
  quotient        2   21[COMRAM] unsigned int 
  counter         1   20[COMRAM] unsigned char 
 Return value:  Size  Location     Type
                  2   16[COMRAM] unsigned int 
 Registers used:
		wreg, status,2, status,0
 Tracked objects:
		On entry : 
		On exit  : 
		Unchanged: 
 Data sizes:     COMRAM   BANK0   BANK1   BANK2   BANK3   BANK4   BANK5   BANK6   BANK7
      Params:         4       0       0       0       0       0       0       0       0
      Locals:         3       0       0       0       0       0       0       0       0
      Temps:          0       0       0       0       0       0       0       0       0
      Totals:         7       0       0       0       0       0       0       0       0
Total ram usage:        7 bytes
 Hardware stack levels used:    1
 Hardware stack levels required when called:    1
 This function calls:
		Nothing
 This function is called by:
		_printf
 This function uses a non-reentrant model


 *************** function _line_cal *****************
 Defined at:
		line 56 in file "analog.c"
 Parameters:    Size  Location     Type
		None
 Auto vars:     Size  Location     Type
  value           4   16[BANK0 ] long 
  b               4    8[BANK0 ] long 
  a               4    4[BANK0 ] long 
  j               2   22[BANK0 ] int 
  i               2   20[BANK0 ] int 
 Return value:  Size  Location     Type
                  2   36[None  ] int 
 Registers used:
		wreg, fsr1l, fsr1h, fsr2l, fsr2h, status,2, status,0, prodl, prodh, cstack
 Tracked objects:
		On entry : 
		On exit  : 
		Unchanged: 
 Data sizes:     COMRAM   BANK0   BANK1   BANK2   BANK3   BANK4   BANK5   BANK6   BANK7
      Params:         0       0       0       0       0       0       0       0       0
      Locals:         0      24       0       0       0       0       0       0       0
      Temps:          5       0       0       0       0       0       0       0       0
      Totals:         5      24       0       0       0       0       0       0       0
Total ram usage:       29 bytes
 Hardware stack levels used:    1
 Hardware stack levels required when called:    2
 This function calls:
		___aldiv
		___awdiv
		___lmul
		___wmul
 This function is called by:
		_main
 This function uses a non-reentrant model


 *************** function ___wmul *****************
 Defined at:
		line 15 in file "/opt/microchip/xc8/v1.41/sources/common/Umul16.c"
 Parameters:    Size  Location     Type
  multiplier      2   16[COMRAM] unsigned int 
  multiplicand    2   18[COMRAM] unsigned int 
 Auto vars:     Size  Location     Type
  product         2   20[COMRAM] unsigned int 
 Return value:  Size  Location     Type
                  2   16[COMRAM] unsigned int 
 Registers used:
		wreg, status,2, status,0, prodl, prodh
 Tracked objects:
		On entry : 
		On exit  : 
		Unchanged: 
 Data sizes:     COMRAM   BANK0   BANK1   BANK2   BANK3   BANK4   BANK5   BANK6   BANK7
      Params:         4       0       0       0       0       0       0       0       0
      Locals:         2       0       0       0       0       0       0       0       0
      Temps:          0       0       0       0       0       0       0       0       0
      Totals:         6       0       0       0       0       0       0       0       0
Total ram usage:        6 bytes
 Hardware stack levels used:    1
 Hardware stack levels required when called:    1
 This function calls:
		Nothing
 This function is called by:
		_line_cal
		_printf
 This function uses a non-reentrant model


 *************** function ___lmul *****************
 Defined at:
		line 15 in file "/opt/microchip/xc8/v1.41/sources/common/Umul32.c"
 Parameters:    Size  Location     Type
  multiplier      4   16[COMRAM] unsigned long 
  multiplicand    4   20[COMRAM] unsigned long 
 Auto vars:     Size  Location     Type
  product         4   24[COMRAM] unsigned long 
 Return value:  Size  Location     Type
                  4   16[COMRAM] unsigned long 
 Registers used:
		wreg, status,2, status,0
 Tracked objects:
		On entry : 
		On exit  : 
		Unchanged: 
 Data sizes:     COMRAM   BANK0   BANK1   BANK2   BANK3   BANK4   BANK5   BANK6   BANK7
      Params:         8       0       0       0       0       0       0       0       0
      Locals:         4       0       0       0       0       0       0       0       0
      Temps:          0       0       0       0       0       0       0       0       0
      Totals:        12       0       0       0       0       0       0       0       0
Total ram usage:       12 bytes
 Hardware stack levels used:    1
 Hardware stack levels required when called:    1
 This function calls:
		Nothing
 This function is called by:
		_line_cal
 This function uses a non-reentrant model


 *************** function ___aldiv *****************
 Defined at:
		line 8 in file "/opt/microchip/xc8/v1.41/sources/common/aldiv.c"
 Parameters:    Size  Location     Type
  dividend        4   16[COMRAM] long 
  divisor         4   20[COMRAM] long 
 Auto vars:     Size  Location     Type
  quotient        4   26[COMRAM] long 
  sign            1   25[COMRAM] unsigned char 
  counter         1   24[COMRAM] unsigned char 
 Return value:  Size  Location     Type
                  4   16[COMRAM] long 
 Registers used:
		wreg, status,2, status,0
 Tracked objects:
		On entry : 
		On exit  : 
		Unchanged: 
 Data sizes:     COMRAM   BANK0   BANK1   BANK2   BANK3   BANK4   BANK5   BANK6   BANK7
      Params:         8       0       0       0       0       0       0       0       0
      Locals:         6       0       0       0       0       0       0       0       0
      Temps:          0       0       0       0       0       0       0       0       0
      Totals:        14       0       0       0       0       0       0       0       0
Total ram usage:       14 bytes
 Hardware stack levels used:    1
 Hardware stack levels required when called:    1
 This function calls:
		Nothing
 This function is called by:
		_line_cal
 This function uses a non-reentrant model


 *************** function _init_tms *****************
 Defined at:
		line 7 in file "config.c"
 Parameters:    Size  Location     Type
		None
 Auto vars:     Size  Location     Type
		None
 Return value:  Size  Location     Type
                  1    wreg      void 
 Registers used:
		wreg, status,2, cstack
 Tracked objects:
		On entry : 
		On exit  : 
		Unchanged: 
 Data sizes:     COMRAM   BANK0   BANK1   BANK2   BANK3   BANK4   BANK5   BANK6   BANK7
      Params:         0       0       0       0       0       0       0       0       0
      Locals:         0       0       0       0       0       0       0       0       0
      Temps:          0       0       0       0       0       0       0       0       0
      Totals:         0       0       0       0       0       0       0       0       0
Total ram usage:        0 bytes
 Hardware stack levels used:    1
 Hardware stack levels required when called:    2
 This function calls:
		_MotorsPWM
		_an_init
		_init_io
		_init_wixel
 This function is called by:
		_main
 This function uses a non-reentrant model


 *************** function _init_wixel *****************
 Defined at:
		line 4 in file "wixel.c"
 Parameters:    Size  Location     Type
		None
 Auto vars:     Size  Location     Type
		None
 Return value:  Size  Location     Type
                  1    wreg      void 
 Registers used:
		wreg, status,2
 Tracked objects:
		On entry : 
		On exit  : 
		Unchanged: 
 Data sizes:     COMRAM   BANK0   BANK1   BANK2   BANK3   BANK4   BANK5   BANK6   BANK7
      Params:         0       0       0       0       0       0       0       0       0
      Locals:         0       0       0       0       0       0       0       0       0
      Temps:          0       0       0       0       0       0       0       0       0
      Totals:         0       0       0       0       0       0       0       0       0
Total ram usage:        0 bytes
 Hardware stack levels used:    1
 Hardware stack levels required when called:    1
 This function calls:
		Nothing
 This function is called by:
		_init_tms
 This function uses a non-reentrant model


 *************** function _init_io *****************
 Defined at:
		line 6 in file "io.c"
 Parameters:    Size  Location     Type
		None
 Auto vars:     Size  Location     Type
		None
 Return value:  Size  Location     Type
                  1    wreg      void 
 Registers used:
		None
 Tracked objects:
		On entry : 
		On exit  : 
		Unchanged: 
 Data sizes:     COMRAM   BANK0   BANK1   BANK2   BANK3   BANK4   BANK5   BANK6   BANK7
      Params:         0       0       0       0       0       0       0       0       0
      Locals:         0       0       0       0       0       0       0       0       0
      Temps:          0       0       0       0       0       0       0       0       0
      Totals:         0       0       0       0       0       0       0       0       0
Total ram usage:        0 bytes
 Hardware stack levels used:    1
 Hardware stack levels required when called:    1
 This function calls:
		Nothing
 This function is called by:
		_init_tms
 This function uses a non-reentrant model


 *************** function _an_init *****************
 Defined at:
		line 15 in file "analog.c"
 Parameters:    Size  Location     Type
		None
 Auto vars:     Size  Location     Type
		None
 Return value:  Size  Location     Type
                  1    wreg      void 
 Registers used:
		wreg, status,2
 Tracked objects:
		On entry : 
		On exit  : 
		Unchanged: 
 Data sizes:     COMRAM   BANK0   BANK1   BANK2   BANK3   BANK4   BANK5   BANK6   BANK7
      Params:         0       0       0       0       0       0       0       0       0
      Locals:         0       0       0       0       0       0       0       0       0
      Temps:          0       0       0       0       0       0       0       0       0
      Totals:         0       0       0       0       0       0       0       0       0
Total ram usage:        0 bytes
 Hardware stack levels used:    1
 Hardware stack levels required when called:    1
 This function calls:
		Nothing
 This function is called by:
		_init_tms
 This function uses a non-reentrant model


 *************** function _MotorsPWM *****************
 Defined at:
		line 56 in file "config.c"
 Parameters:    Size  Location     Type
		None
 Auto vars:     Size  Location     Type
		None
 Return value:  Size  Location     Type
                  1    wreg      void 
 Registers used:
		wreg, status,2
 Tracked objects:
		On entry : 
		On exit  : 
		Unchanged: 
 Data sizes:     COMRAM   BANK0   BANK1   BANK2   BANK3   BANK4   BANK5   BANK6   BANK7
      Params:         0       0       0       0       0       0       0       0       0
      Locals:         0       0       0       0       0       0       0       0       0
      Temps:          0       0       0       0       0       0       0       0       0
      Totals:         0       0       0       0       0       0       0       0       0
Total ram usage:        0 bytes
 Hardware stack levels used:    1
 Hardware stack levels required when called:    1
 This function calls:
		Nothing
 This function is called by:
		_init_tms
 This function uses a non-reentrant model


 *************** function _init_cal *****************
 Defined at:
		line 40 in file "analog.c"
 Parameters:    Size  Location     Type
		None
 Auto vars:     Size  Location     Type
  i               2   16[COMRAM] int 
 Return value:  Size  Location     Type
                  2   20[None  ] int 
 Registers used:
		wreg, fsr2l, fsr2h, status,2, status,0
 Tracked objects:
		On entry : 
		On exit  : 
		Unchanged: 
 Data sizes:     COMRAM   BANK0   BANK1   BANK2   BANK3   BANK4   BANK5   BANK6   BANK7
      Params:         0       0       0       0       0       0       0       0       0
      Locals:         2       0       0       0       0       0       0       0       0
      Temps:          0       0       0       0       0       0       0       0       0
      Totals:         2       0       0       0       0       0       0       0       0
Total ram usage:        2 bytes
 Hardware stack levels used:    1
 Hardware stack levels required when called:    1
 This function calls:
		Nothing
 This function is called by:
		_main
 This function uses a non-reentrant model


 *************** function ___almod *****************
 Defined at:
		line 8 in file "/opt/microchip/xc8/v1.41/sources/common/almod.c"
 Parameters:    Size  Location     Type
  dividend        4   16[COMRAM] long 
  divisor         4   20[COMRAM] long 
 Auto vars:     Size  Location     Type
  sign            1   25[COMRAM] unsigned char 
  counter         1   24[COMRAM] unsigned char 
 Return value:  Size  Location     Type
                  4   16[COMRAM] long 
 Registers used:
		wreg, status,2, status,0
 Tracked objects:
		On entry : 
		On exit  : 
		Unchanged: 
 Data sizes:     COMRAM   BANK0   BANK1   BANK2   BANK3   BANK4   BANK5   BANK6   BANK7
      Params:         8       0       0       0       0       0       0       0       0
      Locals:         2       0       0       0       0       0       0       0       0
      Temps:          0       0       0       0       0       0       0       0       0
      Totals:        10       0       0       0       0       0       0       0       0
Total ram usage:       10 bytes
 Hardware stack levels used:    1
 Hardware stack levels required when called:    1
 This function calls:
		Nothing
 This function is called by:
		_main
 This function uses a non-reentrant model


 *************** function _EnhancedRead *****************
 Defined at:
		line 28 in file "analog.c"
 Parameters:    Size  Location     Type
		None
 Auto vars:     Size  Location     Type
  aux             2   31[COMRAM] unsigned int 
  i               1   33[COMRAM] unsigned char 
 Return value:  Size  Location     Type
                  1    wreg      void 
 Registers used:
		wreg, fsr2l, fsr2h, status,2, status,0, prodl, prodh, cstack
 Tracked objects:
		On entry : 
		On exit  : 
		Unchanged: 
 Data sizes:     COMRAM   BANK0   BANK1   BANK2   BANK3   BANK4   BANK5   BANK6   BANK7
      Params:         0       0       0       0       0       0       0       0       0
      Locals:         3       0       0       0       0       0       0       0       0
      Temps:          1       0       0       0       0       0       0       0       0
      Totals:         4       0       0       0       0       0       0       0       0
Total ram usage:        4 bytes
 Hardware stack levels used:    1
 Hardware stack levels required when called:    2
 This function calls:
		___awdiv
 This function is called by:
		_main
 This function uses a non-reentrant model


 *************** function ___awdiv *****************
 Defined at:
		line 8 in file "/opt/microchip/xc8/v1.41/sources/common/awdiv.c"
 Parameters:    Size  Location     Type
  dividend        2   22[COMRAM] int 
  divisor         2   24[COMRAM] int 
 Auto vars:     Size  Location     Type
  quotient        2   28[COMRAM] int 
  sign            1   27[COMRAM] unsigned char 
  counter         1   26[COMRAM] unsigned char 
 Return value:  Size  Location     Type
                  2   22[COMRAM] int 
 Registers used:
		wreg, status,2, status,0
 Tracked objects:
		On entry : 
		On exit  : 
		Unchanged: 
 Data sizes:     COMRAM   BANK0   BANK1   BANK2   BANK3   BANK4   BANK5   BANK6   BANK7
      Params:         4       0       0       0       0       0       0       0       0
      Locals:         4       0       0       0       0       0       0       0       0
      Temps:          0       0       0       0       0       0       0       0       0
      Totals:         8       0       0       0       0       0       0       0       0
Total ram usage:        8 bytes
 Hardware stack levels used:    1
 Hardware stack levels required when called:    1
 This function calls:
		Nothing
 This function is called by:
		_EnhancedRead
		_line_cal
		_MotorASpeed
		_MotorBSpeed
 This function uses a non-reentrant model


 *************** function _enc *****************
 Defined at:
		line 7 in file "timer.c"
 Parameters:    Size  Location     Type
		None
 Auto vars:     Size  Location     Type
		None
 Return value:  Size  Location     Type
                  1    wreg      void 
 Registers used:
		wreg, fsr2l, fsr2h, status,2, status,0
 Tracked objects:
		On entry : 
		On exit  : 
		Unchanged: 
 Data sizes:     COMRAM   BANK0   BANK1   BANK2   BANK3   BANK4   BANK5   BANK6   BANK7
      Params:         0       0       0       0       0       0       0       0       0
      Locals:         0       0       0       0       0       0       0       0       0
      Temps:         16       0       0       0       0       0       0       0       0
      Totals:        16       0       0       0       0       0       0       0       0
Total ram usage:       16 bytes
 Hardware stack levels used:    1
 This function calls:
		Nothing
 This function is called by:
		Interrupt level 2
 This function uses a non-reentrant model



MODULE INFORMATION

Module		Function		Class		Link	Load	Size
wixel.c
		_putch         		CODE           	138C	0000	13
		_init_wixel    		CODE           	1338	0000	37

wixel.c estimated size: 50

/opt/microchip/xc8/v1.41/sources/common/lwdiv.c
		___lwdiv       		CODE           	1150	0000	83

/opt/microchip/xc8/v1.41/sources/common/lwdiv.c estimated size: 83

/opt/microchip/xc8/v1.41/sources/common/awdiv.c
		___awdiv       		CODE           	0F9A	0000	133

/opt/microchip/xc8/v1.41/sources/common/awdiv.c estimated size: 133

/opt/microchip/xc8/v1.41/sources/common/aldiv.c
		___aldiv       		CODE           	0D56	0000	205

/opt/microchip/xc8/v1.41/sources/common/aldiv.c estimated size: 205

/opt/microchip/xc8/v1.41/sources/common/Umul32.c
		___lmul        		CODE           	10FA	0000	87

/opt/microchip/xc8/v1.41/sources/common/Umul32.c estimated size: 87

io.c
		_init_io       		CODE           	12BA	0000	47

io.c estimated size: 47

timer.c
		_enc           		CODE           	0008	0000	211

timer.c estimated size: 211

/opt/microchip/xc8/v1.41/sources/common/isdigit.c
		_isdigit       		CODE           	135C	0000	31

/opt/microchip/xc8/v1.41/sources/common/isdigit.c estimated size: 31

config.c
		_MotorsPWM     		CODE           	127C	0000	63
		_init_tms      		CODE           	11A2	0000	83

config.c estimated size: 146

/opt/microchip/xc8/v1.41/sources/common/doprnt.c
		_printf        		CODE           	0B10	0000	583

/opt/microchip/xc8/v1.41/sources/common/doprnt.c estimated size: 583

shared
		_dpowers       		MEDIUMCONST    	7BF5	0000	11
		__initialization		CODE           	11F4	0000	57

shared estimated size: 68

/opt/microchip/xc8/v1.41/sources/common/lwmod.c
		___lwmod       		CODE           	123A	0000	67

/opt/microchip/xc8/v1.41/sources/common/lwmod.c estimated size: 67

utils.c
		_setA          		CODE           	13B6	0000	11
		_setB          		CODE           	13AC	0000	11
		_setC          		CODE           	13A2	0000	11
		_setD          		CODE           	1398	0000	11

utils.c estimated size: 44

/opt/microchip/xc8/v1.41/sources/common/almod.c
		___almod       		CODE           	0EEE	0000	173

/opt/microchip/xc8/v1.41/sources/common/almod.c estimated size: 173

/opt/microchip/xc8/v1.41/sources/common/Umul16.c
		___wmul        		CODE           	1312	0000	39

/opt/microchip/xc8/v1.41/sources/common/Umul16.c estimated size: 39

main.c
		_main          		CODE           	0804	0000	781

main.c estimated size: 781

analog.c
		_line_cal      		CODE           	04B4	0000	849
		_init_cal      		CODE           	101E	0000	115
		_read_cal      		CODE           	0012	0000	1187
		_an_init       		CODE           	12E8	0000	43
		_EnhancedRead  		CODE           	1090	0000	107

analog.c estimated size: 2301

