Microchip MPLAB XC8 Compiler V1.34 ()

Linker command line:

-W-3 --edf=/opt/microchip/xc8/v1.34/dat/en_msgs.txt -cs \
  -h+dist/default/production/rayito2.X.production.sym \
  --cmf=dist/default/production/rayito2.X.production.cmf -z -Q18F4550 \
  -o/tmp/cgtWIMZ4D -Mdist/default/production/rayito2.X.production.map -E1 \
  -ver=XC8 -ASTACK=05C1h-07ffh -pstack=STACK -ACODE=00h-07FFFh \
  -ACONST=00h-07FFFh -ASMALLCONST=0800h-08FFhx120 \
  -AMEDIUMCONST=0800h-07FFFh -ACOMRAM=01h-05Fh -AABS1=00h-07FFh \
  -ABIGRAM=01h-07FFh -ARAM=060h-0FFh,0100h-01FFhx7 -ABANK0=060h-0FFh \
  -ABANK1=0100h-01FFh -ABANK2=0200h-02FFh -ABANK3=0300h-03FFh \
  -ABANK4=0400h-04FFh -ABANK5=0500h-05FFh -ABANK6=0600h-06FFh \
  -ABANK7=0700h-07FFh -ASFR=0F60h-0FFFh \
  -preset_vec=00h,intcode=08h,intcodelo,powerup,init,end_init \
  -pramtop=0800h -psmallconst=SMALLCONST -pmediumconst=MEDIUMCONST \
  -pconst=CONST -AFARRAM=00h-00h -ACONFIG=0300000h-030000Dh -pconfig=CONFIG \
  -AIDLOC=0200000h-0200007h -pidloc=IDLOC -AEEDATA=0F00000h-0F000FFh \
  -peeprom_data=EEDATA \
  -prdata=COMRAM,nvrram=COMRAM,nvbit=COMRAM,rbss=COMRAM,rbit=COMRAM \
  -pfarbss=FARRAM,fardata=FARRAM,nvFARRAM=FARRAM \
  -pintsave_regs=BIGRAM,bigbss=BIGRAM,bigdata=BIGRAM -pbss=RAM \
  -pidata=CODE,irdata=CODE,ibigdata=CODE,ifardata=CODE -prparam=COMRAM \
  /tmp/cgtRNVUg5.obj dist/default/production/rayito2.X.production.obj 

Object code version is 3.11

Machine type is 18F4550

Call graph: (short form)




                Name                               Link     Load   Length Selector   Space Scale
/tmp/cgtRNVUg5.obj
                end_init                             18       18        4        4       0
                reset_vec                             0        0        4        0       0
                idloc                            200000   200000        8   200000       0
                config                           300000   300000        E   300000       0
dist/default/production/rayito2.X.production.obj
                intcode                               8        8       10        4       0
                mediumconst                        7A70     7A70      590     3D38       0
                intcode_body                       4140     4140       CC        4       0
                text55                             44E4     44E4       96        4       0
                text54                             443A     443A       AA        4       0
                text53                             4390     4390       AA        4       0
                text52                             4CA6     4CA6       44        4       0
                text51                             420C     420C       C6        4       0
                text50                             4D6A     4D6A       3C        4       0
                text49                             2C50     2C50      27E        4       0
                text48                             3CE0     3CE0       F8        4       0
                text47                             3638     3638      132        4       0
                text46                             389A     389A      130        4       0
                text45                             4EB2     4EB2       20        4       0
                text44                             4BC2     4BC2       50        4       0
                text43                             49A6     49A6       60        4       0
                text42                             3DD8     3DD8       E2        4       0
                text41                             4E6C     4E6C       24        4       0
                text40                             4B72     4B72       50        4       0
                text39                             4E20     4E20       28        4       0
                text38                             3F98     3F98       DA        4       0
                text37                             46A0     46A0       7C        4       0
                text36                             4072     4072       CE        4       0
                text35                             460E     460E       92        4       0
                text34                             3BE8     3BE8       F8        4       0
                text33                             39CA     39CA      116        4       0
                text32                             2ECE     2ECE      21C        4       0
                text31                             376A     376A      130        4       0
                text30                             34A4     34A4      194        4       0
                text29                             30EA     30EA      1F6        4       0
                text28                             4872     4872       6E        4       0
                text27                             4DF8     4DF8       28        4       0
                text26                             4ED2     4ED2       16        4       0
                text25                             3EBA     3EBA       DE        4       0
                text24                             4B18     4B18       5A        4       0
                text23                             2218     2218      6FC        4       0
                text22                             4C5E     4C5E       48        4       0
                text21                             4CEA     4CEA       42        4       0
                text20                             4A62     4A62       5C        4       0
                text19                             32E0     32E0      1C4        4       0
                text18                             4A06     4A06       5C        4       0
                text17                             4C12     4C12       4C        4       0
                text16                             4E90     4E90       22        4       0
                text15                             4F0C     4F0C        E        4       0
                text14                             2914     2914      33C        4       0
                text13                             4794     4794       70        4       0
                text12                             471C     471C       78        4       0
                text11                             457A     457A       94        4       0
                text10                             3AE0     3AE0      108        4       0
                text9                              4E48     4E48       24        4       0
                text8                              42D2     42D2       BE        4       0
                text7                              4ABE     4ABE       5A        4       0
                text6                              4DA6     4DA6       2A        4       0
                text5                              48E0     48E0       66        4       0
                text4                              4D2C     4D2C       3E        4       0
                text3                              4EE8     4EE8       14        4       0
                text2                              4EFC     4EFC       10        4       0
                text1                              4DD0     4DD0       28        4       0
                text0                                1C       1C     21FC        4       0
                cstackCOMRAM                          1        1       43        1       1
                cstackBANK0                          60       60       51       60       1
                cstackBANK3                         300      300       4B      300       1
                bssBIGRAM                           34B      34B      276      34B       1
                bssBANK2                            200      200       E8      200       1
                dataBANK1                           19C      19C       60      100       1
                bssBANK1                            100      100       9C      100       1
                bssBANK0                             B1       B1       12       60       1
                bssCOMRAM                            44       44        E        1       1
                cinit                              4804     4804       6E        4       0
                idataBANK1                         4946     4946       60        4       0

TOTAL           Name                               Link     Load   Length     Space
        CLASS   STACK          

        CLASS   CODE           
                end_init                             18       18        4         0
                intcode                               8        8       10         0
                reset_vec                             0        0        4         0
                intcode_body                       4140     4140       CC         0
                text55                             44E4     44E4       96         0
                text54                             443A     443A       AA         0
                text53                             4390     4390       AA         0
                text52                             4CA6     4CA6       44         0
                text51                             420C     420C       C6         0
                text50                             4D6A     4D6A       3C         0
                text49                             2C50     2C50      27E         0
                text48                             3CE0     3CE0       F8         0
                text47                             3638     3638      132         0
                text46                             389A     389A      130         0
                text45                             4EB2     4EB2       20         0
                text44                             4BC2     4BC2       50         0
                text43                             49A6     49A6       60         0
                text42                             3DD8     3DD8       E2         0
                text41                             4E6C     4E6C       24         0
                text40                             4B72     4B72       50         0
                text39                             4E20     4E20       28         0
                text38                             3F98     3F98       DA         0
                text37                             46A0     46A0       7C         0
                text36                             4072     4072       CE         0
                text35                             460E     460E       92         0
                text34                             3BE8     3BE8       F8         0
                text33                             39CA     39CA      116         0
                text32                             2ECE     2ECE      21C         0
                text31                             376A     376A      130         0
                text30                             34A4     34A4      194         0
                text29                             30EA     30EA      1F6         0
                text28                             4872     4872       6E         0
                text27                             4DF8     4DF8       28         0
                text26                             4ED2     4ED2       16         0
                text25                             3EBA     3EBA       DE         0
                text24                             4B18     4B18       5A         0
                text23                             2218     2218      6FC         0
                text22                             4C5E     4C5E       48         0
                text21                             4CEA     4CEA       42         0
                text20                             4A62     4A62       5C         0
                text19                             32E0     32E0      1C4         0
                text18                             4A06     4A06       5C         0
                text17                             4C12     4C12       4C         0
                text16                             4E90     4E90       22         0
                text15                             4F0C     4F0C        E         0
                text14                             2914     2914      33C         0
                text13                             4794     4794       70         0
                text12                             471C     471C       78         0
                text11                             457A     457A       94         0
                text10                             3AE0     3AE0      108         0
                text9                              4E48     4E48       24         0
                text8                              42D2     42D2       BE         0
                text7                              4ABE     4ABE       5A         0
                text6                              4DA6     4DA6       2A         0
                text5                              48E0     48E0       66         0
                text4                              4D2C     4D2C       3E         0
                text3                              4EE8     4EE8       14         0
                text2                              4EFC     4EFC       10         0
                text1                              4DD0     4DD0       28         0
                text0                                1C       1C     21FC         0
                cinit                              4804     4804       6E         0
                idataBANK1                         4946     4946       60         0

        CLASS   CONST          

        CLASS   SMALLCONST     

        CLASS   MEDIUMCONST    
                mediumconst                        7A70     7A70      590         0

        CLASS   COMRAM         
                cstackCOMRAM                          1        1       43         1
                bssCOMRAM                            44       44        E         1

        CLASS   ABS1           

        CLASS   BIGRAM         
                bssBIGRAM                           34B      34B      276         1

        CLASS   RAM            

        CLASS   BANK0          
                cstackBANK0                          60       60       51         1
                bssBANK0                             B1       B1       12         1

        CLASS   BANK1          
                dataBANK1                           19C      19C       60         1
                bssBANK1                            100      100       9C         1

        CLASS   BANK2          
                bssBANK2                            200      200       E8         1

        CLASS   BANK3          
                cstackBANK3                         300      300       4B         1

        CLASS   BANK4          

        CLASS   BANK5          

        CLASS   BANK6          

        CLASS   BANK7          

        CLASS   SFR            

        CLASS   FARRAM         

        CLASS   CONFIG         
                config                           300000   300000        E         0

        CLASS   IDLOC          
                idloc                            200000   200000        8         0

        CLASS   EEDATA         



SEGMENTS        Name                           Load    Length   Top    Selector   Space  Class

                reset_vec                      000000  000004  000004         0       0  CODE    
                cstackCOMRAM                   000001  000051  000052         1       1  COMRAM  
                intcode                        000008  004F12  004F1A         4       0  CODE    
                cstackBANK0                    000060  000063  0000C3        60       1  BANK0   
                bssBANK1                       000100  0000FC  0001FC       100       1  BANK1   
                bssBANK2                       000200  0000E8  0002E8       200       1  BANK2   
                cstackBANK3                    000300  00004B  00034B       300       1  BANK3   
                bssBIGRAM                      00034B  000276  0005C1       34B       1  BIGRAM  
                mediumconst                    007A70  000590  008000      3D38       0  MEDIUMCO
                idloc                          200000  000008  200008    200000       0  IDLOC   
                config                         300000  00000E  30000E    300000       0  CONFIG  


UNUSED ADDRESS RANGES

        Name                Unused          Largest block    Delta
        BANK0            0000C3-0000FF               3D
        BANK1            0001FC-0001FF                4
        BANK2            0002E8-0002FF               18
        BANK5            0005C1-0005FF               3F
        BANK6            000600-0006FF              100
        BANK7            000700-0007FF              100
        BIGRAM           000052-00005F                E
                         0000C3-0000FF               3D
                         0001FC-0001FF                4
                         0002E8-0002FF               18
                         0005C1-0007FF              23F
        CODE             000004-000007                4
                         004F1A-007A6F             2B56
        COMRAM           000052-00005F                E
        CONST            000004-000007                4
                         004F1A-007A6F             2B56
        EEDATA           F00000-F000FF              100
        MEDIUMCONST      004F1A-007A6F             2B56
        RAM              0000C3-0000FF               3D
                         0001FC-0001FF                4
                         0002E8-0002FF               18
                         0005C1-0007FF              100
        SFR              000F60-000FFF               A0
        SMALLCONST       004F1A-007A6F              100
        STACK            0005C1-0007FF              23F

                                  Symbol Table

?_Interval                    cstackBANK0  00007B
?___aldiv                     cstackCOMRAM 00000F
?___almod                     cstackCOMRAM 00000F
?___altoft                    cstackCOMRAM 00001D
?___awdiv                     cstackCOMRAM 00000F
?___awtoft                    cstackCOMRAM 00001D
?___ftadd                     cstackBANK0  000060
?___ftdiv                     cstackCOMRAM 000021
?___ftmul                     cstackCOMRAM 000030
?___ftneg                     cstackCOMRAM 00003F
?___ftpack                    cstackCOMRAM 00000F
?___ftsub                     cstackBANK0  00006C
?___fttol                     cstackBANK0  00006C
?___lltoft                    cstackCOMRAM 000017
?___lmul                      cstackCOMRAM 00001D
?___lwdiv                     cstackCOMRAM 00000F
?___lwmod                     cstackCOMRAM 000016
?___wmul                      cstackCOMRAM 000017
?_eval_poly                   cstackBANK0  00006C
?_exp                         cstackBANK0  000083
?_floor                       cstackBANK0  00007B
?_frexp                       cstackCOMRAM 00000F
?_ldexp                       cstackBANK0  000076
?_log                         cstackBANK0  000076
?_pow                         cstackBANK0  00008C
?_printf                      cstackBANK0  000085
AdvanceLow@kd                 cstackBANK0  000086
AdvanceLow@kp                 cstackBANK0  000083
AdvanceLow@speed              cstackBANK0  000089
CheckMem@data                 cstackCOMRAM 000012
CheckMem@rta                  cstackCOMRAM 000015
Compute@x                     cstackBANK0  0000A5
EnhancedRead@aux              cstackCOMRAM 000018
EnhancedRead@i                cstackCOMRAM 00001A
GetValue@add                  cstackCOMRAM 000018
GetValue@data                 cstackCOMRAM 000014
GetValue@item                 cstackCOMRAM 000012
GetValue@rta                  cstackCOMRAM 00001B
Interval@a                    cstackBANK0  000083
Interval@end                  cstackBANK0  00007D
Interval@start                cstackBANK0  00007B
Interval@t                    cstackBANK0  00007F
Interval@total                cstackBANK0  000081
Length@add                    cstackCOMRAM 000016
Length@data                   cstackCOMRAM 000012
Length@rta                    cstackCOMRAM 000019
Line@a                        cstackBANK0  000064
Line@b                        cstackBANK0  000068
Line@g                        cstackBANK0  00006C
Line@i                        cstackBANK0  000071
Line@i_1804                   cstackBANK0  000073
Line@j                        cstackBANK0  00006F
Line@j_1803                   cstackBANK0  00006D
Line@v                        cstackBANK0  000075
Line@w                        cstackBANK0  000060
Load@x                        cstackCOMRAM 00001E
MotorASpeed@S                 cstackCOMRAM 000017
MotorBSpeed@S                 cstackCOMRAM 000017
MotorsSpeed@A                 cstackBANK0  00007B
MotorsSpeed@B                 cstackBANK0  00007D
PlotCompute@x                 cstackBANK0  00009E
ReadMem@addr                  cstackCOMRAM 000011
ReadMem@data                  cstackCOMRAM 00000F
Save@sum                      cstackBANK0  0000A4
Save@x                        cstackBANK0  0000A5
ShowMem@x                     cstackBANK0  00009F
WriteMem@addr                 cstackCOMRAM 000010
WriteMem@data                 cstackCOMRAM 00000F
_ACEL                         bssBIGRAM    00034B
_ADCON0bits                   (abs)        000FC2
_ADCON1bits                   (abs)        000FC1
_ADCON2bits                   (abs)        000FC0
_ADRESH                       (abs)        000FC4
_ADRESL                       (abs)        000FC3
_AdvanceLow                   text46       00389A
_BAUDCONbits                  (abs)        000FB8
_CCP1CONbits                  (abs)        000FBD
_CCP2CONbits                  (abs)        000FBA
_CCPR1L                       (abs)        000FBE
_CCPR2L                       (abs)        000FBB
_CMCON                        (abs)        000FB4
_CURVE_ACEL_TIME              dataBANK1    0001F4
_CheckMem                     text44       004BC2
_CheckMem$1772                cstackCOMRAM 000014
_Compute                      text29       0030EA
_Compute$2565                 cstackBANK0  00009F
_Compute$2566                 cstackBANK0  0000A2
_EEADR                        (abs)        000FA9
_EECON1bits                   (abs)        000FA6
_EECON2                       (abs)        000FA7
_EEDATA                       (abs)        000FA8
_EnhancedRead                 text28       004872
_EreaseAll                    text26       004ED2
_GetValue                     text22       004C5E
_GetValue$1791                cstackCOMRAM 000019
_ICEL                         bssBIGRAM    000486
_INTCON2bits                  (abs)        000FF1
_INTCONbits                   (abs)        000FF2
_InitAnalog                   text6        004DA6
_InitTIMERS                   text5        0048E0
_Interval                     text19       0032E0
_LEN                          bssBANK2     000200
_LOW_SPEED                    dataBANK1    0001F6
_Length                       text21       004CEA
_Length$1781                  cstackCOMRAM 000017
_Line                         text23       002218
_Load                         text20       004A62
_MF                           bssCOMRAM    000050
_MotorASpeed                  text54       00443A
_MotorBSpeed                  text53       004390
_MotorsPWM                    text4        004D2C
_MotorsSpeed                  text52       004CA6
_MotorsSpeed$1455             cstackBANK0  00007F
_MotorsSpeed$1457             cstackBANK0  000081
_OSCCONbits                   (abs)        000FD3
_P                            bssBANK1     000100
_PORTAbits                    (abs)        000F80
_PORTBbits                    (abs)        000F81
_PORTDbits                    (abs)        000F83
_PORTEbits                    (abs)        000F84
_PR2                          (abs)        000FCB
_PlotCompute                  text13       004794
_RCONbits                     (abs)        000FD0
_RCSTAbits                    (abs)        000FAB
_RECT_ACEL_TIME               dataBANK1    0001F8
_RECT_STOP_TIME               dataBANK1    0001FA
_RWM                          bssCOMRAM    000051
_ReadMem                      text45       004EB2
_ResetCounter                 text3        004EE8
_SPBRG                        (abs)        000FAF
_SPBRGH                       (abs)        000FB0
_Save                         text11       00457A
_Save$1775                    cstackBANK0  0000A2
_ShowMem                      text12       00471C
_T0CONbits                    (abs)        000FD5
_T1CONbits                    (abs)        000FCD
_T2CKPS0                      (abs)        007E50
_T2CKPS1                      (abs)        007E51
_T2CONbits                    (abs)        000FCA
_T2OUTPS0                     (abs)        007E53
_T2OUTPS1                     (abs)        007E54
_T2OUTPS2                     (abs)        007E55
_T2OUTPS3                     (abs)        007E56
_TIME                         bssBANK0     0000B1
_TIME2                        bssBANK1     000160
_TIME3                        bssBANK1     000164
_TIME4                        bssBANK0     0000B5
_TIME5                        bssBANK1     000168
_TIME6                        bssBANK1     00016C
_TIMEFRENO                    dataBANK1    0001EA
_TMR0H                        (abs)        000FD7
_TMR0IF                       (abs)        007F92
_TMR0L                        (abs)        000FD6
_TMR1H                        (abs)        000FCF
_TMR1L                        (abs)        000FCE
_TMR2ON                       (abs)        007E52
_TOTAL                        bssBANK0     0000C1
_TRISAbits                    (abs)        000F92
_TRISBbits                    (abs)        000F93
_TRISCbits                    (abs)        000F94
_TRISDbits                    (abs)        000F95
_TRISEbits                    (abs)        000F96
_TXIF                         (abs)        007CF4
_TXREG                        (abs)        000FAD
_TXSTAbits                    (abs)        000FAC
_UCFGbits                     (abs)        000F6F
_UCONbits                     (abs)        000F6D
_UpdateDir                    text10       003AE0
_V                            bssBANK2     0002C8
_VEL                          dataBANK1    0001C0
_VKD                          dataBANK1    00019C
_VKP                          dataBANK1    0001AE
_WAITFRENAR                   bssBANK1     000170
_WAITIME                      bssBANK1     000174
_Wixel                        text9        004E48
_WriteMem                     text27       004DF8
__CFG_BOR$OFF                 (abs)        000000
__CFG_BORV$3                  (abs)        000000
__CFG_CCP2MX$ON               (abs)        000000
__CFG_CP0$OFF                 (abs)        000000
__CFG_CP1$OFF                 (abs)        000000
__CFG_CP2$OFF                 (abs)        000000
__CFG_CP3$OFF                 (abs)        000000
__CFG_CPB$OFF                 (abs)        000000
__CFG_CPD$OFF                 (abs)        000000
__CFG_CPUDIV$OSC1_PLL2        (abs)        000000
__CFG_DEBUG$OFF               (abs)        000000
__CFG_EBTR0$OFF               (abs)        000000
__CFG_EBTR1$OFF               (abs)        000000
__CFG_EBTR2$OFF               (abs)        000000
__CFG_EBTR3$OFF               (abs)        000000
__CFG_EBTRB$OFF               (abs)        000000
__CFG_FCMEN$OFF               (abs)        000000
__CFG_FOSC$HSPLL_HS           (abs)        000000
__CFG_ICPRT$OFF               (abs)        000000
__CFG_IESO$OFF                (abs)        000000
__CFG_LPT1OSC$OFF             (abs)        000000
__CFG_LVP$OFF                 (abs)        000000
__CFG_MCLRE$OFF               (abs)        000000
__CFG_PBADEN$OFF              (abs)        000000
__CFG_PLLDIV$5                (abs)        000000
__CFG_PWRT$OFF                (abs)        000000
__CFG_STVREN$ON               (abs)        000000
__CFG_USBDIV$2                (abs)        000000
__CFG_VREGEN$OFF              (abs)        000000
__CFG_WDT$OFF                 (abs)        000000
__CFG_WDTPS$32768             (abs)        000000
__CFG_WRT0$OFF                (abs)        000000
__CFG_WRT1$OFF                (abs)        000000
__CFG_WRT2$OFF                (abs)        000000
__CFG_WRT3$OFF                (abs)        000000
__CFG_WRTB$OFF                (abs)        000000
__CFG_WRTC$OFF                (abs)        000000
__CFG_WRTD$OFF                (abs)        000000
__CFG_XINST$OFF               (abs)        000000
__HRAM                        (abs)        000000
__Habs1                       abs1         000000
__Hbank0                      bank0        000000
__Hbank1                      bank1        000000
__Hbank2                      bank2        000000
__Hbank3                      bank3        000000
__Hbank4                      bank4        000000
__Hbank5                      bank5        000000
__Hbank6                      bank6        000000
__Hbank7                      bank7        000000
__Hbigbss                     bigbss       000000
__Hbigdata                    bigdata      000000
__Hbigram                     bigram       000000
__Hbss                        bss          000000
__HbssBANK0                   bssBANK0     000000
__HbssBANK1                   bssBANK1     000000
__HbssBANK2                   bssBANK2     000000
__HbssBIGRAM                  bssBIGRAM    000000
__HbssCOMRAM                  bssCOMRAM    000000
__Hcinit                      cinit        000000
__Hclrtext                    clrtext      000000
__Hcomram                     comram       000000
__Hconfig                     config       30000E
__Hconst                      const        000000
__HcstackBANK0                cstackBANK0  000000
__HcstackBANK3                cstackBANK3  000000
__HcstackCOMRAM               cstackCOMRAM 000000
__Hdata                       data         000000
__HdataBANK1                  dataBANK1    000000
__Heeprom_data                eeprom_data  000000
__Hend_init                   end_init     00001C
__Hfarbss                     farbss       000000
__Hfardata                    fardata      000000
__Hibigdata                   ibigdata     000000
__Hidata                      idata        000000
__HidataBANK1                 idataBANK1   000000
__Hidloc                      idloc        200008
__Hifardata                   ifardata     000000
__Hinit                       init         000018
__Hintcode                    intcode      000018
__Hintcode_body               intcode_body 000000
__Hintcodelo                  intcodelo    000018
__Hintentry                   intentry     000000
__Hintret                     intret       000000
__Hintsave_regs               intsave_regs 000000
__Hirdata                     irdata       000000
__Hmediumconst                mediumconst  008000
__HnvFARRAM                   nvFARRAM     000000
__Hnvbit                      nvbit        000000
__Hnvrram                     nvrram       000000
__Hparam                      rparam       000000
__Hpowerup                    powerup      000018
__Hram                        ram          000000
__Hramtop                     ramtop       000800
__Hrbit                       rbit         000000
__Hrbss                       rbss         000000
__Hrdata                      rdata        000000
__Hreset_vec                  reset_vec    000004
__Hrparam                     rparam       000000
__Hsfr                        sfr          000000
__Hsmallconst                 smallconst   000000
__Hspace_0                    (abs)        30000E
__Hspace_1                    (abs)        0005C1
__Hspace_2                    (abs)        000000
__Hstack                      stack        000000
__Hstruct                     struct       000000
__Htemp                       temp         000000
__Htext                       text         000000
__Htext0                      text0        000000
__Htext1                      text1        000000
__Htext10                     text10       000000
__Htext11                     text11       000000
__Htext12                     text12       000000
__Htext13                     text13       000000
__Htext14                     text14       000000
__Htext15                     text15       000000
__Htext16                     text16       000000
__Htext17                     text17       000000
__Htext18                     text18       000000
__Htext19                     text19       000000
__Htext2                      text2        000000
__Htext20                     text20       000000
__Htext21                     text21       000000
__Htext22                     text22       000000
__Htext23                     text23       000000
__Htext24                     text24       000000
__Htext25                     text25       000000
__Htext26                     text26       000000
__Htext27                     text27       000000
__Htext28                     text28       000000
__Htext29                     text29       000000
__Htext3                      text3        000000
__Htext30                     text30       000000
__Htext31                     text31       000000
__Htext32                     text32       000000
__Htext33                     text33       000000
__Htext34                     text34       000000
__Htext35                     text35       000000
__Htext36                     text36       000000
__Htext37                     text37       000000
__Htext38                     text38       000000
__Htext39                     text39       000000
__Htext4                      text4        000000
__Htext40                     text40       000000
__Htext41                     text41       000000
__Htext42                     text42       000000
__Htext43                     text43       000000
__Htext44                     text44       000000
__Htext45                     text45       000000
__Htext46                     text46       000000
__Htext47                     text47       000000
__Htext48                     text48       000000
__Htext49                     text49       000000
__Htext5                      text5        000000
__Htext50                     text50       000000
__Htext51                     text51       000000
__Htext52                     text52       000000
__Htext53                     text53       000000
__Htext54                     text54       000000
__Htext55                     text55       000000
__Htext6                      text6        000000
__Htext7                      text7        000000
__Htext8                      text8        000000
__Htext9                      text9        000000
__LRAM                        (abs)        000001
__Labs1                       abs1         000000
__Lbank0                      bank0        000000
__Lbank1                      bank1        000000
__Lbank2                      bank2        000000
__Lbank3                      bank3        000000
__Lbank4                      bank4        000000
__Lbank5                      bank5        000000
__Lbank6                      bank6        000000
__Lbank7                      bank7        000000
__Lbigbss                     bigbss       000000
__Lbigdata                    bigdata      000000
__Lbigram                     bigram       000000
__Lbss                        bss          000000
__LbssBANK0                   bssBANK0     000000
__LbssBANK1                   bssBANK1     000000
__LbssBANK2                   bssBANK2     000000
__LbssBIGRAM                  bssBIGRAM    000000
__LbssCOMRAM                  bssCOMRAM    000000
__Lcinit                      cinit        000000
__Lclrtext                    clrtext      000000
__Lcomram                     comram       000000
__Lconfig                     config       300000
__Lconst                      const        000000
__LcstackBANK0                cstackBANK0  000000
__LcstackBANK3                cstackBANK3  000000
__LcstackCOMRAM               cstackCOMRAM 000000
__Ldata                       data         000000
__LdataBANK1                  dataBANK1    000000
__Leeprom_data                eeprom_data  000000
__Lend_init                   end_init     000018
__Lfarbss                     farbss       000000
__Lfardata                    fardata      000000
__Libigdata                   ibigdata     000000
__Lidata                      idata        000000
__LidataBANK1                 idataBANK1   000000
__Lidloc                      idloc        200000
__Lifardata                   ifardata     000000
__Linit                       init         000018
__Lintcode                    intcode      000008
__Lintcode_body               intcode_body 000000
__Lintcodelo                  intcodelo    000018
__Lintentry                   intentry     000000
__Lintret                     intret       000000
__Lintsave_regs               intsave_regs 000000
__Lirdata                     irdata       000000
__Lmediumconst                mediumconst  007A70
__LnvFARRAM                   nvFARRAM     000000
__Lnvbit                      nvbit        000000
__Lnvrram                     nvrram       000000
__Lparam                      rparam       000000
__Lpowerup                    powerup      000018
__Lram                        ram          000000
__Lramtop                     ramtop       000800
__Lrbit                       rbit         000000
__Lrbss                       rbss         000000
__Lrdata                      rdata        000000
__Lreset_vec                  reset_vec    000000
__Lrparam                     rparam       000000
__Lsfr                        sfr          000000
__Lsmallconst                 smallconst   000000
__Lspace_0                    (abs)        000000
__Lspace_1                    (abs)        000000
__Lspace_2                    (abs)        000000
__Lstack                      stack        000000
__Lstruct                     struct       000000
__Ltemp                       temp         000000
__Ltext                       text         000000
__Ltext0                      text0        000000
__Ltext1                      text1        000000
__Ltext10                     text10       000000
__Ltext11                     text11       000000
__Ltext12                     text12       000000
__Ltext13                     text13       000000
__Ltext14                     text14       000000
__Ltext15                     text15       000000
__Ltext16                     text16       000000
__Ltext17                     text17       000000
__Ltext18                     text18       000000
__Ltext19                     text19       000000
__Ltext2                      text2        000000
__Ltext20                     text20       000000
__Ltext21                     text21       000000
__Ltext22                     text22       000000
__Ltext23                     text23       000000
__Ltext24                     text24       000000
__Ltext25                     text25       000000
__Ltext26                     text26       000000
__Ltext27                     text27       000000
__Ltext28                     text28       000000
__Ltext29                     text29       000000
__Ltext3                      text3        000000
__Ltext30                     text30       000000
__Ltext31                     text31       000000
__Ltext32                     text32       000000
__Ltext33                     text33       000000
__Ltext34                     text34       000000
__Ltext35                     text35       000000
__Ltext36                     text36       000000
__Ltext37                     text37       000000
__Ltext38                     text38       000000
__Ltext39                     text39       000000
__Ltext4                      text4        000000
__Ltext40                     text40       000000
__Ltext41                     text41       000000
__Ltext42                     text42       000000
__Ltext43                     text43       000000
__Ltext44                     text44       000000
__Ltext45                     text45       000000
__Ltext46                     text46       000000
__Ltext47                     text47       000000
__Ltext48                     text48       000000
__Ltext49                     text49       000000
__Ltext5                      text5        000000
__Ltext50                     text50       000000
__Ltext51                     text51       000000
__Ltext52                     text52       000000
__Ltext53                     text53       000000
__Ltext54                     text54       000000
__Ltext55                     text55       000000
__Ltext6                      text6        000000
__Ltext7                      text7        000000
__Ltext8                      text8        000000
__Ltext9                      text9        000000
__S0                          (abs)        30000E
__S1                          (abs)        0005C1
__S2                          (abs)        000000
___aldiv                      text25       003EBA
___aldiv@counter              cstackCOMRAM 000017
___aldiv@dividend             cstackCOMRAM 00000F
___aldiv@divisor              cstackCOMRAM 000013
___aldiv@quotient             cstackCOMRAM 000019
___aldiv@sign                 cstackCOMRAM 000018
___almod                      text8        0042D2
___almod@counter              cstackCOMRAM 000017
___almod@dividend             cstackCOMRAM 00000F
___almod@divisor              cstackCOMRAM 000013
___almod@sign                 cstackCOMRAM 000018
___altoft                     text37       0046A0
___altoft@c                   cstackCOMRAM 00001D
___altoft@exp                 cstackCOMRAM 000025
___altoft@sign                cstackCOMRAM 000026
___awdiv                      text55       0044E4
___awdiv@counter              cstackCOMRAM 000013
___awdiv@dividend             cstackCOMRAM 00000F
___awdiv@divisor              cstackCOMRAM 000011
___awdiv@quotient             cstackCOMRAM 000015
___awdiv@sign                 cstackCOMRAM 000014
___awtoft                     text50       004D6A
___awtoft@c                   cstackCOMRAM 00001D
___awtoft@sign                cstackCOMRAM 000020
___ftadd                      text49       002C50
___ftadd@exp1                 cstackBANK0  00006B
___ftadd@exp2                 cstackBANK0  00006A
___ftadd@f1                   cstackBANK0  000060
___ftadd@f2                   cstackBANK0  000063
___ftadd@sign                 cstackBANK0  000069
___ftdiv                      text42       003DD8
___ftdiv@cntr                 cstackCOMRAM 00002A
___ftdiv@exp                  cstackCOMRAM 00002E
___ftdiv@f1                   cstackCOMRAM 000021
___ftdiv@f2                   cstackCOMRAM 000024
___ftdiv@f3                   cstackCOMRAM 00002B
___ftdiv@sign                 cstackCOMRAM 00002F
___ftge                       text36       004072
___ftge@ff1                   cstackBANK0  00006C
___ftge@ff2                   cstackBANK0  00006F
___ftmul                      text48       003CE0
___ftmul@cntr                 cstackCOMRAM 00003D
___ftmul@exp                  cstackCOMRAM 000039
___ftmul@f1                   cstackCOMRAM 000030
___ftmul@f2                   cstackCOMRAM 000033
___ftmul@f3_as_product        cstackCOMRAM 00003A
___ftmul@sign                 cstackCOMRAM 00003E
___ftneg                      text41       004E6C
___ftneg@f1                   cstackCOMRAM 00003F
___ftpack                     text51       00420C
___ftpack@arg                 cstackCOMRAM 00000F
___ftpack@exp                 cstackCOMRAM 000012
___ftpack@sign                cstackCOMRAM 000013
___ftsub                      text40       004B72
___ftsub@f1                   cstackBANK0  00006C
___ftsub@f2                   cstackBANK0  00006F
___fttol                      text47       003638
___fttol@exp1                 cstackBANK0  00007A
___fttol@f1                   cstackBANK0  00006C
___fttol@lval                 cstackBANK0  000076
___fttol@sign1                cstackBANK0  000075
___inthi_sp                   stack        000000
___intlo_sp                   stack        000000
___lltoft                     text43       0049A6
___lltoft@c                   cstackCOMRAM 000017
___lltoft@exp                 cstackCOMRAM 00001F
___lmul                       text24       004B18
___lmul@multiplicand          cstackCOMRAM 000021
___lmul@multiplier            cstackCOMRAM 00001D
___lmul@product               cstackCOMRAM 000025
___lwdiv                      text18       004A06
___lwdiv@counter              cstackCOMRAM 000013
___lwdiv@dividend             cstackCOMRAM 00000F
___lwdiv@divisor              cstackCOMRAM 000011
___lwdiv@quotient             cstackCOMRAM 000014
___lwmod                      text17       004C12
___lwmod@counter              cstackCOMRAM 00001A
___lwmod@dividend             cstackCOMRAM 000016
___lwmod@divisor              cstackCOMRAM 000018
___param_bank                 (abs)        000010
___rparam_used                (abs)        000001
___sp                         stack        000000
___wmul                       text39       004E20
___wmul@multiplicand          cstackCOMRAM 000019
___wmul@multiplier            cstackCOMRAM 000017
___wmul@product               cstackCOMRAM 00001B
__accesstop                   (abs)        000060
__activetblptr                (abs)        000002
__end_of_AdvanceLow           text46       0039CA
__end_of_CheckMem             text44       004C12
__end_of_Compute              text29       0032E0
__end_of_EnhancedRead         text28       0048E0
__end_of_EreaseAll            text26       004EE8
__end_of_GetValue             text22       004CA6
__end_of_InitAnalog           text6        004DD0
__end_of_InitTIMERS           text5        004946
__end_of_Interval             text19       0034A4
__end_of_Length               text21       004D2C
__end_of_Line                 text23       002914
__end_of_Load                 text20       004ABE
__end_of_MotorASpeed          text54       0044E4
__end_of_MotorBSpeed          text53       00443A
__end_of_MotorsPWM            text4        004D6A
__end_of_MotorsSpeed          text52       004CEA
__end_of_PlotCompute          text13       004804
__end_of_ReadMem              text45       004ED2
__end_of_ResetCounter         text3        004EFC
__end_of_Save                 text11       00460E
__end_of_ShowMem              text12       004794
__end_of_UpdateDir            text10       003BE8
__end_of_Wixel                text9        004E6C
__end_of_WriteMem             text27       004E20
__end_of___aldiv              text25       003F98
__end_of___almod              text8        004390
__end_of___altoft             text37       00471C
__end_of___awdiv              text55       00457A
__end_of___awtoft             text50       004DA6
__end_of___ftadd              text49       002ECE
__end_of___ftdiv              text42       003EBA
__end_of___ftge               text36       004140
__end_of___ftmul              text48       003DD8
__end_of___ftneg              text41       004E90
__end_of___ftpack             text51       0042D2
__end_of___ftsub              text40       004BC2
__end_of___fttol              text47       00376A
__end_of___lltoft             text43       004A06
__end_of___lmul               text24       004B72
__end_of___lwdiv              text18       004A62
__end_of___lwmod              text17       004C5E
__end_of___wmul               text39       004E48
__end_of__initialization      cinit        004868
__end_of_configurations_init  text2        004F0C
__end_of_dpowers              mediumconst  007A7B
__end_of_enc                  intcode_body 00420C
__end_of_eval_poly            text38       004072
__end_of_exp                  text32       0030EA
__end_of_floor                text34       003CE0
__end_of_frexp                text35       0046A0
__end_of_initLED              text7        004B18
__end_of_initYBOT             text1        004DF8
__end_of_isdigit              text16       004EB2
__end_of_ldexp                text33       003AE0
__end_of_log                  text31       00389A
__end_of_main                 text0        002218
__end_of_pow                  text30       003638
__end_of_printf               text14       002C50
__end_of_putch                text15       004F1A
__end_ofexp@coeff             mediumconst  007A99
__end_oflog@coeff             mediumconst  007AB4
__initialization              cinit        004804
__mediumconst                 mediumconst  007A70
__pbssBANK0                   bssBANK0     0000B1
__pbssBANK1                   bssBANK1     000100
__pbssBANK2                   bssBANK2     000200
__pbssBIGRAM                  bssBIGRAM    00034B
__pbssCOMRAM                  bssCOMRAM    000044
__pcinit                      cinit        004804
__pcstackBANK0                cstackBANK0  000060
__pcstackBANK3                cstackBANK3  000300
__pcstackCOMRAM               cstackCOMRAM 000001
__pdataBANK1                  dataBANK1    00019C
__pidataBANK1                 idataBANK1   004946
__pintcode                    intcode      000008
__pintcode_body               intcode_body 004140
__pmediumconst                mediumconst  007A70
__ptext0                      text0        00001C
__ptext1                      text1        004DD0
__ptext10                     text10       003AE0
__ptext11                     text11       00457A
__ptext12                     text12       00471C
__ptext13                     text13       004794
__ptext14                     text14       002914
__ptext15                     text15       004F0C
__ptext16                     text16       004E90
__ptext17                     text17       004C12
__ptext18                     text18       004A06
__ptext19                     text19       0032E0
__ptext2                      text2        004EFC
__ptext20                     text20       004A62
__ptext21                     text21       004CEA
__ptext22                     text22       004C5E
__ptext23                     text23       002218
__ptext24                     text24       004B18
__ptext25                     text25       003EBA
__ptext26                     text26       004ED2
__ptext27                     text27       004DF8
__ptext28                     text28       004872
__ptext29                     text29       0030EA
__ptext3                      text3        004EE8
__ptext30                     text30       0034A4
__ptext31                     text31       00376A
__ptext32                     text32       002ECE
__ptext33                     text33       0039CA
__ptext34                     text34       003BE8
__ptext35                     text35       00460E
__ptext36                     text36       004072
__ptext37                     text37       0046A0
__ptext38                     text38       003F98
__ptext39                     text39       004E20
__ptext4                      text4        004D2C
__ptext40                     text40       004B72
__ptext41                     text41       004E6C
__ptext42                     text42       003DD8
__ptext43                     text43       0049A6
__ptext44                     text44       004BC2
__ptext45                     text45       004EB2
__ptext46                     text46       00389A
__ptext47                     text47       003638
__ptext48                     text48       003CE0
__ptext49                     text49       002C50
__ptext5                      text5        0048E0
__ptext50                     text50       004D6A
__ptext51                     text51       00420C
__ptext52                     text52       004CA6
__ptext53                     text53       004390
__ptext54                     text54       00443A
__ptext55                     text55       0044E4
__ptext6                      text6        004DA6
__ptext7                      text7        004ABE
__ptext8                      text8        0042D2
__ptext9                      text9        004E48
__ramtop                      ramtop       000800
__size_of_AdvanceLow          (abs)        000000
__size_of_CheckMem            (abs)        000000
__size_of_Compute             (abs)        000000
__size_of_EnhancedRead        (abs)        000000
__size_of_EreaseAll           (abs)        000000
__size_of_GetValue            (abs)        000000
__size_of_InitAnalog          (abs)        000000
__size_of_InitTIMERS          (abs)        000000
__size_of_Interval            (abs)        000000
__size_of_Length              (abs)        000000
__size_of_Line                (abs)        000000
__size_of_Load                (abs)        000000
__size_of_MotorASpeed         (abs)        000000
__size_of_MotorBSpeed         (abs)        000000
__size_of_MotorsPWM           (abs)        000000
__size_of_MotorsSpeed         (abs)        000000
__size_of_PlotCompute         (abs)        000000
__size_of_ReadMem             (abs)        000000
__size_of_ResetCounter        (abs)        000000
__size_of_Save                (abs)        000000
__size_of_ShowMem             (abs)        000000
__size_of_UpdateDir           (abs)        000000
__size_of_Wixel               (abs)        000000
__size_of_WriteMem            (abs)        000000
__size_of___aldiv             (abs)        000000
__size_of___almod             (abs)        000000
__size_of___altoft            (abs)        000000
__size_of___awdiv             (abs)        000000
__size_of___awtoft            (abs)        000000
__size_of___ftadd             (abs)        000000
__size_of___ftdiv             (abs)        000000
__size_of___ftge              (abs)        000000
__size_of___ftmul             (abs)        000000
__size_of___ftneg             (abs)        000000
__size_of___ftpack            (abs)        000000
__size_of___ftsub             (abs)        000000
__size_of___fttol             (abs)        000000
__size_of___lltoft            (abs)        000000
__size_of___lmul              (abs)        000000
__size_of___lwdiv             (abs)        000000
__size_of___lwmod             (abs)        000000
__size_of___wmul              (abs)        000000
__size_of_configurations_init (abs)        000000
__size_of_enc                 (abs)        000000
__size_of_eval_poly           (abs)        000000
__size_of_exp                 (abs)        000000
__size_of_floor               (abs)        000000
__size_of_frexp               (abs)        000000
__size_of_initLED             (abs)        000000
__size_of_initYBOT            (abs)        000000
__size_of_isdigit             (abs)        000000
__size_of_ldexp               (abs)        000000
__size_of_log                 (abs)        000000
__size_of_main                (abs)        000000
__size_of_pow                 (abs)        000000
__size_of_printf              (abs)        000000
__size_of_putch               (abs)        000000
__smallconst                  smallconst   000000
_amax                         bssBANK1     000120
_amin                         bssBANK1     000140
_b2                           bssBANK1     00019A
_ca                           bssBANK1     00017E
_cb                           bssBANK1     000180
_configurations_init          text2        004EFC
_cox                          bssBANK1     000182
_der                          bssBANK1     000184
_dpowers                      mediumconst  007A71
_enc                          intcode      000008
_errno                        bssBANK1     000186
_eval_poly                    text38       003F98
_exp                          text32       002ECE
_exp$2578                     cstackBANK0  000086
_f                            bssCOMRAM    000044
_fa                           bssBANK1     000188
_fb                           bssBANK1     00018A
_flag_line                    bssCOMRAM    000046
_floor                        text34       003BE8
_fns                          bssBANK0     0000B9
_formula                      bssCOMRAM    000048
_frexp                        text35       00460E
_fw                           dataBANK1    0001CC
_gf                           bssBANK1     00018C
_initLED                      text7        004ABE
_initYBOT                     text1        004DD0
_isdigit                      text16       004E90
_isdigit$2200                 cstackCOMRAM 000010
_kd                           bssBANK1     000178
_kp                           bssBANK1     00017B
_last                         bssBANK1     00018E
_ldexp                        text33       0039CA
_line                         bssCOMRAM    00004A
_log                          text31       00376A
_ma                           bssBANK0     0000BB
_main                         text0        00001C
_main$1848                    cstackBANK3  000332
_main$1854                    cstackBANK3  000334
_main$1877                    cstackBANK3  000318
_main$1878                    cstackBANK3  00031A
_main$1879                    cstackBANK3  00031C
_main$1880                    cstackBANK3  00031E
_main$1884                    cstackBANK3  000320
_main$1885                    cstackBANK3  000322
_main$1897                    cstackBANK3  000324
_main$1898                    cstackBANK3  000326
_main$2567                    cstackBANK3  00030C
_main$2568                    cstackBANK3  00030E
_main$2569                    cstackBANK3  000310
_main$2570                    cstackBANK3  000312
_main$2571                    cstackBANK3  000314
_main$2572                    cstackBANK3  000316
_main$2573                    cstackBANK3  000340
_main$2574                    cstackBANK3  00032A
_main$2575                    cstackBANK3  00032D
_mb                           bssBANK0     0000BD
_mm                           bssBANK1     00019B
_mod                          bssBANK1     000190
_pasada                       bssBANK1     000192
_pd                           dataBANK1    0001D6
_pow                          text30       0034A4
_pow$2576                     cstackBANK0  000092
_pow$2577                     cstackBANK0  000095
_printf                       text14       002914
_putch                        text15       004F0C
_rcount                       bssBANK0     0000BF
_rf                           bssBANK1     000194
_sd                           dataBANK1    0001E0
_speed                        bssCOMRAM    00004C
_speedMode                    bssBANK1     000196
_status                       bssBANK1     000198
_test_kd                      dataBANK1    0001EE
_test_kp                      dataBANK1    0001F1
_x                            bssCOMRAM    00004E
end_of_initialization         cinit        004868
eval_poly@d                   cstackBANK0  00006F
eval_poly@n                   cstackBANK0  000071
eval_poly@res                 cstackBANK0  000073
eval_poly@x                   cstackBANK0  00006C
exp@coeff                     mediumconst  007A7B
exp@exponent                  cstackBANK0  000089
exp@sign                      cstackBANK0  00008B
exp@x                         cstackBANK0  000083
floor@expon                   cstackBANK0  000081
floor@i                       cstackBANK0  00007E
floor@x                       cstackBANK0  00007B
frexp@eptr                    cstackCOMRAM 000012
frexp@value                   cstackCOMRAM 00000F
int_func                      intcode_body 004140
intlevel0                     text         000000
intlevel1                     text         000000
intlevel2                     text         000000
intlevel3                     text         000000
isdigit@c                     cstackCOMRAM 000011
ldexp@newexp                  cstackBANK0  000079
ldexp@value                   cstackBANK0  000076
log@coeff                     mediumconst  007A99
log@exponent                  cstackBANK0  000079
log@x                         cstackBANK0  000076
main@i                        cstackBANK3  000338
main@i_1851                   cstackBANK3  00033A
main@i_1856                   cstackBANK3  000349
main@j                        cstackBANK3  000347
main@j_1852                   cstackBANK3  000336
main@j_1857                   cstackBANK3  00033C
main@kd                       cstackBANK3  000303
main@kp                       cstackBANK3  000300
main@mod                      cstackBANK3  00033E
main@ms                       cstackBANK3  000308
main@old                      cstackBANK3  000346
main@old_1860                 cstackBANK3  000330
main@old_1863                 cstackBANK3  000328
main@old_1865                 cstackBANK3  000331
main@old_1868                 cstackBANK3  000329
main@s                        cstackBANK3  00030A
main@speed                    cstackBANK3  000344
main@v                        cstackBANK3  000306
pow@sign                      cstackBANK0  000098
pow@x                         cstackBANK0  00008C
pow@y                         cstackBANK0  00008F
pow@yi                        cstackBANK0  000099
printf@ap                     cstackBANK0  000096
printf@c                      cstackBANK0  00009D
printf@f                      cstackBANK0  000085
printf@flag                   cstackBANK0  00009A
printf@prec                   cstackBANK0  000095
printf@val                    cstackBANK0  000098
printf@width                  cstackBANK0  00009B
putch@data                    cstackCOMRAM 00000F
stackhi                       (abs)        0007FF
stacklo                       (abs)        0005C1
start                         init         000018
start_initialization          cinit        004804


FUNCTION INFORMATION:

 *************** function _main *****************
 Defined at:
		line 357 in file "../main.c"
 Parameters:    Size  Location     Type
  argc            2   71[BANK0 ] int 
  argv            3   73[BANK0 ] PTR PTR unsigned char 
 Auto vars:     Size  Location     Type
  v               2    6[BANK3 ] int 
  s               2   10[BANK3 ] int 
  ms              2    8[BANK3 ] int 
  old             1   41[BANK3 ] unsigned char 
  old             1   40[BANK3 ] unsigned char 
  kd              3    3[BANK3 ] unsigned char 
  kp              3    0[BANK3 ] unsigned char 
  speed           2   68[BANK3 ] int 
  mod             2   62[BANK3 ] int 
  old             1   49[BANK3 ] unsigned char 
  old             1   48[BANK3 ] unsigned char 
  i               2   73[BANK3 ] int 
  j               2   60[BANK3 ] int 
  i               2   58[BANK3 ] int 
  j               2   54[BANK3 ] int 
  old             1   70[BANK3 ] unsigned char 
  j               2   71[BANK3 ] int 
  i               2   56[BANK3 ] int 
 Return value:  Size  Location     Type
                  2   71[BANK0 ] int 
 Registers used:
		wreg, fsr1l, fsr1h, fsr2l, fsr2h, status,2, status,0, tblptrl, tblptrh, tblptru, prodl, prodh, cstack
 Tracked objects:
		On entry : 
		On exit  : 
		Unchanged: 
 Data sizes:     COMRAM   BANK0   BANK1   BANK2   BANK3   BANK4   BANK5   BANK6   BANK7
      Params:         0       5       0       0       0       0       0       0       0
      Locals:         0       0       0       0      75       0       0       0       0
      Temps:          0       5       0       0       0       0       0       0       0
      Totals:         0      10       0       0      75       0       0       0       0
Total ram usage:       85 bytes
 Hardware stack levels required when called:    7
 This function calls:
		_AdvanceLow
		_CheckMem
		_Compute
		_EnhancedRead
		_EreaseAll
		_Line
		_Load
		_MotorsSpeed
		_PlotCompute
		_Save
		_ShowMem
		_UpdateDir
		_Wixel
		___aldiv
		___almod
		___altoft
		___awdiv
		___awtoft
		___ftadd
		___ftge
		___ftmul
		___ftneg
		___fttol
		___lmul
		___wmul
		_initLED
		_initYBOT
		_printf
 This function is called by:
		Startup code after reset
 This function uses a non-reentrant model


 *************** function _initYBOT *****************
 Defined at:
		line 140 in file "../main.c"
 Parameters:    Size  Location     Type
		None
 Auto vars:     Size  Location     Type
		None
 Return value:  Size  Location     Type
		None               void
 Registers used:
		wreg, status,2, cstack
 Tracked objects:
		On entry : 
		On exit  : 
		Unchanged: 
 Data sizes:     COMRAM   BANK0   BANK1   BANK2   BANK3   BANK4   BANK5   BANK6   BANK7
      Params:         0       0       0       0       0       0       0       0       0
      Locals:         0       0       0       0       0       0       0       0       0
      Temps:          0       0       0       0       0       0       0       0       0
      Totals:         0       0       0       0       0       0       0       0       0
Total ram usage:        0 bytes
 Hardware stack levels used:    1
 Hardware stack levels required when called:    2
 This function calls:
		_InitAnalog
		_InitTIMERS
		_MotorsPWM
		_ResetCounter
		_configurations_init
 This function is called by:
		_main
 This function uses a non-reentrant model


 *************** function _configurations_init *****************
 Defined at:
		line 35 in file "../config.c"
 Parameters:    Size  Location     Type
		None
 Auto vars:     Size  Location     Type
		None
 Return value:  Size  Location     Type
		None               void
 Registers used:
		wreg, status,2
 Tracked objects:
		On entry : 
		On exit  : 
		Unchanged: 
 Data sizes:     COMRAM   BANK0   BANK1   BANK2   BANK3   BANK4   BANK5   BANK6   BANK7
      Params:         0       0       0       0       0       0       0       0       0
      Locals:         0       0       0       0       0       0       0       0       0
      Temps:          0       0       0       0       0       0       0       0       0
      Totals:         0       0       0       0       0       0       0       0       0
Total ram usage:        0 bytes
 Hardware stack levels used:    1
 Hardware stack levels required when called:    1
 This function calls:
		Nothing
 This function is called by:
		_initYBOT
 This function uses a non-reentrant model


 *************** function _ResetCounter *****************
 Defined at:
		line 149 in file "../main.c"
 Parameters:    Size  Location     Type
		None
 Auto vars:     Size  Location     Type
		None
 Return value:  Size  Location     Type
		None               void
 Registers used:
		wreg, status,2
 Tracked objects:
		On entry : 
		On exit  : 
		Unchanged: 
 Data sizes:     COMRAM   BANK0   BANK1   BANK2   BANK3   BANK4   BANK5   BANK6   BANK7
      Params:         0       0       0       0       0       0       0       0       0
      Locals:         0       0       0       0       0       0       0       0       0
      Temps:          0       0       0       0       0       0       0       0       0
      Totals:         0       0       0       0       0       0       0       0       0
Total ram usage:        0 bytes
 Hardware stack levels used:    1
 Hardware stack levels required when called:    1
 This function calls:
		Nothing
 This function is called by:
		_initYBOT
 This function uses a non-reentrant model


 *************** function _MotorsPWM *****************
 Defined at:
		line 144 in file "../config.c"
 Parameters:    Size  Location     Type
		None
 Auto vars:     Size  Location     Type
		None
 Return value:  Size  Location     Type
		None               void
 Registers used:
		wreg, status,2
 Tracked objects:
		On entry : 
		On exit  : 
		Unchanged: 
 Data sizes:     COMRAM   BANK0   BANK1   BANK2   BANK3   BANK4   BANK5   BANK6   BANK7
      Params:         0       0       0       0       0       0       0       0       0
      Locals:         0       0       0       0       0       0       0       0       0
      Temps:          0       0       0       0       0       0       0       0       0
      Totals:         0       0       0       0       0       0       0       0       0
Total ram usage:        0 bytes
 Hardware stack levels used:    1
 Hardware stack levels required when called:    1
 This function calls:
		Nothing
 This function is called by:
		_initYBOT
 This function uses a non-reentrant model


 *************** function _InitTIMERS *****************
 Defined at:
		line 46 in file "../config.c"
 Parameters:    Size  Location     Type
		None
 Auto vars:     Size  Location     Type
		None
 Return value:  Size  Location     Type
		None               void
 Registers used:
		wreg, status,2
 Tracked objects:
		On entry : 
		On exit  : 
		Unchanged: 
 Data sizes:     COMRAM   BANK0   BANK1   BANK2   BANK3   BANK4   BANK5   BANK6   BANK7
      Params:         0       0       0       0       0       0       0       0       0
      Locals:         0       0       0       0       0       0       0       0       0
      Temps:          0       0       0       0       0       0       0       0       0
      Totals:         0       0       0       0       0       0       0       0       0
Total ram usage:        0 bytes
 Hardware stack levels used:    1
 Hardware stack levels required when called:    1
 This function calls:
		Nothing
 This function is called by:
		_initYBOT
 This function uses a non-reentrant model


 *************** function _InitAnalog *****************
 Defined at:
		line 125 in file "../config.c"
 Parameters:    Size  Location     Type
		None
 Auto vars:     Size  Location     Type
		None
 Return value:  Size  Location     Type
		None               void
 Registers used:
		wreg, status,2
 Tracked objects:
		On entry : 
		On exit  : 
		Unchanged: 
 Data sizes:     COMRAM   BANK0   BANK1   BANK2   BANK3   BANK4   BANK5   BANK6   BANK7
      Params:         0       0       0       0       0       0       0       0       0
      Locals:         0       0       0       0       0       0       0       0       0
      Temps:          0       0       0       0       0       0       0       0       0
      Totals:         0       0       0       0       0       0       0       0       0
Total ram usage:        0 bytes
 Hardware stack levels used:    1
 Hardware stack levels required when called:    1
 This function calls:
		Nothing
 This function is called by:
		_initYBOT
 This function uses a non-reentrant model


 *************** function _initLED *****************
 Defined at:
		line 173 in file "../main.c"
 Parameters:    Size  Location     Type
		None
 Auto vars:     Size  Location     Type
		None
 Return value:  Size  Location     Type
		None               void
 Registers used:
		wreg, fsr2l, fsr2h, status,2, status,0
 Tracked objects:
		On entry : 
		On exit  : 
		Unchanged: 
 Data sizes:     COMRAM   BANK0   BANK1   BANK2   BANK3   BANK4   BANK5   BANK6   BANK7
      Params:         0       0       0       0       0       0       0       0       0
      Locals:         0       0       0       0       0       0       0       0       0
      Temps:          0       0       0       0       0       0       0       0       0
      Totals:         0       0       0       0       0       0       0       0       0
Total ram usage:        0 bytes
 Hardware stack levels used:    1
 Hardware stack levels required when called:    1
 This function calls:
		Nothing
 This function is called by:
		_main
 This function uses a non-reentrant model


 *************** function ___almod *****************
 Defined at:
		line 8 in file "/opt/microchip/xc8/v1.34/sources/common/almod.c"
 Parameters:    Size  Location     Type
  dividend        4   14[COMRAM] long 
  divisor         4   18[COMRAM] long 
 Auto vars:     Size  Location     Type
  sign            1   23[COMRAM] unsigned char 
  counter         1   22[COMRAM] unsigned char 
 Return value:  Size  Location     Type
                  4   14[COMRAM] long 
 Registers used:
		wreg, status,2, status,0
 Tracked objects:
		On entry : 
		On exit  : 
		Unchanged: 
 Data sizes:     COMRAM   BANK0   BANK1   BANK2   BANK3   BANK4   BANK5   BANK6   BANK7
      Params:         8       0       0       0       0       0       0       0       0
      Locals:         2       0       0       0       0       0       0       0       0
      Temps:          0       0       0       0       0       0       0       0       0
      Totals:        10       0       0       0       0       0       0       0       0
Total ram usage:       10 bytes
 Hardware stack levels used:    1
 Hardware stack levels required when called:    1
 This function calls:
		Nothing
 This function is called by:
		_main
 This function uses a non-reentrant model


 *************** function _Wixel *****************
 Defined at:
		line 9 in file "../config.c"
 Parameters:    Size  Location     Type
		None
 Auto vars:     Size  Location     Type
		None
 Return value:  Size  Location     Type
		None               void
 Registers used:
		wreg, status,2
 Tracked objects:
		On entry : 
		On exit  : 
		Unchanged: 
 Data sizes:     COMRAM   BANK0   BANK1   BANK2   BANK3   BANK4   BANK5   BANK6   BANK7
      Params:         0       0       0       0       0       0       0       0       0
      Locals:         0       0       0       0       0       0       0       0       0
      Temps:          0       0       0       0       0       0       0       0       0
      Totals:         0       0       0       0       0       0       0       0       0
Total ram usage:        0 bytes
 Hardware stack levels used:    1
 Hardware stack levels required when called:    1
 This function calls:
		Nothing
 This function is called by:
		_main
 This function uses a non-reentrant model


 *************** function _UpdateDir *****************
 Defined at:
		line 275 in file "../main.c"
 Parameters:    Size  Location     Type
		None
 Auto vars:     Size  Location     Type
		None
 Return value:  Size  Location     Type
		None               void
 Registers used:
		wreg, status,2, status,0, cstack
 Tracked objects:
		On entry : 
		On exit  : 
		Unchanged: 
 Data sizes:     COMRAM   BANK0   BANK1   BANK2   BANK3   BANK4   BANK5   BANK6   BANK7
      Params:         0       0       0       0       0       0       0       0       0
      Locals:         0       0       0       0       0       0       0       0       0
      Temps:          2       0       0       0       0       0       0       0       0
      Totals:         2       0       0       0       0       0       0       0       0
Total ram usage:        2 bytes
 Hardware stack levels used:    1
 Hardware stack levels required when called:    4
 This function calls:
		_MotorsSpeed
		___awtoft
		___ftadd
		___ftmul
		___fttol
 This function is called by:
		_main
 This function uses a non-reentrant model


 *************** function _Save *****************
 Defined at:
		line 244 in file "../main.c"
 Parameters:    Size  Location     Type
		None
 Auto vars:     Size  Location     Type
  x               2   69[BANK0 ] int 
  sum             1   68[BANK0 ] unsigned char 
 Return value:  Size  Location     Type
		None               void
 Registers used:
		wreg, fsr2l, fsr2h, status,2, status,0, tblptrl, tblptrh, tblptru, prodl, prodh, cstack
 Tracked objects:
		On entry : 
		On exit  : 
		Unchanged: 
 Data sizes:     COMRAM   BANK0   BANK1   BANK2   BANK3   BANK4   BANK5   BANK6   BANK7
      Params:         0       0       0       0       0       0       0       0       0
      Locals:         0       5       0       0       0       0       0       0       0
      Temps:          0       1       0       0       0       0       0       0       0
      Totals:         0       6       0       0       0       0       0       0       0
Total ram usage:        6 bytes
 Hardware stack levels used:    1
 Hardware stack levels required when called:    4
 This function calls:
		_ShowMem
		_WriteMem
 This function is called by:
		_main
 This function uses a non-reentrant model


 *************** function _ShowMem *****************
 Defined at:
		line 231 in file "../main.c"
 Parameters:    Size  Location     Type
		None
 Auto vars:     Size  Location     Type
  x               2   63[BANK0 ] int 
 Return value:  Size  Location     Type
		None               void
 Registers used:
		wreg, fsr2l, fsr2h, status,2, status,0, tblptrl, tblptrh, tblptru, prodl, prodh, cstack
 Tracked objects:
		On entry : 
		On exit  : 
		Unchanged: 
 Data sizes:     COMRAM   BANK0   BANK1   BANK2   BANK3   BANK4   BANK5   BANK6   BANK7
      Params:         0       0       0       0       0       0       0       0       0
      Locals:         0       2       0       0       0       0       0       0       0
      Temps:          0       1       0       0       0       0       0       0       0
      Totals:         0       3       0       0       0       0       0       0       0
Total ram usage:        3 bytes
 Hardware stack levels used:    1
 Hardware stack levels required when called:    3
 This function calls:
		_printf
 This function is called by:
		_Save
		_main
 This function uses a non-reentrant model


 *************** function _PlotCompute *****************
 Defined at:
		line 97 in file "../main.c"
 Parameters:    Size  Location     Type
		None
 Auto vars:     Size  Location     Type
  x               2   62[BANK0 ] int 
 Return value:  Size  Location     Type
		None               void
 Registers used:
		wreg, fsr2l, fsr2h, status,2, status,0, tblptrl, tblptrh, tblptru, prodl, prodh, cstack
 Tracked objects:
		On entry : 
		On exit  : 
		Unchanged: 
 Data sizes:     COMRAM   BANK0   BANK1   BANK2   BANK3   BANK4   BANK5   BANK6   BANK7
      Params:         0       0       0       0       0       0       0       0       0
      Locals:         0       2       0       0       0       0       0       0       0
      Temps:          0       0       0       0       0       0       0       0       0
      Totals:         0       2       0       0       0       0       0       0       0
Total ram usage:        2 bytes
 Hardware stack levels used:    1
 Hardware stack levels required when called:    4
 This function calls:
		_Interval
		_printf
 This function is called by:
		_main
 This function uses a non-reentrant model


 *************** function _printf *****************
 Defined at:
		line 464 in file "/opt/microchip/xc8/v1.34/sources/common/doprnt.c"
 Parameters:    Size  Location     Type
  f               2   37[BANK0 ] PTR const unsigned char 
		 -> STR_32(16), STR_31(43), STR_30(57), STR_29(63), 
		 -> STR_28(41), STR_27(63), STR_26(36), STR_25(42), 
		 -> STR_24(40), STR_23(19), STR_22(40), STR_21(49), 
		 -> STR_20(47), STR_19(38), STR_18(47), STR_17(45), 
		 -> STR_16(61), STR_15(60), STR_14(53), STR_13(39), 
		 -> STR_12(44), STR_11(47), STR_10(48), STR_9(38), 
		 -> STR_8(43), STR_7(39), STR_6(45), STR_5(41), 
		 -> STR_4(37), STR_3(37), STR_2(36), STR_1(63), 
 Auto vars:     Size  Location     Type
  tmpval          4    0        struct .
  cp              3    0        PTR const unsigned char 
  width           2   59[BANK0 ] int 
  val             2   56[BANK0 ] unsigned int 
  ap              2   54[BANK0 ] PTR void [1]
		 -> ?_printf(2), 
  len             2    0        unsigned int 
  c               1   61[BANK0 ] char 
  flag            1   58[BANK0 ] unsigned char 
  prec            1   53[BANK0 ] char 
 Return value:  Size  Location     Type
                  2   37[BANK0 ] int 
 Registers used:
		wreg, fsr2l, fsr2h, status,2, status,0, tblptrl, tblptrh, tblptru, prodl, prodh, cstack
 Tracked objects:
		On entry : 
		On exit  : 
		Unchanged: 
 Data sizes:     COMRAM   BANK0   BANK1   BANK2   BANK3   BANK4   BANK5   BANK6   BANK7
      Params:         0      12       0       0       0       0       0       0       0
[...]
Total ram usage:        3 bytes
 Hardware stack levels used:    1
 Hardware stack levels required when called:    1
 This function calls:
		Nothing
 This function is called by:
		_CheckMem
		_Length
		_GetValue
 This function uses a non-reentrant model


 *************** function _AdvanceLow *****************
 Defined at:
		line 335 in file "../main.c"
 Parameters:    Size  Location     Type
		None
 Auto vars:     Size  Location     Type
  kd              3   38[BANK0 ] unsigned char 
  kp              3   35[BANK0 ] unsigned char 
  speed           2   41[BANK0 ] int 
  mod             2    0        int 
 Return value:  Size  Location     Type
		None               void
 Registers used:
		wreg, status,2, status,0, cstack
 Tracked objects:
		On entry : 
		On exit  : 
		Unchanged: 
 Data sizes:     COMRAM   BANK0   BANK1   BANK2   BANK3   BANK4   BANK5   BANK6   BANK7
      Params:         0       0       0       0       0       0       0       0       0
      Locals:         0       8       0       0       0       0       0       0       0
      Temps:          2       0       0       0       0       0       0       0       0
      Totals:         2       8       0       0       0       0       0       0       0
Total ram usage:       10 bytes
 Hardware stack levels used:    1
 Hardware stack levels required when called:    4
 This function calls:
		_MotorsSpeed
		___awtoft
		___ftadd
		___ftmul
		___fttol
 This function is called by:
		_main
 This function uses a non-reentrant model


 *************** function ___fttol *****************
 Defined at:
		line 44 in file "/opt/microchip/xc8/v1.34/sources/common/fttol.c"
 Parameters:    Size  Location     Type
  f1              3   12[BANK0 ] float 
 Auto vars:     Size  Location     Type
  lval            4   22[BANK0 ] unsigned long 
  exp1            1   26[BANK0 ] unsigned char 
  sign1           1   21[BANK0 ] unsigned char 
 Return value:  Size  Location     Type
                  4   12[BANK0 ] long 
 Registers used:
		wreg, status,2, status,0
 Tracked objects:
		On entry : 
		On exit  : 
		Unchanged: 
 Data sizes:     COMRAM   BANK0   BANK1   BANK2   BANK3   BANK4   BANK5   BANK6   BANK7
      Params:         0       4       0       0       0       0       0       0       0
      Locals:         0       6       0       0       0       0       0       0       0
      Temps:          0       5       0       0       0       0       0       0       0
      Totals:         0      15       0       0       0       0       0       0       0
Total ram usage:       15 bytes
 Hardware stack levels used:    1
 Hardware stack levels required when called:    1
 This function calls:
		Nothing
 This function is called by:
		_Interval
		_UpdateDir
		_AdvanceLow
		_main
		_pow
		_exp
		_floor
 This function uses a non-reentrant model


 *************** function ___ftmul *****************
 Defined at:
		line 62 in file "/opt/microchip/xc8/v1.34/sources/common/ftmul.c"
 Parameters:    Size  Location     Type
  f1              3   47[COMRAM] float 
  f2              3   50[COMRAM] float 
 Auto vars:     Size  Location     Type
  f3_as_produc    3   57[COMRAM] unsigned um
  sign            1   61[COMRAM] unsigned char 
  cntr            1   60[COMRAM] unsigned char 
  exp             1   56[COMRAM] unsigned char 
 Return value:  Size  Location     Type
                  3   47[COMRAM] float 
 Registers used:
		wreg, status,2, status,0, cstack
 Tracked objects:
		On entry : 
		On exit  : 
		Unchanged: 
 Data sizes:     COMRAM   BANK0   BANK1   BANK2   BANK3   BANK4   BANK5   BANK6   BANK7
      Params:         6       0       0       0       0       0       0       0       0
      Locals:         6       0       0       0       0       0       0       0       0
      Temps:          3       0       0       0       0       0       0       0       0
      Totals:        15       0       0       0       0       0       0       0       0
Total ram usage:       15 bytes
 Hardware stack levels used:    1
 Hardware stack levels required when called:    2
 This function calls:
		___ftpack
 This function is called by:
		_Interval
		_UpdateDir
		_AdvanceLow
		_main
		_pow
		_exp
		_log
		_eval_poly
 This function uses a non-reentrant model


 *************** function ___ftadd *****************
 Defined at:
		line 86 in file "/opt/microchip/xc8/v1.34/sources/common/ftadd.c"
 Parameters:    Size  Location     Type
  f1              3    0[BANK0 ] float 
  f2              3    3[BANK0 ] float 
 Auto vars:     Size  Location     Type
  exp1            1   11[BANK0 ] unsigned char 
  exp2            1   10[BANK0 ] unsigned char 
  sign            1    9[BANK0 ] unsigned char 
 Return value:  Size  Location     Type
                  3    0[BANK0 ] float 
 Registers used:
		wreg, status,2, status,0, cstack
 Tracked objects:
		On entry : 
		On exit  : 
		Unchanged: 
 Data sizes:     COMRAM   BANK0   BANK1   BANK2   BANK3   BANK4   BANK5   BANK6   BANK7
      Params:         0       6       0       0       0       0       0       0       0
      Locals:         0       3       0       0       0       0       0       0       0
      Temps:          0       3       0       0       0       0       0       0       0
      Totals:         0      12       0       0       0       0       0       0       0
Total ram usage:       12 bytes
 Hardware stack levels used:    1
 Hardware stack levels required when called:    2
 This function calls:
		___ftpack
 This function is called by:
		_Compute
		_Interval
		_UpdateDir
		_AdvanceLow
		_main
		___ftsub
		_floor
		_log
		_eval_poly
 This function uses a non-reentrant model


 *************** function ___awtoft *****************
 Defined at:
		line 32 in file "/opt/microchip/xc8/v1.34/sources/common/awtoft.c"
 Parameters:    Size  Location     Type
  c               2   28[COMRAM] int 
 Auto vars:     Size  Location     Type
  sign            1   31[COMRAM] unsigned char 
 Return value:  Size  Location     Type
                  3   28[COMRAM] float 
 Registers used:
		wreg, status,2, status,0, cstack
 Tracked objects:
		On entry : 
		On exit  : 
		Unchanged: 
 Data sizes:     COMRAM   BANK0   BANK1   BANK2   BANK3   BANK4   BANK5   BANK6   BANK7
      Params:         3       0       0       0       0       0       0       0       0
      Locals:         1       0       0       0       0       0       0       0       0
      Temps:          0       0       0       0       0       0       0       0       0
      Totals:         4       0       0       0       0       0       0       0       0
Total ram usage:        4 bytes
 Hardware stack levels used:    1
 Hardware stack levels required when called:    2
 This function calls:
		___ftpack
 This function is called by:
		_Compute
		_Interval
		_UpdateDir
		_AdvanceLow
		_main
		_exp
		_log
 This function uses a non-reentrant model


 *************** function ___ftpack *****************
 Defined at:
		line 62 in file "/opt/microchip/xc8/v1.34/sources/common/float.c"
 Parameters:    Size  Location     Type
  arg             3   14[COMRAM] unsigned um
  exp             1   17[COMRAM] unsigned char 
  sign            1   18[COMRAM] unsigned char 
 Auto vars:     Size  Location     Type
		None
 Return value:  Size  Location     Type
                  3   14[COMRAM] float 
 Registers used:
		wreg, status,2, status,0
 Tracked objects:
		On entry : 
		On exit  : 
		Unchanged: 
 Data sizes:     COMRAM   BANK0   BANK1   BANK2   BANK3   BANK4   BANK5   BANK6   BANK7
      Params:         5       0       0       0       0       0       0       0       0
      Locals:         0       0       0       0       0       0       0       0       0
      Temps:          3       0       0       0       0       0       0       0       0
      Totals:         8       0       0       0       0       0       0       0       0
Total ram usage:        8 bytes
 Hardware stack levels used:    1
 Hardware stack levels required when called:    1
 This function calls:
		Nothing
 This function is called by:
		___altoft
		___awtoft
		___ftadd
		___ftdiv
		___ftmul
		___lltoft
 This function uses a non-reentrant model


 *************** function _MotorsSpeed *****************
 Defined at:
		line 193 in file "../config.c"
 Parameters:    Size  Location     Type
  A               2   27[BANK0 ] int 
  B               2   29[BANK0 ] int 
 Auto vars:     Size  Location     Type
		None
 Return value:  Size  Location     Type
		None               void
 Registers used:
		wreg, status,2, status,0, cstack
 Tracked objects:
		On entry : 
		On exit  : 
		Unchanged: 
 Data sizes:     COMRAM   BANK0   BANK1   BANK2   BANK3   BANK4   BANK5   BANK6   BANK7
      Params:         0       4       0       0       0       0       0       0       0
      Locals:         0       4       0       0       0       0       0       0       0
      Temps:          0       0       0       0       0       0       0       0       0
      Totals:         0       8       0       0       0       0       0       0       0
Total ram usage:        8 bytes
 Hardware stack levels used:    1
 Hardware stack levels required when called:    3
 This function calls:
		_MotorASpeed
		_MotorBSpeed
 This function is called by:
		_UpdateDir
		_AdvanceLow
		_main
 This function uses a non-reentrant model


 *************** function _MotorBSpeed *****************
 Defined at:
		line 181 in file "../config.c"
 Parameters:    Size  Location     Type
  S               2   22[COMRAM] int 
 Auto vars:     Size  Location     Type
		None
 Return value:  Size  Location     Type
		None               void
 Registers used:
		wreg, status,2, status,0, cstack
 Tracked objects:
		On entry : 
		On exit  : 
		Unchanged: 
 Data sizes:     COMRAM   BANK0   BANK1   BANK2   BANK3   BANK4   BANK5   BANK6   BANK7
      Params:         2       0       0       0       0       0       0       0       0
      Locals:         0       0       0       0       0       0       0       0       0
      Temps:          1       0       0       0       0       0       0       0       0
      Totals:         3       0       0       0       0       0       0       0       0
Total ram usage:        3 bytes
 Hardware stack levels used:    1
 Hardware stack levels required when called:    2
 This function calls:
		___awdiv
 This function is called by:
		_MotorsSpeed
 This function uses a non-reentrant model


 *************** function _MotorASpeed *****************
 Defined at:
		line 170 in file "../config.c"
 Parameters:    Size  Location     Type
  S               2   22[COMRAM] int 
 Auto vars:     Size  Location     Type
		None
 Return value:  Size  Location     Type
		None               void
 Registers used:
		wreg, status,2, status,0, cstack
 Tracked objects:
		On entry : 
		On exit  : 
		Unchanged: 
 Data sizes:     COMRAM   BANK0   BANK1   BANK2   BANK3   BANK4   BANK5   BANK6   BANK7
      Params:         2       0       0       0       0       0       0       0       0
      Locals:         0       0       0       0       0       0       0       0       0
      Temps:          1       0       0       0       0       0       0       0       0
      Totals:         3       0       0       0       0       0       0       0       0
Total ram usage:        3 bytes
 Hardware stack levels used:    1
 Hardware stack levels required when called:    2
 This function calls:
		___awdiv
 This function is called by:
		_MotorsSpeed
 This function uses a non-reentrant model


 *************** function ___awdiv *****************
 Defined at:
		line 8 in file "/opt/microchip/xc8/v1.34/sources/common/awdiv.c"
 Parameters:    Size  Location     Type
  dividend        2   14[COMRAM] int 
  divisor         2   16[COMRAM] int 
 Auto vars:     Size  Location     Type
  quotient        2   20[COMRAM] int 
  sign            1   19[COMRAM] unsigned char 
  counter         1   18[COMRAM] unsigned char 
 Return value:  Size  Location     Type
                  2   14[COMRAM] int 
 Registers used:
		wreg, status,2, status,0
 Tracked objects:
		On entry : 
		On exit  : 
		Unchanged: 
 Data sizes:     COMRAM   BANK0   BANK1   BANK2   BANK3   BANK4   BANK5   BANK6   BANK7
      Params:         4       0       0       0       0       0       0       0       0
      Locals:         4       0       0       0       0       0       0       0       0
      Temps:          0       0       0       0       0       0       0       0       0
      Totals:         8       0       0       0       0       0       0       0       0
Total ram usage:        8 bytes
 Hardware stack levels used:    1
 Hardware stack levels required when called:    1
 This function calls:
		Nothing
 This function is called by:
		_MotorASpeed
		_MotorBSpeed
		_EnhancedRead
		_main
 This function uses a non-reentrant model


 *************** function _enc *****************
 Defined at:
		line 153 in file "../main.c"
 Parameters:    Size  Location     Type
		None
 Auto vars:     Size  Location     Type
		None
 Return value:  Size  Location     Type
		None               void
 Registers used:
		wreg, status,2, status,0
 Tracked objects:
		On entry : 
		On exit  : 
		Unchanged: 
 Data sizes:     COMRAM   BANK0   BANK1   BANK2   BANK3   BANK4   BANK5   BANK6   BANK7
      Params:         0       0       0       0       0       0       0       0       0
      Locals:         0       0       0       0       0       0       0       0       0
      Temps:         14       0       0       0       0       0       0       0       0
      Totals:        14       0       0       0       0       0       0       0       0
Total ram usage:       14 bytes
 Hardware stack levels used:    1
 This function calls:
		Nothing
 This function is called by:
		Interrupt level 2
 This function uses a non-reentrant model



MODULE INFORMATION

Module		Function		Class		Link	Load	Size
/opt/microchip/xc8/v1.34/sources/common/ftadd.c
		___ftadd       		CODE           	2C50	0000	639

/opt/microchip/xc8/v1.34/sources/common/ftadd.c estimated size: 639

../main.c
		_Compute       		CODE           	30EA	0000	503
		_Load          		CODE           	4A62	0000	93
		_ShowMem       		CODE           	471C	0000	121
		_ResetCounter  		CODE           	4EE8	0000	21
		_EreaseAll     		CODE           	4ED2	0000	23
		_CheckMem      		CODE           	4BC2	0000	81
		_main          		CODE           	001C	0000	8701
		_Length        		CODE           	4CEA	0000	67
		_initYBOT      		CODE           	4DD0	0000	41
		_UpdateDir     		CODE           	3AE0	0000	265
		_Line          		CODE           	2218	0000	1789
		_initLED       		CODE           	4ABE	0000	91
		_GetValue      		CODE           	4C5E	0000	73
		_PlotCompute   		CODE           	4794	0000	113
		_enc           		CODE           	0008	0000	221
		_Save          		CODE           	457A	0000	149
		_AdvanceLow    		CODE           	389A	0000	305
		_Interval      		CODE           	32E0	0000	453

../main.c estimated size: 13110

/opt/microchip/xc8/v1.34/sources/common/aldiv.c
		___aldiv       		CODE           	3EBA	0000	223

/opt/microchip/xc8/v1.34/sources/common/aldiv.c estimated size: 223

/opt/microchip/xc8/v1.34/sources/common/isdigit.c
		_isdigit       		CODE           	4E90	0000	35

/opt/microchip/xc8/v1.34/sources/common/isdigit.c estimated size: 35

/opt/microchip/xc8/v1.34/sources/common/awtoft.c
		___awtoft      		CODE           	4D6A	0000	61

/opt/microchip/xc8/v1.34/sources/common/awtoft.c estimated size: 61

/opt/microchip/xc8/v1.34/sources/common/altoft.c
		___altoft      		CODE           	46A0	0000	125

/opt/microchip/xc8/v1.34/sources/common/altoft.c estimated size: 125

/opt/microchip/xc8/v1.34/sources/common/pow.c
		_pow           		CODE           	34A4	0000	405

/opt/microchip/xc8/v1.34/sources/common/pow.c estimated size: 405

/opt/microchip/xc8/v1.34/sources/common/ftneg.c
		___ftneg       		CODE           	4E6C	0000	37

/opt/microchip/xc8/v1.34/sources/common/ftneg.c estimated size: 37

/opt/microchip/xc8/v1.34/sources/common/ftge.c
		___ftge        		CODE           	4072	0000	207

/opt/microchip/xc8/v1.34/sources/common/ftge.c estimated size: 207

/opt/microchip/xc8/v1.34/sources/common/doprnt.c
		_printf        		CODE           	2914	0000	829

/opt/microchip/xc8/v1.34/sources/common/doprnt.c estimated size: 829

/opt/microchip/xc8/v1.34/sources/common/ftsub.c
		___ftsub       		CODE           	4B72	0000	81

/opt/microchip/xc8/v1.34/sources/common/ftsub.c estimated size: 81

/opt/microchip/xc8/v1.34/sources/common/float.c
		___ftpack      		CODE           	420C	0000	199

/opt/microchip/xc8/v1.34/sources/common/float.c estimated size: 199

/opt/microchip/xc8/v1.34/sources/common/lltoft.c
		___lltoft      		CODE           	49A6	0000	97

/opt/microchip/xc8/v1.34/sources/common/lltoft.c estimated size: 97

/opt/microchip/xc8/v1.34/sources/common/lwmod.c
		___lwmod       		CODE           	4C12	0000	77

/opt/microchip/xc8/v1.34/sources/common/lwmod.c estimated size: 77

/opt/microchip/xc8/v1.34/sources/common/frexp.c
		_ldexp         		CODE           	39CA	0000	279
		_frexp         		CODE           	460E	0000	147

/opt/microchip/xc8/v1.34/sources/common/frexp.c estimated size: 426

../config.c
		_MotorsPWM     		CODE           	4D2C	0000	63
		_MotorsSpeed   		CODE           	4CA6	0000	69
		_putch         		CODE           	4F0C	0000	15
		_InitTIMERS    		CODE           	48E0	0000	103
		_MotorBSpeed   		CODE           	4390	0000	171
		_WriteMem      		CODE           	4DF8	0000	41
		_InitAnalog    		CODE           	4DA6	0000	43
		_EnhancedRead  		CODE           	4872	0000	111
		_configurations		CODE           	4EFC	0000	17
		_Wixel         		CODE           	4E48	0000	37
		_ReadMem       		CODE           	4EB2	0000	33
		_MotorASpeed   		CODE           	443A	0000	171

../config.c estimated size: 874

/opt/microchip/xc8/v1.34/sources/common/floor.c
		_floor         		CODE           	3BE8	0000	249

/opt/microchip/xc8/v1.34/sources/common/floor.c estimated size: 249

/opt/microchip/xc8/v1.34/sources/common/ftmul.c
		___ftmul       		CODE           	3CE0	0000	249

/opt/microchip/xc8/v1.34/sources/common/ftmul.c estimated size: 249

/opt/microchip/xc8/v1.34/sources/common/Umul16.c
		___wmul        		CODE           	4E20	0000	41

/opt/microchip/xc8/v1.34/sources/common/Umul16.c estimated size: 41

shared
		exp@coeff      		MEDIUMCONST    	7A7B	0000	31
		_dpowers       		MEDIUMCONST    	7A71	0000	11
		__initializatio		CODE           	4804	0000	101
		log@coeff      		MEDIUMCONST    	7A99	0000	28

shared estimated size: 171

/opt/microchip/xc8/v1.34/sources/common/ftdiv.c
		___ftdiv       		CODE           	3DD8	0000	227

/opt/microchip/xc8/v1.34/sources/common/ftdiv.c estimated size: 227

/opt/microchip/xc8/v1.34/sources/common/almod.c
		___almod       		CODE           	42D2	0000	191

/opt/microchip/xc8/v1.34/sources/common/almod.c estimated size: 191

/opt/microchip/xc8/v1.34/sources/common/exp.c
		_exp           		CODE           	2ECE	0000	541

/opt/microchip/xc8/v1.34/sources/common/exp.c estimated size: 541

/opt/microchip/xc8/v1.34/sources/common/lwdiv.c
		___lwdiv       		CODE           	4A06	0000	93

/opt/microchip/xc8/v1.34/sources/common/lwdiv.c estimated size: 93

/opt/microchip/xc8/v1.34/sources/common/awdiv.c
		___awdiv       		CODE           	44E4	0000	151

/opt/microchip/xc8/v1.34/sources/common/awdiv.c estimated size: 151

/opt/microchip/xc8/v1.34/sources/common/evalpoly.c
		_eval_poly     		CODE           	3F98	0000	219

/opt/microchip/xc8/v1.34/sources/common/evalpoly.c estimated size: 219

/opt/microchip/xc8/v1.34/sources/common/fttol.c
		___fttol       		CODE           	3638	0000	307

/opt/microchip/xc8/v1.34/sources/common/fttol.c estimated size: 307

/opt/microchip/xc8/v1.34/sources/common/Umul32.c
		___lmul        		CODE           	4B18	0000	91

/opt/microchip/xc8/v1.34/sources/common/Umul32.c estimated size: 91

/opt/microchip/xc8/v1.34/sources/common/log.c
		_log           		CODE           	376A	0000	305

/opt/microchip/xc8/v1.34/sources/common/log.c estimated size: 305

