Microchip MPLAB XC8 Compiler V3.00

Linker command line:

-W-3 \
  --edf=C:\Program Files\Microchip\xc8\v3.00\pic\dat\20241204225717_en.msgs \
  -cn -h+dist/default/production\chiari2.X.production.sym \
  --cmf=dist/default/production\chiari2.X.production.cmf -z -Q18F4550 \
  -oC:\Users\CHIARI~2\AppData\Local\Temp\xcAsnfg.\driver_tmp_3.o \
  --defsym=__MPLAB_BUILD=1 --fixupoverflow=error \
  -Mdist/default/production/chiari2.X.production.map \
  --md=C:\Users\CHIARI~2\AppData\Local\Temp\xcAsnfg.\driver_tmp_0.dat -E1 \
  -ver=XC8 Compiler -ACODE=00h-07FFFh -ACONST=00h-07FFFh \
  -ASMALLCONST=0800h-08FFhx120 -AMEDIUMCONST=0800h-07FFFh -ACOMRAM=01h-05Fh \
  -AABS1=00h-07FFh -ABIGRAM=01h-07FFh -ARAM=060h-0FFh,0100h-01FFhx7 \
  -ABANK0=060h-0FFh -ABANK1=0100h-01FFh -ABANK2=0200h-02FFh \
  -ABANK3=0300h-03FFh -ABANK4=0400h-04FFh -ABANK5=0500h-05FFh \
  -ABANK6=0600h-06FFh -ABANK7=0700h-07FFh -ASFR=0F60h-0FFFh \
  -ABIGSFR=0F60h-0FFFh -ACONFIG=0300000h-030000Dh -AIDLOC=0200000h-0200007h \
  -AEEDATA=0F00000h-0F000FFh -peeprom_data=EEDATA \
  -preset_vec=00h,intcode=8h,intcodelo=18h,sivt_lo,sivt_hi=CODE \
  -ppowerup=CODE,init -pramtop=0800h -psmallconst=SMALLCONST \
  -pmediumconst=MEDIUMCONST -pconst=CONST -AFARRAM=00h-00h \
  -prdata=COMRAM,nvrram=COMRAM,nvbit=COMRAM,rbss=COMRAM,rbit=COMRAM \
  -pfarbss=FARRAM,fardata=FARRAM,nvFARRAM=FARRAM \
  -pintsave_regs=BIGRAM,bigbss=BIGRAM,bigdata=BIGRAM -pbss=RAM \
  -pidata=CODE,irdata=CODE,ibigdata=CODE,ifardata=CODE -prparam=COMRAM \
  C:\Users\CHIARI~2\AppData\Local\Temp\xcAsnfg.\driver_tmp_14.o \
  dist/default/production\chiari2.X.production.o 

Object code version is 3.11

Machine type is 18F4550



                Name                               Link     Load   Length Selector   Space Scale
C:\Users\CHIARI~2\AppData\Local\Temp\xcAsnfg.\driver_tmp_14.o
                idloc                            200000   200000        8        0       5
                config                           300000   300000        E        0       4
                init                                  E        E        4        4       0
                reset_vec                             0        0        4        0       0
dist/default/production\chiari2.X.production.o
                intcode                               8        8        6        4       0
                idloc                            200000   200000        8        0       5
                config                           300000   300000        E        0       4
                temp                                 58       58        1        1       1
                smallconst                          800      800       42      400       0
                intcode_body                       2E10     2E10       84      421       0
                text24                             287E     287E       E0      421       0
                text23                             1146     1146      804      421       0
                text22                             2796     2796       E8      421       0
                text21                             3070     3070       2C      421       0
                text20                             2AEA     2AEA       B2      421       0
                text19                             2610     2610      186      421       0
                text18                             2C4A     2C4A       9E      421       0
                text17                             2A28     2A28       C2      421       0
                text16                             2B9C     2B9C       AE      421       0
                text15                             2FDA     2FDA       34      421       0
                text14                             30B6     30B6       16      421       0
                text13                             295E     295E       CA      421       0
                text12                             2452     2452      1BE      421       0
                text11                             2F9C     2F9C       3E      421       0
                text10                             309C     309C       1A      421       0
                text9                              2E94     2E94       62      421       0
                text8                              2D84     2D84       8C      421       0
                text7                              300E     300E       32      421       0
                text6                              2CE8     2CE8       9C      421       0
                text5                              194A     194A      75E      421       0
                text4                              228E     228E      1C4      421       0
                text3                              2EF6     2EF6       5C      421       0
                text2                               842      842      904      421       0
                text1                              20A8     20A8      1E6      421       0
                text0                              3040     3040       30      421       0
                cstackCOMRAM                          1        1       44        1       1
                cstackBANK1                         1DA      1DA       10      100       1
                bssBANK2                            200      200      100      200       1
                bssBANK1                            100      100       DA      100       1
                bssBANK0                             60       60       9E       60       1
                bssCOMRAM                            45       45       13        1       1
                cinit                              2F52     2F52       4A      421       0

TOTAL           Name                               Link     Load   Length     Space
        CLASS   CODE           
                intcode                               8        8        6         0
                init                                  E        E        4         0
                reset_vec                             0        0        4         0
                intcode_body                       2E10     2E10       84         0
                text24                             287E     287E       E0         0
                text23                             1146     1146      804         0
                text22                             2796     2796       E8         0
                text21                             3070     3070       2C         0
                text20                             2AEA     2AEA       B2         0
                text19                             2610     2610      186         0
                text18                             2C4A     2C4A       9E         0
                text17                             2A28     2A28       C2         0
                text16                             2B9C     2B9C       AE         0
                text15                             2FDA     2FDA       34         0
                text14                             30B6     30B6       16         0
                text13                             295E     295E       CA         0
                text12                             2452     2452      1BE         0
                text11                             2F9C     2F9C       3E         0
                text10                             309C     309C       1A         0
                text9                              2E94     2E94       62         0
                text8                              2D84     2D84       8C         0
                text7                              300E     300E       32         0
                text6                              2CE8     2CE8       9C         0
                text5                              194A     194A      75E         0
                text4                              228E     228E      1C4         0
                text3                              2EF6     2EF6       5C         0
                text2                               842      842      904         0
                text1                              20A8     20A8      1E6         0
                text0                              3040     3040       30         0
                cinit                              2F52     2F52       4A         0

        CLASS   CONST          

        CLASS   SMALLCONST     
                smallconst                          800      800       42         0

        CLASS   MEDIUMCONST    

        CLASS   COMRAM         
                temp                                 58       58        1         1
                cstackCOMRAM                          1        1       44         1
                bssCOMRAM                            45       45       13         1

        CLASS   ABS1           

        CLASS   BIGRAM         

        CLASS   RAM            

        CLASS   BANK0          
                bssBANK0                             60       60       9E         1

        CLASS   BANK1          
                cstackBANK1                         1DA      1DA       10         1
                bssBANK1                            100      100       DA         1

        CLASS   BANK2          
                bssBANK2                            200      200      100         1

        CLASS   BANK3          

        CLASS   BANK4          

        CLASS   BANK5          

        CLASS   BANK6          

        CLASS   BANK7          

        CLASS   SFR            

        CLASS   BIGSFR         

        CLASS   CONFIG         
                config                           300000   300000        E         4

        CLASS   IDLOC          
                idloc                            200000   200000        8         5

        CLASS   EEDATA         

        CLASS   FARRAM         

        CLASS   HEAP           

        CLASS   STACK          



SEGMENTS        Name                           Load    Length   Top    Selector   Space  Class

                reset_vec                      000000  000004  000004         0       0  CODE    
                cstackCOMRAM                   000001  000058  000059         1       1  COMRAM  
                intcode                        000008  00000A  000012         4       0  CODE    
                bssBANK0                       000060  00009E  0000FE        60       1  BANK0   
                bssBANK1                       000100  0000EA  0001EA       100       1  BANK1   
                bssBANK2                       000200  000100  000300       200       1  BANK2   
                smallconst                     000800  000042  000842       400       0  SMALLCON
                text2                          000842  00288A  0030CC       421       0  CODE    


UNUSED ADDRESS RANGES

        Name                Unused          Largest block    Delta
        BANK0            0000FE-0000FF                2
        BANK1            0001EA-0001FF               16
        BANK3            000300-0003FF              100
        BANK4            000400-0004FF              100
        BANK5            000500-0005FF              100
        BANK6            000600-0006FF              100
        BANK7            000700-0007FF              100
        BIGRAM           000059-00005F                7
                         0000FE-0000FF                2
                         0001EA-0001FF               16
                         000300-0007FF              500
        BIGSFR           000F60-000FFF               A0
        CODE             000004-000007                4
                         000012-0007FF              7EE
                         0030CC-007FFF             4F34
        COMRAM           000059-00005F                7
        CONST            000004-000007                4
                         000012-0007FF              7EE
                         0030CC-007FFF             4F34
        EEDATA           F00000-F000FF              100
        MEDIUMCONST      0030CC-007FFF             4F34
        RAM              0000FE-0000FF                2
                         0001EA-0001FF               16
                         000300-0007FF              100
        SFR              000F60-000FFF               A0
        SMALLCONST       0030CC-007FFF              100

                                  Symbol Table

?___aodiv                    cstackCOMRAM 00001F
?___awdiv                    cstackCOMRAM 00000D
?___awmod                    cstackCOMRAM 000007
?___omul                     cstackCOMRAM 000007
?_abs                        cstackCOMRAM 00000D
?_printf                     cstackCOMRAM 000026
?_vfprintf                   cstackCOMRAM 000021
_ADCON0bits                  (abs)        000FC2
_ADCON1bits                  (abs)        000FC1
_ADCON2bits                  (abs)        000FC0
_ADRESH                      (abs)        000FC4
_ADRESL                      (abs)        000FC3
_BAUDCONbits                 (abs)        000FB8
_CCP1CONbits                 (abs)        000FBD
_CCP2CONbits                 (abs)        000FBA
_CCPR1L                      (abs)        000FBE
_CCPR2L                      (abs)        000FBB
_CMCON                       (abs)        000FB4
_EEADR                       (abs)        000FA9
_EECON1bits                  (abs)        000FA6
_EECON2                      (abs)        000FA7
_EEDATA                      (abs)        000FA8
_EEIF                        (abs)        007D0C
_INTCON2bits                 (abs)        000FF1
_INTCONbits                  (abs)        000FF2
_OSCCONbits                  (abs)        000FD3
_PORTBbits                   (abs)        000F81
_PORTCbits                   (abs)        000F82
_PORTDbits                   (abs)        000F83
_PR2                         (abs)        000FCB
_RCONbits                    (abs)        000FD0
_RCSTAbits                   (abs)        000FAB
_SPBRG                       (abs)        000FAF
_SPBRGH                      (abs)        000FB0
_T0CONbits                   (abs)        000FD5
_T1CONbits                   (abs)        000FCD
_T2CONbits                   (abs)        000FCA
_TMR0H                       (abs)        000FD7
_TMR0IF                      (abs)        007F92
_TMR0L                       (abs)        000FD6
_TMR1H                       (abs)        000FCF
_TMR1L                       (abs)        000FCE
_TRISAbits                   (abs)        000F92
_TRISBbits                   (abs)        000F93
_TRISCbits                   (abs)        000F94
_TRISDbits                   (abs)        000F95
_TRISEbits                   (abs)        000F96
_TXIF                        (abs)        007CF4
_TXREG                       (abs)        000FAD
_TXSTAbits                   (abs)        000FAC
_UCFGbits                    (abs)        000F6F
_UCONbits                    (abs)        000F6D
__HRAM                       (abs)        000000
__H__absolute__              __absolute__ 000000
__Habs1                      abs1         000000
__Hbank0                     bank0        000000
__Hbank1                     bank1        000000
__Hbank2                     bank2        000000
__Hbank3                     bank3        000000
__Hbank4                     bank4        000000
__Hbank5                     bank5        000000
__Hbank6                     bank6        000000
__Hbank7                     bank7        000000
__Hbigbss                    bigbss       000000
__Hbigdata                   bigdata      000000
__Hbigram                    bigram       000000
__Hbigsfr                    bigsfr       000000
__Hbss                       bss          000000
__HbssBANK0                  bssBANK0     000000
__HbssBANK1                  bssBANK1     000000
__HbssBANK2                  bssBANK2     000000
__HbssCOMRAM                 bssCOMRAM    000000
__Hcinit                     cinit        000000
__Hclrtext                   clrtext      000000
__Hcomram                    comram       000000
__Hconfig                    config       30000E
__Hconst                     const        000000
__HcstackBANK1               cstackBANK1  000000
__HcstackCOMRAM              cstackCOMRAM 000000
__Hdata                      data         000000
__Heeprom_data               eeprom_data  000000
__Hfarbss                    farbss       000000
__Hfardata                   fardata      000000
__Hheap                      heap         000000
__Hibigdata                  ibigdata     000000
__Hidata                     idata        000000
__Hidloc                     idloc        200008
__Hifardata                  ifardata     000000
__Hinit                      init         000012
__Hintcode                   intcode      00000E
__Hintcode_body              intcode_body 000000
__Hintcodelo                 intcodelo    000018
__Hintentry                  intentry     000000
__Hintret                    intret       000000
__Hintsave_regs              intsave_regs 000000
__Hirdata                    irdata       000000
__Hmediumconst               mediumconst  000000
__HnvFARRAM                  nvFARRAM     000000
__Hnvbit                     nvbit        000000
__Hnvrram                    nvrram       000000
__Hparam                     rparam       000000
__Hpowerup                   powerup      000000
__Hram                       ram          000000
__Hramtop                    ramtop       000800
__Hrbit                      rbit         000000
__Hrbss                      rbss         000000
__Hrdata                     rdata        000000
__Hreset_vec                 reset_vec    000004
__Hrparam                    rparam       000000
__Hsfr                       sfr          000000
__Hsivt_hi                   sivt_hi      000000
__Hsivt_lo                   sivt_lo      000018
__Hsmallconst                smallconst   000842
__Hspace_0                   (abs)        0030CC
__Hspace_1                   (abs)        000300
__Hspace_2                   (abs)        000000
__Hspace_4                   (abs)        60000E
__Hstack                     stack        000000
__Hstruct                    struct       000000
__Htemp                      temp         000059
__Htext                      text         000000
__Htext0                     text0        000000
__Htext1                     text1        000000
__Htext10                    text10       000000
__Htext11                    text11       000000
__Htext12                    text12       000000
__Htext13                    text13       000000
__Htext14                    text14       000000
__Htext15                    text15       000000
__Htext16                    text16       000000
__Htext17                    text17       000000
__Htext18                    text18       000000
__Htext19                    text19       000000
__Htext2                     text2        000000
__Htext20                    text20       000000
__Htext21                    text21       000000
__Htext22                    text22       000000
__Htext23                    text23       000000
__Htext24                    text24       000000
__Htext3                     text3        000000
__Htext4                     text4        000000
__Htext5                     text5        000000
__Htext6                     text6        000000
__Htext7                     text7        000000
__Htext8                     text8        000000
__Htext9                     text9        000000
__LRAM                       (abs)        000001
__L__absolute__              __absolute__ 000000
__Labs1                      abs1         000000
__Lbank0                     bank0        000000
__Lbank1                     bank1        000000
__Lbank2                     bank2        000000
__Lbank3                     bank3        000000
__Lbank4                     bank4        000000
__Lbank5                     bank5        000000
__Lbank6                     bank6        000000
__Lbank7                     bank7        000000
__Lbigbss                    bigbss       000000
__Lbigdata                   bigdata      000000
__Lbigram                    bigram       000000
__Lbigsfr                    bigsfr       000000
__Lbss                       bss          000000
__LbssBANK0                  bssBANK0     000000
__LbssBANK1                  bssBANK1     000000
__LbssBANK2                  bssBANK2     000000
__LbssCOMRAM                 bssCOMRAM    000000
__Lcinit                     cinit        000000
__Lclrtext                   clrtext      000000
__Lcomram                    comram       000000
__Lconfig                    config       000000
__Lconst                     const        000000
__LcstackBANK1               cstackBANK1  000000
__LcstackCOMRAM              cstackCOMRAM 000000
__Ldata                      data         000000
__Leeprom_data               eeprom_data  000000
__Lfarbss                    farbss       000000
__Lfardata                   fardata      000000
__Lheap                      heap         000000
__Libigdata                  ibigdata     000000
__Lidata                     idata        000000
__Lidloc                     idloc        000000
__Lifardata                  ifardata     000000
__Linit                      init         00000E
__Lintcode                   intcode      000008
__Lintcode_body              intcode_body 000000
__Lintcodelo                 intcodelo    000018
__Lintentry                  intentry     000000
__Lintret                    intret       000000
__Lintsave_regs              intsave_regs 000000
__Lirdata                    irdata       000000
__Lmediumconst               mediumconst  000000
__LnvFARRAM                  nvFARRAM     000000
__Lnvbit                     nvbit        000000
__Lnvrram                    nvrram       000000
__Lparam                     rparam       000000
__Lpowerup                   powerup      000000
__Lram                       ram          000000
__Lramtop                    ramtop       000800
__Lrbit                      rbit         000000
__Lrbss                      rbss         000000
__Lrdata                     rdata        000000
__Lreset_vec                 reset_vec    000000
__Lrparam                    rparam       000000
__Lsfr                       sfr          000000
__Lsivt_hi                   sivt_hi      000000
__Lsivt_lo                   sivt_lo      000018
__Lsmallconst                smallconst   000800
__Lspace_0                   (abs)        000000
__Lspace_1                   (abs)        000000
__Lspace_2                   (abs)        000000
__Lspace_4                   (abs)        000000
__Lstack                     stack        000000
__Lstruct                    struct       000000
__Ltemp                      temp         000058
__Ltext                      text         000000
__Ltext0                     text0        000000
__Ltext1                     text1        000000
__Ltext10                    text10       000000
__Ltext11                    text11       000000
__Ltext12                    text12       000000
__Ltext13                    text13       000000
__Ltext14                    text14       000000
__Ltext15                    text15       000000
__Ltext16                    text16       000000
__Ltext17                    text17       000000
__Ltext18                    text18       000000
__Ltext19                    text19       000000
__Ltext2                     text2        000000
__Ltext20                    text20       000000
__Ltext21                    text21       000000
__Ltext22                    text22       000000
__Ltext23                    text23       000000
__Ltext24                    text24       000000
__Ltext3                     text3        000000
__Ltext4                     text4        000000
__Ltext5                     text5        000000
__Ltext6                     text6        000000
__Ltext7                     text7        000000
__Ltext8                     text8        000000
__Ltext9                     text9        000000
__S0                         (abs)        0030CC
__S1                         (abs)        000300
__S4                         (abs)        000000
__S5                         (abs)        000000
___aodiv                     text19       002610
___aodiv@counter             cstackCOMRAM 00002F
___aodiv@dividend            cstackCOMRAM 00001F
___aodiv@divisor             cstackCOMRAM 000027
___aodiv@quotient            cstackCOMRAM 000031
___aodiv@sign                cstackCOMRAM 000030
___awdiv                     text17       002A28
___awdiv@counter             cstackCOMRAM 000011
___awdiv@dividend            cstackCOMRAM 00000D
___awdiv@divisor             cstackCOMRAM 00000F
___awdiv@quotient            cstackCOMRAM 000013
___awdiv@sign                cstackCOMRAM 000012
___awmod                     text16       002B9C
___awmod@counter             cstackCOMRAM 00000B
___awmod@dividend            cstackCOMRAM 000007
___awmod@divisor             cstackCOMRAM 000009
___awmod@sign                cstackCOMRAM 00000C
___heap_hi                   (abs)        000000
___heap_lo                   (abs)        000000
___inthi_sp                  stack        000000
___inthi_stack_hi            stack        000000
___inthi_stack_lo            stack        000000
___intlo_sp                  stack        000000
___intlo_stack_hi            stack        000000
___intlo_stack_lo            stack        000000
___omul                      text18       002C4A
___omul@multiplicand         cstackCOMRAM 00000F
___omul@multiplier           cstackCOMRAM 000007
___omul@product              cstackCOMRAM 000017
___param_bank                (abs)        000000
___rparam_used               (abs)        000001
___sp                        stack        000000
___stack_hi                  stack        000000
___stack_lo                  stack        000000
__accesstop                  (abs)        000060
__activetblptr               (abs)        000001
__end_of___aodiv             text19       002796
__end_of___awdiv             text17       002AEA
__end_of___awmod             text16       002C4A
__end_of___omul              text18       002CE8
__end_of__initialization     cinit        002F8A
__end_of_abs                 text15       00300E
__end_of_buttons_init        text24       00295E
__end_of_buttons_loop        text23       00194A
__end_of_config_micro        text22       00287E
__end_of_enc                 intcode_body 002E94
__end_of_fputc               text13       002A28
__end_of_init                text21       00309C
__end_of_init_vars           text20       002B9C
__end_of_loop                text5        0020A8
__end_of_main                text0        003070
__end_of_printf              text10       0030B6
__end_of_putch               text14       0030CC
__end_of_read_analog         text4        002452
__end_of_read_eeprom         text9        002EF6
__end_of_read_values         text8        002E10
__end_of_status_init         text3        002F52
__end_of_status_loop         text2        001146
__end_of_status_set_mode     text7        003040
__end_of_update_pwm          text1        00228E
__end_of_vfpfcnvrt           text12       002610
__end_of_vfprintf            text11       002FDA
__end_of_write_eeprom        text6        002D84
__initialization             cinit        002F52
__mediumconst                smallconst   000800
__pbssBANK0                  bssBANK0     000060
__pbssBANK1                  bssBANK1     000100
__pbssBANK2                  bssBANK2     000200
__pbssCOMRAM                 bssCOMRAM    000045
__pcinit                     cinit        002F52
__pcstackBANK1               cstackBANK1  0001DA
__pcstackCOMRAM              cstackCOMRAM 000001
__pintcode                   intcode      000008
__pintcode_body              intcode_body 002E10
__psmallconst                smallconst   000800
__ptext0                     text0        003040
__ptext1                     text1        0020A8
__ptext10                    text10       00309C
__ptext11                    text11       002F9C
__ptext12                    text12       002452
__ptext13                    text13       00295E
__ptext14                    text14       0030B6
__ptext15                    text15       002FDA
__ptext16                    text16       002B9C
__ptext17                    text17       002A28
__ptext18                    text18       002C4A
__ptext19                    text19       002610
__ptext2                     text2        000842
__ptext20                    text20       002AEA
__ptext21                    text21       003070
__ptext22                    text22       002796
__ptext23                    text23       001146
__ptext24                    text24       00287E
__ptext3                     text3        002EF6
__ptext4                     text4        00228E
__ptext5                     text5        00194A
__ptext6                     text6        002CE8
__ptext7                     text7        00300E
__ptext8                     text8        002D84
__ptext9                     text9        002E94
__ramtop                     ramtop       000800
__smallconst                 smallconst   000800
_abs                         text15       002FDA
_amount_cycles               bssBANK1     0001C0
_an_input                    bssBANK1     0001AC
_avg_input                   bssBANK1     000198
_b                           bssBANK0     0000DE
_b_counter                   bssBANK0     000060
_b_state                     bssBANK0     0000E3
_buttons_init                text24       00287E
_buttons_loop                text23       001146
_combination_state           bssBANK0     0000B0
_config_micro                text22       002796
_count_reads                 bssBANK0     0000C2
_counter                     bssBANK0     000088
_dbuf                        bssBANK1     000178
_double_click_evt            bssBANK0     0000D4
_enc                         intcode      000008
_flag_init                   bssBANK0     0000F7
_flags                       bssBANK0     0000FD
_fputc                       text13       00295E
_init                        text21       003070
_init_vars                   text20       002AEA
_initial_state               bssCOMRAM    000057
_int_status                  bssCOMRAM    000056
_iterations                  bssBANK0     0000BA
_last_b                      bssBANK0     0000E8
_leds                        bssBANK0     0000CA
_loop                        text5        00194A
_main                        text0        003040
_mode                        bssCOMRAM    000045
_mode_config                 bssBANK0     0000F5
_mode_counter                bssCOMRAM    00004D
_motor_a_speed_read_value    bssCOMRAM    000049
_motor_b_speed_read_value    bssCOMRAM    000047
_persisted_data              bssBANK2     000200
_prec                        bssBANK0     0000F3
_press_evt                   bssBANK1     0001D5
_printf                      text10       00309C
_putch                       text14       0030B6
_pwm                         bssBANK0     0000ED
_read_analog                 text4        00228E
_read_eeprom                 text9        002E94
_read_values                 text8        002D84
_release_evt                 bssBANK1     0001D0
_single_click_evt            bssBANK0     0000D9
_state_counter               bssBANK1     000150
_status_code                 bssCOMRAM    00004B
_status_final_mode           bssBANK0     0000F9
_status_init                 text3        002EF6
_status_intermitency_counter bssCOMRAM    000051
_status_loop                 text2        000842
_status_mode                 bssCOMRAM    000055
_status_next_mode            bssCOMRAM    00004F
_status_persisted            bssBANK0     0000FB
_status_set_mode             text7        00300E
_status_value                bssCOMRAM    000053
_sum_iterations              bssBANK1     0001C8
_sum_read                    bssBANK1     000100
_triple_click_evt            bssBANK0     0000CF
_update_pwm                  text1        0020A8
_vfpfcnvrt                   text12       002452
_vfprintf                    text11       002F9C
_width                       bssBANK0     0000F1
_write_eeprom                text6        002CE8
abs@a                        cstackCOMRAM 00000D
btemp                        temp         000058
buttons_init@i               cstackCOMRAM 000009
buttons_loop@click_evt       cstackCOMRAM 000011
buttons_loop@i               cstackCOMRAM 000018
buttons_loop@i_1323          cstackCOMRAM 000016
enc@i                        cstackCOMRAM 000005
end_of_initialization        cinit        002F8A
fputc@c                      cstackCOMRAM 000008
fputc@fp                     cstackCOMRAM 00000A
init_vars@i                  cstackCOMRAM 000009
int$flags                    temp         000058
int_func                     intcode_body 002E10
intlevel0                    text         000000
intlevel1                    text         000000
intlevel2                    text         000000
intlevel3                    text         000000
isa$std                      (abs)        000001
isa$xinst                    (abs)        000000
loop@analog_read             cstackCOMRAM 000041
loop@analog_read_1372        cstackCOMRAM 000043
printf@ap                    cstackCOMRAM 000029
printf@fmt                   cstackCOMRAM 000026
putch@data                   cstackCOMRAM 000007
read_analog@aux              cstackCOMRAM 000039
read_analog@i                cstackCOMRAM 00003B
read_eeprom@addr             cstackCOMRAM 00000D
read_eeprom@aux              cstackCOMRAM 00000B
read_values@a_sign           cstackCOMRAM 000009
read_values@b_sign           cstackCOMRAM 00000B
stackhi                      (abs)        000000
stacklo                      (abs)        000000
start                        init         00000E
start_initialization         cinit        002F52
status_init@i                cstackCOMRAM 000007
status_loop@half_led         cstackCOMRAM 000022
status_loop@half_status      cstackCOMRAM 00001E
status_loop@i                cstackCOMRAM 000024
status_loop@show_led         cstackCOMRAM 000020
status_set_mode@final_mode   cstackCOMRAM 000008
status_set_mode@mode         cstackCOMRAM 000009
status_set_mode@next_mode    cstackCOMRAM 000007
ttemp5                       temp         000059
ttemp6                       temp         00005C
ttemp7                       temp         000060
update_pwm@pwm0              cstackCOMRAM 000016
update_pwm@pwm1              cstackCOMRAM 000018
vfpfcnvrt@ap                 cstackCOMRAM 000018
vfpfcnvrt@c                  cstackCOMRAM 000020
vfpfcnvrt@convarg            cstackCOMRAM 00001C
vfpfcnvrt@cp                 cstackCOMRAM 00001B
vfpfcnvrt@done               cstackCOMRAM 00001A
vfpfcnvrt@fmt                cstackCOMRAM 000017
vfpfcnvrt@fp                 cstackCOMRAM 000015
vfprintf@ap                  cstackCOMRAM 000024
vfprintf@cfmt                cstackCOMRAM 000025
vfprintf@fmt                 cstackCOMRAM 000023
vfprintf@fp                  cstackCOMRAM 000021
write_eeprom@addr            cstackCOMRAM 00000B
wtemp8                       temp         000059


MODULE INFORMATION

Module		Function		Class		Link	Load	Size
C:\Program Files\Microchip\xc8\v3.00\pic\sources\c99\common\abs.c
		_abs           		CODE           	2FDA	0000	52

C:\Program Files\Microchip\xc8\v3.00\pic\sources\c99\common\abs.c estimated size: 52

C:\Program Files\Microchip\xc8\v3.00\pic\sources\c99\common\nf_fputc.c
		_fputc         		CODE           	295E	0000	202

C:\Program Files\Microchip\xc8\v3.00\pic\sources\c99\common\nf_fputc.c estimated size: 202

C:\Program Files\Microchip\xc8\v3.00\pic\sources\c99\common\Umul64.c
		___omul        		CODE           	2C4A	0000	158

C:\Program Files\Microchip\xc8\v3.00\pic\sources\c99\common\Umul64.c estimated size: 158

C:\Program Files\Microchip\xc8\v3.00\pic\sources\c99\common\printf.c
		_printf        		CODE           	309C	0000	26

C:\Program Files\Microchip\xc8\v3.00\pic\sources\c99\common\printf.c estimated size: 26

C:\Program Files\Microchip\xc8\v3.00\pic\sources\c99\common\awmod.c
		___awmod       		CODE           	2B9C	0000	174

C:\Program Files\Microchip\xc8\v3.00\pic\sources\c99\common\awmod.c estimated size: 174

shared
		__initialization		CODE           	2F52	0000	56

shared estimated size: 56

C:\Program Files\Microchip\xc8\v3.00\pic\sources\c99\common\aodiv.c
		___aodiv       		CODE           	2610	0000	390

C:\Program Files\Microchip\xc8\v3.00\pic\sources\c99\common\aodiv.c estimated size: 390

C:\Program Files\Microchip\xc8\v3.00\pic\sources\c99\common\awdiv.c
		___awdiv       		CODE           	2A28	0000	194

C:\Program Files\Microchip\xc8\v3.00\pic\sources\c99\common\awdiv.c estimated size: 194

main.c
		_loop          		CODE           	194A	0000	1886
		_status_loop   		CODE           	0842	0000	2308
		_status_init   		CODE           	2EF6	0000	92
		_init          		CODE           	3070	0000	44
		_putch         		CODE           	30B6	0000	22
		_main          		CODE           	3040	0000	48
		_update_pwm    		CODE           	20A8	0000	486
		_status_set_mode		CODE           	300E	0000	50
		_read_analog   		CODE           	228E	0000	452
		_buttons_loop  		CODE           	1146	0000	2052
		_buttons_init  		CODE           	287E	0000	224
		_init_vars     		CODE           	2AEA	0000	178
		_enc           		CODE           	0008	0000	138
		_read_eeprom   		CODE           	2E94	0000	98
		_write_eeprom  		CODE           	2CE8	0000	156
		_read_values   		CODE           	2D84	0000	140
		_config_micro  		CODE           	2796	0000	232

main.c estimated size: 8606

C:\Program Files\Microchip\xc8\v3.00\pic\sources\c99\common\doprnt.c
		_vfpfcnvrt     		CODE           	2452	0000	446
		_vfprintf      		CODE           	2F9C	0000	62

C:\Program Files\Microchip\xc8\v3.00\pic\sources\c99\common\doprnt.c estimated size: 508

