Microchip MPLAB XC8 Compiler V2.40

Linker command line:

-W-3 \
  --edf=C:\Program Files\Microchip\xc8\v2.40\pic\dat\20220703182018_en.msgs \
  -cn -h+dist/default/production\chiari2.X.production.sym \
  --cmf=dist/default/production\chiari2.X.production.cmf -z -Q18F4550 \
  -oC:\Users\Ariel\AppData\Local\Temp\xcAsdds.4 --defsym=__MPLAB_BUILD=1 \
  --fixupoverflow=error -Mdist/default/production/chiari2.X.production.map \
  --md=C:\Users\Ariel\AppData\Local\Temp\xcAsdds.dat -E1 -ver=XC8 Compiler \
  --acfsm=1493 -ACODE=00h-07FFFh -ACONST=00h-07FFFh \
  -ASMALLCONST=0800h-08FFhx120 -AMEDIUMCONST=0800h-07FFFh -ACOMRAM=01h-05Fh \
  -AABS1=00h-07FFh -ABIGRAM=01h-07FFh -ARAM=060h-0FFh,0100h-01FFhx7 \
  -ABANK0=060h-0FFh -ABANK1=0100h-01FFh -ABANK2=0200h-02FFh \
  -ABANK3=0300h-03FFh -ABANK4=0400h-04FFh -ABANK5=0500h-05FFh \
  -ABANK6=0600h-06FFh -ABANK7=0700h-07FFh -ASFR=0F60h-0FFFh \
  -ABIGSFR=0F60h-0FFFh -ACONFIG=0300000h-030000Dh -AIDLOC=0200000h-0200007h \
  -AEEDATA=0F00000h-0F000FFh -peeprom_data=EEDATA \
  -preset_vec=00h,intcode=08h,intcodelo,powerup,init -pramtop=0800h \
  -psmallconst=SMALLCONST -pmediumconst=MEDIUMCONST -pconst=CONST \
  -AFARRAM=00h-00h \
  -prdata=COMRAM,nvrram=COMRAM,nvbit=COMRAM,rbss=COMRAM,rbit=COMRAM \
  -pfarbss=FARRAM,fardata=FARRAM,nvFARRAM=FARRAM \
  -pintsave_regs=BIGRAM,bigbss=BIGRAM,bigdata=BIGRAM -pbss=RAM \
  -pidata=CODE,irdata=CODE,ibigdata=CODE,ifardata=CODE -prparam=COMRAM \
  C:\Users\Ariel\AppData\Local\Temp\xcAsdds.o \
  dist/default/production\chiari2.X.production.o 

Object code version is 3.11

Machine type is 18F4550



                Name                               Link     Load   Length Selector   Space Scale
C:\Users\Ariel\AppData\Local\Temp\xcAsdds.o
                idloc                            200000   200000        8        0       5
                config                           300000   300000        E        0       4
                init                                  E        E        4        4       0
                reset_vec                             0        0        4        0       0
dist/default/production\chiari2.X.production.o
                intcode                               8        8        6        4       0
                idloc                            200000   200000        8        0       5
                config                           300000   300000        E        0       4
                temp                                 55       55        1        1       1
                intcode_body                       1466     1466       8E        4       0
                text14                              F8A      F8A      128        4       0
                text13                               12       12      A08        4       0
                text12                             10B2     10B2       EE        4       0
                text11                             16A0     16A0        6        4       0
                text10                             1570     1570       68        4       0
                text9                               E02      E02      188        4       0
                text8                              13C8     13C8       9E        4       0
                text7                              1264     1264       B4        4       0
                text6                              11A0     11A0       C4        4       0
                text5                              14F4     14F4       7C        4       0
                text4                              15D8     15D8       56        4       0
                text3                              1318     1318       B0        4       0
                text2                               A1A      A1A      206        4       0
                text1                               C20      C20      1E2        4       0
                text0                              1670     1670       30        4       0
                cstackCOMRAM                          1        1       3A        1       1
                cstackBANK1                         12E      12E        8      100       1
                bssBANK2                            200      200      100      200       1
                bssBANK1                            100      100       2E      100       1
                bssBANK0                             60       60       9E       60       1
                bssCOMRAM                            3B       3B       1A        1       1
                cinit                              162E     162E       42        4       0

TOTAL           Name                               Link     Load   Length     Space
        CLASS   CODE           
                intcode                               8        8        6         0
                init                                  E        E        4         0
                reset_vec                             0        0        4         0
                intcode_body                       1466     1466       8E         0
                text14                              F8A      F8A      128         0
                text13                               12       12      A08         0
                text12                             10B2     10B2       EE         0
                text11                             16A0     16A0        6         0
                text10                             1570     1570       68         0
                text9                               E02      E02      188         0
                text8                              13C8     13C8       9E         0
                text7                              1264     1264       B4         0
                text6                              11A0     11A0       C4         0
                text5                              14F4     14F4       7C         0
                text4                              15D8     15D8       56         0
                text3                              1318     1318       B0         0
                text2                               A1A      A1A      206         0
                text1                               C20      C20      1E2         0
                text0                              1670     1670       30         0
                cinit                              162E     162E       42         0

        CLASS   CONST          

        CLASS   SMALLCONST     

        CLASS   MEDIUMCONST    

        CLASS   COMRAM         
                temp                                 55       55        1         1
                cstackCOMRAM                          1        1       3A         1
                bssCOMRAM                            3B       3B       1A         1

        CLASS   ABS1           

        CLASS   BIGRAM         

        CLASS   RAM            

        CLASS   BANK0          
                bssBANK0                             60       60       9E         1

        CLASS   BANK1          
                cstackBANK1                         12E      12E        8         1
                bssBANK1                            100      100       2E         1

        CLASS   BANK2          
                bssBANK2                            200      200      100         1

        CLASS   BANK3          

        CLASS   BANK4          

        CLASS   BANK5          

        CLASS   BANK6          

        CLASS   BANK7          

        CLASS   SFR            

        CLASS   BIGSFR         

        CLASS   CONFIG         
                config                           300000   300000        E         4

        CLASS   IDLOC          
                idloc                            200000   200000        8         5

        CLASS   EEDATA         

        CLASS   FARRAM         

        CLASS   HEAP           

        CLASS   STACK          



SEGMENTS        Name                           Load    Length   Top    Selector   Space  Class

                reset_vec                      000000  000004  000004         0       0  CODE    
                cstackCOMRAM                   000001  000055  000056         1       1  COMRAM  
                intcode                        000008  00169E  0016A6         4       0  CODE    
                bssBANK0                       000060  00009E  0000FE        60       1  BANK0   
                bssBANK1                       000100  000036  000136       100       1  BANK1   
                bssBANK2                       000200  000100  000300       200       1  BANK2   


UNUSED ADDRESS RANGES

        Name                Unused          Largest block    Delta
        BANK0            0000FE-0000FF                2
        BANK1            000136-0001FF               CA
        BANK3            000300-0003FF              100
        BANK4            000400-0004FF              100
        BANK5            000500-0005FF              100
        BANK6            000600-0006FF              100
        BANK7            000700-0007FF              100
        BIGRAM           000056-00005F                A
                         0000FE-0000FF                2
                         000136-0001FF               CA
                         000300-0007FF              500
        BIGSFR           000F60-000FFF               A0
        CODE             000004-000007                4
                         0016A6-007FFF             695A
        COMRAM           000056-00005F                A
        CONST            000004-000007                4
                         0016A6-007FFF             695A
        EEDATA           F00000-F000FF              100
        MEDIUMCONST      0016A6-007FFF             695A
        RAM              0000FE-0000FF                2
                         000136-0001FF               CA
                         000300-0007FF              100
        SFR              000F60-000FFF               A0
        SMALLCONST       0016A6-007FFF              100

                                  Symbol Table

?___aodiv                cstackCOMRAM 00001F
?___awdiv                cstackCOMRAM 00000D
?___awmod                cstackCOMRAM 000007
?___omul                 cstackCOMRAM 000007
_ADCON0bits              (abs)        000FC2
_ADCON1bits              (abs)        000FC1
_ADCON2bits              (abs)        000FC0
_ADRESH                  (abs)        000FC4
_ADRESL                  (abs)        000FC3
_BAUDCONbits             (abs)        000FB8
_CCP1CONbits             (abs)        000FBD
_CCP2CONbits             (abs)        000FBA
_CCPR1L                  (abs)        000FBE
_CCPR2L                  (abs)        000FBB
_CMCON                   (abs)        000FB4
_EEADR                   (abs)        000FA9
_EECON1bits              (abs)        000FA6
_EECON2                  (abs)        000FA7
_EEDATA                  (abs)        000FA8
_EEIF                    (abs)        007D0C
_INTCON2bits             (abs)        000FF1
_INTCONbits              (abs)        000FF2
_OSCCONbits              (abs)        000FD3
_PORTBbits               (abs)        000F81
_PORTCbits               (abs)        000F82
_PORTDbits               (abs)        000F83
_PR2                     (abs)        000FCB
_RCONbits                (abs)        000FD0
_RCSTAbits               (abs)        000FAB
_SPBRG                   (abs)        000FAF
_SPBRGH                  (abs)        000FB0
_T0CONbits               (abs)        000FD5
_T1CONbits               (abs)        000FCD
_T2CONbits               (abs)        000FCA
_TMR0H                   (abs)        000FD7
_TMR0IF                  (abs)        007F92
_TMR0L                   (abs)        000FD6
_TMR1H                   (abs)        000FCF
_TMR1L                   (abs)        000FCE
_TRISAbits               (abs)        000F92
_TRISBbits               (abs)        000F93
_TRISCbits               (abs)        000F94
_TRISDbits               (abs)        000F95
_TRISEbits               (abs)        000F96
_TXIF                    (abs)        007CF4
_TXREG                   (abs)        000FAD
_TXSTAbits               (abs)        000FAC
_UCFGbits                (abs)        000F6F
_UCONbits                (abs)        000F6D
__HRAM                   (abs)        000000
__Habs1                  abs1         000000
__Hbank0                 bank0        000000
__Hbank1                 bank1        000000
__Hbank2                 bank2        000000
__Hbank3                 bank3        000000
__Hbank4                 bank4        000000
__Hbank5                 bank5        000000
__Hbank6                 bank6        000000
__Hbank7                 bank7        000000
__Hbigbss                bigbss       000000
__Hbigdata               bigdata      000000
__Hbigram                bigram       000000
__Hbigsfr                bigsfr       000000
__Hbss                   bss          000000
__HbssBANK0              bssBANK0     000000
__HbssBANK1              bssBANK1     000000
__HbssBANK2              bssBANK2     000000
__HbssCOMRAM             bssCOMRAM    000000
__Hcinit                 cinit        000000
__Hclrtext               clrtext      000000
__Hcomram                comram       000000
__Hconfig                config       30000E
__Hconst                 const        000000
__HcstackBANK1           cstackBANK1  000000
__HcstackCOMRAM          cstackCOMRAM 000000
__Hdata                  data         000000
__Heeprom_data           eeprom_data  000000
__Hfarbss                farbss       000000
__Hfardata               fardata      000000
__Hheap                  heap         000000
__Hibigdata              ibigdata     000000
__Hidata                 idata        000000
__Hidloc                 idloc        200008
__Hifardata              ifardata     000000
__Hinit                  init         000012
__Hintcode               intcode      00000E
__Hintcode_body          intcode_body 000000
__Hintcodelo             intcodelo    00000E
__Hintentry              intentry     000000
__Hintret                intret       000000
__Hintsave_regs          intsave_regs 000000
__Hirdata                irdata       000000
__Hmediumconst           mediumconst  000000
__HnvFARRAM              nvFARRAM     000000
__Hnvbit                 nvbit        000000
__Hnvrram                nvrram       000000
__Hparam                 rparam       000000
__Hpowerup               powerup      00000E
__Hram                   ram          000000
__Hramtop                ramtop       000800
__Hrbit                  rbit         000000
__Hrbss                  rbss         000000
__Hrdata                 rdata        000000
__Hreset_vec             reset_vec    000004
__Hrparam                rparam       000000
__Hsfr                   sfr          000000
__Hsmallconst            smallconst   000000
__Hspace_0               (abs)        0016A6
__Hspace_1               (abs)        000300
__Hspace_2               (abs)        000000
__Hspace_4               (abs)        60000E
__Hstack                 stack        000000
__Hstruct                struct       000000
__Htemp                  temp         000056
__Htext                  text         000000
__Htext0                 text0        000000
__Htext1                 text1        000000
__Htext10                text10       000000
__Htext11                text11       000000
__Htext12                text12       000000
__Htext13                text13       000000
__Htext14                text14       000000
__Htext2                 text2        000000
__Htext3                 text3        000000
__Htext4                 text4        000000
__Htext5                 text5        000000
__Htext6                 text6        000000
__Htext7                 text7        000000
__Htext8                 text8        000000
__Htext9                 text9        000000
__LRAM                   (abs)        000001
__Labs1                  abs1         000000
__Lbank0                 bank0        000000
__Lbank1                 bank1        000000
__Lbank2                 bank2        000000
__Lbank3                 bank3        000000
__Lbank4                 bank4        000000
__Lbank5                 bank5        000000
__Lbank6                 bank6        000000
__Lbank7                 bank7        000000
__Lbigbss                bigbss       000000
__Lbigdata               bigdata      000000
__Lbigram                bigram       000000
__Lbigsfr                bigsfr       000000
__Lbss                   bss          000000
__LbssBANK0              bssBANK0     000000
__LbssBANK1              bssBANK1     000000
__LbssBANK2              bssBANK2     000000
__LbssCOMRAM             bssCOMRAM    000000
__Lcinit                 cinit        000000
__Lclrtext               clrtext      000000
__Lcomram                comram       000000
__Lconfig                config       000000
__Lconst                 const        000000
__LcstackBANK1           cstackBANK1  000000
__LcstackCOMRAM          cstackCOMRAM 000000
__Ldata                  data         000000
__Leeprom_data           eeprom_data  000000
__Lfarbss                farbss       000000
__Lfardata               fardata      000000
__Lheap                  heap         000000
__Libigdata              ibigdata     000000
__Lidata                 idata        000000
__Lidloc                 idloc        000000
__Lifardata              ifardata     000000
__Linit                  init         00000E
__Lintcode               intcode      000008
__Lintcode_body          intcode_body 000000
__Lintcodelo             intcodelo    00000E
__Lintentry              intentry     000000
__Lintret                intret       000000
__Lintsave_regs          intsave_regs 000000
__Lirdata                irdata       000000
__Lmediumconst           mediumconst  000000
__LnvFARRAM              nvFARRAM     000000
__Lnvbit                 nvbit        000000
__Lnvrram                nvrram       000000
__Lparam                 rparam       000000
__Lpowerup               powerup      00000E
__Lram                   ram          000000
__Lramtop                ramtop       000800
__Lrbit                  rbit         000000
__Lrbss                  rbss         000000
__Lrdata                 rdata        000000
__Lreset_vec             reset_vec    000000
__Lrparam                rparam       000000
__Lsfr                   sfr          000000
__Lsmallconst            smallconst   000000
__Lspace_0               (abs)        000000
__Lspace_1               (abs)        000000
__Lspace_2               (abs)        000000
__Lspace_4               (abs)        000000
__Lstack                 stack        000000
__Lstruct                struct       000000
__Ltemp                  temp         000055
__Ltext                  text         000000
__Ltext0                 text0        000000
__Ltext1                 text1        000000
__Ltext10                text10       000000
__Ltext11                text11       000000
__Ltext12                text12       000000
__Ltext13                text13       000000
__Ltext14                text14       000000
__Ltext2                 text2        000000
__Ltext3                 text3        000000
__Ltext4                 text4        000000
__Ltext5                 text5        000000
__Ltext6                 text6        000000
__Ltext7                 text7        000000
__Ltext8                 text8        000000
__Ltext9                 text9        000000
__S0                     (abs)        0016A6
__S1                     (abs)        000300
__S4                     (abs)        000000
__S5                     (abs)        000000
___aodiv                 text9        000E02
___aodiv@counter         cstackCOMRAM 00002F
___aodiv@dividend        cstackCOMRAM 00001F
___aodiv@divisor         cstackCOMRAM 000027
___aodiv@quotient        cstackCOMRAM 000031
___aodiv@sign            cstackCOMRAM 000030
___awdiv                 text6        0011A0
___awdiv@counter         cstackCOMRAM 000011
___awdiv@dividend        cstackCOMRAM 00000D
___awdiv@divisor         cstackCOMRAM 00000F
___awdiv@quotient        cstackCOMRAM 000013
___awdiv@sign            cstackCOMRAM 000012
___awmod                 text3        001318
___awmod@counter         cstackCOMRAM 00000B
___awmod@dividend        cstackCOMRAM 000007
___awmod@divisor         cstackCOMRAM 000009
___awmod@sign            cstackCOMRAM 00000C
___heap_hi               (abs)        000000
___heap_lo               (abs)        000000
___inthi_sp              stack        000000
___intlo_sp              stack        000000
___omul                  text8        0013C8
___omul@multiplicand     cstackCOMRAM 00000F
___omul@multiplier       cstackCOMRAM 000007
___omul@product          cstackCOMRAM 000017
___param_bank            (abs)        000000
___rparam_used           (abs)        000001
___sp                    stack        000000
__accesstop              (abs)        000060
__activetblptr           (abs)        000000
__end_of___aodiv         text9        000F8A
__end_of___awdiv         text6        001264
__end_of___awmod         text3        0013C8
__end_of___omul          text8        001466
__end_of__initialization cinit        001666
__end_of_buttons_init    text14       0010B2
__end_of_buttons_loop    text13       000A1A
__end_of_config_micro    text12       0011A0
__end_of_enc             intcode_body 0014F4
__end_of_init            text11       0016A6
__end_of_init_vars       text10       0015D8
__end_of_loop            text7        001318
__end_of_main            text0        0016A0
__end_of_read_analog     text5        001570
__end_of_status_init     text4        00162E
__end_of_status_loop     text2        000C20
__end_of_update_pwm      text1        000E02
__initialization         cinit        00162E
__mediumconst            mediumconst  000000
__pbssBANK0              bssBANK0     000060
__pbssBANK1              bssBANK1     000100
__pbssBANK2              bssBANK2     000200
__pbssCOMRAM             bssCOMRAM    00003B
__pcinit                 cinit        00162E
__pcstackBANK1           cstackBANK1  00012E
__pcstackCOMRAM          cstackCOMRAM 000001
__pintcode               intcode      000008
__pintcode_body          intcode_body 001466
__ptext0                 text0        001670
__ptext1                 text1        000C20
__ptext10                text10       001570
__ptext11                text11       0016A0
__ptext12                text12       0010B2
__ptext13                text13       000012
__ptext14                text14       000F8A
__ptext2                 text2        000A1A
__ptext3                 text3        001318
__ptext4                 text4        0015D8
__ptext5                 text5        0014F4
__ptext6                 text6        0011A0
__ptext7                 text7        001264
__ptext8                 text8        0013C8
__ptext9                 text9        000E02
__ramtop                 ramtop       000800
__smallconst             smallconst   000000
_amount_cycles           bssBANK1     000114
_an_input                bssBANK1     000100
_b                       bssBANK0     0000F4
_b_counter               bssBANK0     000088
_b_state                 bssCOMRAM    000045
_buttons_init            text14       000F8A
_buttons_loop            text13       000012
_combination_state       bssCOMRAM    00003B
_config_micro            text12       0010B2
_counter                 bssBANK0     0000B0
_double_click_evt        bssBANK0     0000EA
_enc                     intcode      000008
_init                    text11       0016A0
_init_vars               text10       001570
_initial_state           bssCOMRAM    000054
_int_status              bssCOMRAM    000053
_iterations              bssBANK0     0000D8
_last_b                  bssBANK0     0000F9
_leds                    bssBANK0     0000E0
_loop                    text7        001264
_main                    text0        001670
_persisted_data          bssBANK2     000200
_persisted_status        bssCOMRAM    00004E
_press_evt               bssBANK1     000129
_pwm                     bssCOMRAM    00004A
_read_analog             text5        0014F4
_release_evt             bssBANK1     000124
_single_click_evt        bssBANK0     0000EF
_state_counter           bssBANK0     000060
_status_enabled          bssCOMRAM    000052
_status_init             text4        0015D8
_status_loop             text2        000A1A
_status_value            bssCOMRAM    000050
_sum_iterations          bssBANK1     00011C
_triple_click_evt        bssBANK0     0000E5
_update_pwm              text1        000C20
btemp                    temp         000055
buttons_init@i           cstackCOMRAM 000009
buttons_loop@click_evt   cstackCOMRAM 000011
buttons_loop@i           cstackCOMRAM 000018
buttons_loop@i_1315      cstackCOMRAM 000016
enc@i                    cstackCOMRAM 000005
end_of_initialization    cinit        001666
init_vars@i              cstackCOMRAM 000009
int$flags                temp         000055
int_func                 intcode_body 001466
intlevel0                text         000000
intlevel1                text         000000
intlevel2                text         000000
intlevel3                text         000000
isa$std                  (abs)        000001
isa$xinst                (abs)        000000
loop@analog_read         cstackCOMRAM 000039
read_analog@aux          cstackCOMRAM 000016
read_analog@i            cstackCOMRAM 000018
stackhi                  (abs)        000000
stacklo                  (abs)        000000
start                    init         00000E
start_initialization     cinit        00162E
status_init@i            cstackCOMRAM 000007
status_loop@half_led     cstackCOMRAM 000020
status_loop@half_status  cstackCOMRAM 00001E
status_loop@i            cstackCOMRAM 000022
ttemp5                   temp         000056
ttemp6                   temp         000059
ttemp7                   temp         00005D
update_pwm@pwm0          cstackCOMRAM 000016
update_pwm@pwm1          cstackCOMRAM 000018
wtemp8                   temp         000056


MODULE INFORMATION

Module		Function		Class		Link	Load	Size
C:\Program Files\Microchip\xc8\v2.40\pic\sources\c99\common\awdiv.c
		___awdiv       		CODE           	11A0	0000	196

C:\Program Files\Microchip\xc8\v2.40\pic\sources\c99\common\awdiv.c estimated size: 196

C:\Program Files\Microchip\xc8\v2.40\pic\sources\c99\common\Umul64.c
		___omul        		CODE           	13C8	0000	158

C:\Program Files\Microchip\xc8\v2.40\pic\sources\c99\common\Umul64.c estimated size: 158

shared
		__initialization		CODE           	162E	0000	56

shared estimated size: 56

C:\Program Files\Microchip\xc8\v2.40\pic\sources\c99\common\awmod.c
		___awmod       		CODE           	1318	0000	176

C:\Program Files\Microchip\xc8\v2.40\pic\sources\c99\common\awmod.c estimated size: 176

main.c
		_loop          		CODE           	1264	0000	180
		_status_loop   		CODE           	0A1A	0000	518
		_status_init   		CODE           	15D8	0000	86
		_init          		CODE           	16A0	0000	6
		_main          		CODE           	1670	0000	48
		_update_pwm    		CODE           	0C20	0000	482
		_read_analog   		CODE           	14F4	0000	124
		_buttons_loop  		CODE           	0012	0000	2568
		_buttons_init  		CODE           	0F8A	0000	296
		_init_vars     		CODE           	1570	0000	104
		_enc           		CODE           	0008	0000	148
		_config_micro  		CODE           	10B2	0000	238

main.c estimated size: 4798

C:\Program Files\Microchip\xc8\v2.40\pic\sources\c99\common\aodiv.c
		___aodiv       		CODE           	0E02	0000	392

C:\Program Files\Microchip\xc8\v2.40\pic\sources\c99\common\aodiv.c estimated size: 392

